NxpNci.c:31:13:NxpNci_CheckDevPres	24	static
NxpNci.c:67:13:NxpNci_WaitForReception	32	static
NxpNci.c:76:13:NxpNci_HostTransceive	32	static
NxpNci.c:88:13:NxpNci_FillInterfaceInfo	32	static
NxpNci.c:151:6:NxpNci_ProcessCardMode	552	static
NxpNci.c:199:6:NxpNci_CardModeReceive	288	static
NxpNci.c:218:6:NxpNci_CardModeSend	568	static
NxpNci.c:238:6:NxpNci_ProcessP2pMode	568	static
NxpNci.c:320:6:NxpNci_ReaderTagCmd	576	static
NxpNci.c:349:13:NxpNci_ReadNdef	816	static
NxpNci.c:397:13:NxpNci_WriteNdef	560	static
NxpNci.c:428:13:NxpNci_PresenceCheck	352	static
NxpNci.c:509:6:NxpNci_ProcessReaderMode	40	static
NxpNci.c:537:6:NxpNci_ReaderActivateNext	312	static
NxpNci.c:582:6:NxpNci_ReaderReActivate	320	static
NxpNci.c:603:6:NxpNci_Connect	288	static
NxpNci.c:635:6:NxpNci_GetFwVersion	16	static
NxpNci.c:642:6:NxpNci_Disconnect	8	static
NxpNci.c:650:6:NxpNci_ConfigureSettings	352	static
NxpNci.c:777:6:NxpNci_ConfigureMode	656	static
NxpNci.c:909:6:NxpNci_ConfigureParams	296	static
NxpNci.c:920:6:NxpNci_StartDiscovery	296	static
NxpNci.c:943:6:NxpNci_StopDiscovery	296	static
NxpNci.c:955:6:NxpNci_WaitForDiscoveryNotification	328	static
