Archive member included to satisfy reference by file (symbol)

c:/nxp/mcuxpressoide_11.2.0_4095_prc2/ide/plugins/com.nxp.mcuxpresso.tools.win32_11.2.0.202001021529/tools/bin/../lib/gcc/arm-none-eabi/9.2.1/../../../../arm-none-eabi/lib/thumb/v7e-m+fp/hard\libcr_nohost_nf.a(_cr__main.o)
                              ./startup/startup_mk64f12.o (__main)
c:/nxp/mcuxpressoide_11.2.0_4095_prc2/ide/plugins/com.nxp.mcuxpresso.tools.win32_11.2.0.202001021529/tools/bin/../lib/gcc/arm-none-eabi/9.2.1/../../../../arm-none-eabi/lib/thumb/v7e-m+fp/hard\libcr_c.a(memcpy.o)
                              ./drivers/fsl_flash.o (memcpy)
c:/nxp/mcuxpressoide_11.2.0_4095_prc2/ide/plugins/com.nxp.mcuxpresso.tools.win32_11.2.0.202001021529/tools/bin/../lib/gcc/arm-none-eabi/9.2.1/../../../../arm-none-eabi/lib/thumb/v7e-m+fp/hard\libcr_c.a(memset.o)
                              ./drivers/fsl_edma.o (memset)
c:/nxp/mcuxpressoide_11.2.0_4095_prc2/ide/plugins/com.nxp.mcuxpresso.tools.win32_11.2.0.202001021529/tools/bin/../lib/gcc/arm-none-eabi/9.2.1/../../../../arm-none-eabi/lib/thumb/v7e-m+fp/hard\libcr_c.a(initio.o)
                              c:/nxp/mcuxpressoide_11.2.0_4095_prc2/ide/plugins/com.nxp.mcuxpresso.tools.win32_11.2.0.202001021529/tools/bin/../lib/gcc/arm-none-eabi/9.2.1/../../../../arm-none-eabi/lib/thumb/v7e-m+fp/hard\libcr_nohost_nf.a(_cr__main.o) (_initio)
c:/nxp/mcuxpressoide_11.2.0_4095_prc2/ide/plugins/com.nxp.mcuxpresso.tools.win32_11.2.0.202001021529/tools/bin/../lib/gcc/arm-none-eabi/9.2.1/../../../../arm-none-eabi/lib/thumb/v7e-m+fp/hard\libcr_c.a(setvbuf.o)
                              c:/nxp/mcuxpressoide_11.2.0_4095_prc2/ide/plugins/com.nxp.mcuxpresso.tools.win32_11.2.0.202001021529/tools/bin/../lib/gcc/arm-none-eabi/9.2.1/../../../../arm-none-eabi/lib/thumb/v7e-m+fp/hard\libcr_c.a(initio.o) (setvbuf)
c:/nxp/mcuxpressoide_11.2.0_4095_prc2/ide/plugins/com.nxp.mcuxpresso.tools.win32_11.2.0.202001021529/tools/bin/../lib/gcc/arm-none-eabi/9.2.1/../../../../arm-none-eabi/lib/thumb/v7e-m+fp/hard\libcr_c.a(strlen.o)
                              ./utilities/fsl_debug_console.o (strlen)
c:/nxp/mcuxpressoide_11.2.0_4095_prc2/ide/plugins/com.nxp.mcuxpresso.tools.win32_11.2.0.202001021529/tools/bin/../lib/gcc/arm-none-eabi/9.2.1/../../../../arm-none-eabi/lib/thumb/v7e-m+fp/hard\libcr_c.a(_fdopen.o)
                              c:/nxp/mcuxpressoide_11.2.0_4095_prc2/ide/plugins/com.nxp.mcuxpresso.tools.win32_11.2.0.202001021529/tools/bin/../lib/gcc/arm-none-eabi/9.2.1/../../../../arm-none-eabi/lib/thumb/v7e-m+fp/hard\libcr_c.a(initio.o) (_fdopen)
c:/nxp/mcuxpressoide_11.2.0_4095_prc2/ide/plugins/com.nxp.mcuxpresso.tools.win32_11.2.0.202001021529/tools/bin/../lib/gcc/arm-none-eabi/9.2.1/../../../../arm-none-eabi/lib/thumb/v7e-m+fp/hard\libcr_c.a(fclose.o)
                              c:/nxp/mcuxpressoide_11.2.0_4095_prc2/ide/plugins/com.nxp.mcuxpresso.tools.win32_11.2.0.202001021529/tools/bin/../lib/gcc/arm-none-eabi/9.2.1/../../../../arm-none-eabi/lib/thumb/v7e-m+fp/hard\libcr_c.a(initio.o) (fclose)
c:/nxp/mcuxpressoide_11.2.0_4095_prc2/ide/plugins/com.nxp.mcuxpresso.tools.win32_11.2.0.202001021529/tools/bin/../lib/gcc/arm-none-eabi/9.2.1/../../../../arm-none-eabi/lib/thumb/v7e-m+fp/hard\libcr_c.a(fflush.o)
                              c:/nxp/mcuxpressoide_11.2.0_4095_prc2/ide/plugins/com.nxp.mcuxpresso.tools.win32_11.2.0.202001021529/tools/bin/../lib/gcc/arm-none-eabi/9.2.1/../../../../arm-none-eabi/lib/thumb/v7e-m+fp/hard\libcr_c.a(fclose.o) (fflush)
c:/nxp/mcuxpressoide_11.2.0_4095_prc2/ide/plugins/com.nxp.mcuxpresso.tools.win32_11.2.0.202001021529/tools/bin/../lib/gcc/arm-none-eabi/9.2.1/../../../../arm-none-eabi/lib/thumb/v7e-m+fp/hard\libcr_c.a(fseek.o)
                              c:/nxp/mcuxpressoide_11.2.0_4095_prc2/ide/plugins/com.nxp.mcuxpresso.tools.win32_11.2.0.202001021529/tools/bin/../lib/gcc/arm-none-eabi/9.2.1/../../../../arm-none-eabi/lib/thumb/v7e-m+fp/hard\libcr_c.a(_fdopen.o) (fseek)
c:/nxp/mcuxpressoide_11.2.0_4095_prc2/ide/plugins/com.nxp.mcuxpresso.tools.win32_11.2.0.202001021529/tools/bin/../lib/gcc/arm-none-eabi/9.2.1/../../../../arm-none-eabi/lib/thumb/v7e-m+fp/hard\libcr_c.a(ftell.o)
                              c:/nxp/mcuxpressoide_11.2.0_4095_prc2/ide/plugins/com.nxp.mcuxpresso.tools.win32_11.2.0.202001021529/tools/bin/../lib/gcc/arm-none-eabi/9.2.1/../../../../arm-none-eabi/lib/thumb/v7e-m+fp/hard\libcr_c.a(fseek.o) (ftell)
c:/nxp/mcuxpressoide_11.2.0_4095_prc2/ide/plugins/com.nxp.mcuxpresso.tools.win32_11.2.0.202001021529/tools/bin/../lib/gcc/arm-none-eabi/9.2.1/../../../../arm-none-eabi/lib/thumb/v7e-m+fp/hard\libcr_c.a(remove.o)
                              c:/nxp/mcuxpressoide_11.2.0_4095_prc2/ide/plugins/com.nxp.mcuxpresso.tools.win32_11.2.0.202001021529/tools/bin/../lib/gcc/arm-none-eabi/9.2.1/../../../../arm-none-eabi/lib/thumb/v7e-m+fp/hard\libcr_c.a(fclose.o) (remove)
[...]
Memory Configuration

Name             Origin             Length             Attributes
PROGRAM_FLASH    0x00000000         0x00100000         xr
SRAM_UPPER       0x20000000         0x00030000         xrw
SRAM_LOWER       0x1fff0000         0x00010000         xrw
FLEX_RAM         0x14000000         0x00001000         xrw
*default*        0x00000000         0xffffffff

Linker script and memory map

LOAD ./utilities/fsl_debug_console.o
LOAD ./startup/startup_mk64f12.o
LOAD ./source/K64F_ADC_DMA_Demo.o
LOAD ./frdmk64f/board.o
LOAD ./frdmk64f/clock_config.o
LOAD ./frdmk64f/pin_mux.o
LOAD ./drivers/fsl_adc16.o
LOAD ./drivers/fsl_clock.o
LOAD ./drivers/fsl_common.o
LOAD ./drivers/fsl_dmamux.o
LOAD ./drivers/fsl_edma.o
LOAD ./drivers/fsl_flash.o
LOAD ./drivers/fsl_gpio.o
LOAD ./drivers/fsl_lptmr.o
LOAD ./drivers/fsl_sim.o
LOAD ./drivers/fsl_smc.o
LOAD ./drivers/fsl_uart.o
LOAD ./drivers/fsl_uart_edma.o
LOAD ./CMSIS/system_MK64F12.o
START GROUP
LOAD c:/nxp/mcuxpressoide_11.2.0_4095_prc2/ide/plugins/com.nxp.mcuxpresso.tools.win32_11.2.0.202001021529/tools/bin/../lib/gcc/arm-none-eabi/9.2.1/../../../../arm-none-eabi/lib/thumb/v7e-m+fp/hard\libcr_nohost_nf.a
LOAD c:/nxp/mcuxpressoide_11.2.0_4095_prc2/ide/plugins/com.nxp.mcuxpresso.tools.win32_11.2.0.202001021529/tools/bin/../lib/gcc/arm-none-eabi/9.2.1/../../../../arm-none-eabi/lib/thumb/v7e-m+fp/hard\libcr_c.a
LOAD c:/nxp/mcuxpressoide_11.2.0_4095_prc2/ide/plugins/com.nxp.mcuxpresso.tools.win32_11.2.0.202001021529/tools/bin/../lib/gcc/arm-none-eabi/9.2.1/thumb/v7e-m+fp/hard\libcr_eabihelpers.a
LOAD c:/nxp/mcuxpressoide_11.2.0_4095_prc2/ide/plugins/com.nxp.mcuxpresso.tools.win32_11.2.0.202001021529/tools/bin/../lib/gcc/arm-none-eabi/9.2.1/thumb/v7e-m+fp/hard\libgcc.a
END GROUP
                0x00000000                __base_PROGRAM_FLASH = 0x0
                0x00000000                __base_Flash = 0x0
                0x00100000                __top_PROGRAM_FLASH = 0x100000
                0x00100000                __top_Flash = 0x100000
                0x20000000                __base_SRAM_UPPER = 0x20000000
                0x20000000                __base_RAM = 0x20000000
                0x20030000                __top_SRAM_UPPER = 0x20030000
                0x20030000                __top_RAM = 0x20030000
                0x1fff0000                __base_SRAM_LOWER = 0x1fff0000
                0x1fff0000                __base_RAM2 = 0x1fff0000
                0x20000000                __top_SRAM_LOWER = 0x20000000
                0x20000000                __top_RAM2 = 0x20000000
                0x14000000                __base_FLEX_RAM = 0x14000000
                0x14000000                __base_RAM3 = 0x14000000
                0x14001000                __top_FLEX_RAM = 0x14001000
                0x14001000                __top_RAM3 = 0x14001000

.text           0x00000000     0x4e48
 FILL mask 0xff
                0x00000000                __vectors_start__ = ABSOLUTE (.)
 *(.isr_vector)
 .isr_vector    0x00000000      0x198 ./startup/startup_mk64f12.o
                0x00000000                g_pfnVectors
                0x00000000                __Vectors
                0x00000198                . = ALIGN (0x4)
                0x00000198                __section_table_start = .
                0x00000198                __data_section_table = .
                0x00000198        0x4 LONG 0x4e48 LOADADDR (.data)
                0x0000019c        0x4 LONG 0x20000000 ADDR (.data)
                0x000001a0        0x4 LONG 0x10 SIZEOF (.data)
                0x000001a4        0x4 LONG 0x4e48 LOADADDR (.data_RAM2)
                0x000001a8        0x4 LONG 0x1fff0000 ADDR (.data_RAM2)
                0x000001ac        0x4 LONG 0x0 SIZEOF (.data_RAM2)
                0x000001b0        0x4 LONG 0x4e48 LOADADDR (.data_RAM3)
                0x000001b4        0x4 LONG 0x14000000 ADDR (.data_RAM3)
                0x000001b8        0x4 LONG 0x0 SIZEOF (.data_RAM3)
                0x000001bc                __data_section_table_end = .
                0x000001bc                __bss_section_table = .
                0x000001bc        0x4 LONG 0x20000010 ADDR (.bss)
                0x000001c0        0x4 LONG 0x180 SIZEOF (.bss)
                0x000001c4        0x4 LONG 0x1fff0000 ADDR (.bss_RAM2)
                0x000001c8        0x4 LONG 0x0 SIZEOF (.bss_RAM2)
                0x000001cc        0x4 LONG 0x14000000 ADDR (.bss_RAM3)
                0x000001d0        0x4 LONG 0x0 SIZEOF (.bss_RAM3)
                0x000001d4                __bss_section_table_end = .
                0x000001d4                __section_table_end = .
 *(.after_vectors*)
 .after_vectors.init_data
                0x000001d4       0x1e ./startup/startup_mk64f12.o
                0x000001d4                data_init
 .after_vectors.init_bss
                0x000001f2       0x12 ./startup/startup_mk64f12.o
                0x000001f2                bss_init
 .after_vectors.reset
                0x00000204       0x4c ./startup/startup_mk64f12.o
                0x00000204                ResetISR
 .after_vectors
                0x00000250       0x14 ./startup/startup_mk64f12.o
                0x00000250                NMI_Handler
                0x00000252                HardFault_Handler
                0x00000254                MemManage_Handler
                0x00000256                BusFault_Handler
                0x00000258                UsageFault_Handler
                0x0000025a                SVC_Handler
                0x0000025c                DebugMon_Handler
                0x0000025e                PendSV_Handler
                0x00000260                SysTick_Handler
                0x00000262                FTM1_DriverIRQHandler
                0x00000262                FTM2_DriverIRQHandler
                0x00000262                PIT2_DriverIRQHandler
                0x00000262                SDHC_DriverIRQHandler
                0x00000262                I2S0_Tx_DriverIRQHandler
                0x00000262                RTC_Seconds_DriverIRQHandler
                0x00000262                LLWU_DriverIRQHandler
                0x00000262                MCM_DriverIRQHandler
                0x00000262                MCG_DriverIRQHandler
                0x00000262                ENET_1588_Timer_DriverIRQHandler
                0x00000262                I2C2_DriverIRQHandler
                0x00000262                DAC1_DriverIRQHandler
                0x00000262                DMA_Error_DriverIRQHandler
                0x00000262                CMP1_DriverIRQHandler
                0x00000262                FTM0_DriverIRQHandler
                0x00000262                IntDefaultHandler
                0x00000262                USB0_DriverIRQHandler
                0x00000262                UART5_ERR_DriverIRQHandler
                0x00000262                PORTC_DriverIRQHandler
                0x00000262                DAC0_DriverIRQHandler
                0x00000262                CMP2_DriverIRQHandler
                0x00000262                UART2_ERR_DriverIRQHandler
                0x00000262                LPTMR0_DriverIRQHandler
                0x00000262                LVD_LVW_DriverIRQHandler
                0x00000262                PIT0_DriverIRQHandler
                0x00000262                RNG_DriverIRQHandler
                0x00000262                USBDCD_DriverIRQHandler
                0x00000262                UART3_ERR_DriverIRQHandler
                0x00000262                UART0_ERR_DriverIRQHandler
                0x00000262                CMT_DriverIRQHandler
                0x00000262                Reserved71_DriverIRQHandler
                0x00000262                ADC1_DriverIRQHandler
                0x00000262                PORTA_DriverIRQHandler
                0x00000262                PIT3_DriverIRQHandler
                0x00000262                PIT1_DriverIRQHandler
                0x00000262                WDOG_EWM_DriverIRQHandler
                0x00000262                PDB0_DriverIRQHandler
                0x00000262                RTC_DriverIRQHandler
                0x00000262                I2S0_Rx_DriverIRQHandler
                0x00000262                Read_Collision_DriverIRQHandler
                0x00000262                SWI_DriverIRQHandler
                0x00000262                UART4_ERR_DriverIRQHandler
                0x00000262                SPI1_DriverIRQHandler
                0x00000262                UART0_LON_DriverIRQHandler
                0x00000262                PORTB_DriverIRQHandler
                0x00000262                I2C1_DriverIRQHandler
                0x00000262                ENET_Receive_DriverIRQHandler
                0x00000262                ENET_Error_DriverIRQHandler
                0x00000262                SPI0_DriverIRQHandler
                0x00000262                ADC0_DriverIRQHandler
                0x00000262                CMP0_DriverIRQHandler
                0x00000262                CAN0_DriverIRQHandler
                0x00000262                FTM3_DriverIRQHandler
                0x00000262                SPI2_DriverIRQHandler
                0x00000262                UART1_ERR_DriverIRQHandler
                0x00000262                ENET_Transmit_DriverIRQHandler
                0x00000262                PORTD_DriverIRQHandler
                0x00000262                PORTE_DriverIRQHandler
                0x00000262                FTFE_DriverIRQHandler
                0x00000262                I2C0_DriverIRQHandler
                0x00000400                . = 0x400
 *fill*         0x00000264      0x19c ff
                0x00000400                PROVIDE (__FLASH_CONFIG_START__ = .)
 *(.FlashConfig)
 .FlashConfig   0x00000400       0x10 ./startup/startup_mk64f12.o
                0x00000400                Flash_Config
                0x00000410                PROVIDE (__FLASH_CONFIG_END__ = .)
                0x00000001                ASSERT (! ((__FLASH_CONFIG_START__ == __FLASH_CONFIG_END__)), Linker Flash Config Support Enabled, but no .FlashConfig section provided within application)
 *(.text*)
 .text.UART_EnableTx
                0x00000410       0x40 ./utilities/fsl_debug_console.o
 .text.UART_EnableRx
                0x00000450       0x40 ./utilities/fsl_debug_console.o
 .text.DbgConsole_Init
                0x00000490       0x90 ./utilities/fsl_debug_console.o
                0x00000490                DbgConsole_Init
 .text.DbgConsole_Printf
                0x00000520       0x40 ./utilities/fsl_debug_console.o
                0x00000520                DbgConsole_Printf
 .text.DbgConsole_Putchar
                0x00000560       0x34 ./utilities/fsl_debug_console.o
                0x00000560                DbgConsole_Putchar
 .text.DbgConsole_PrintfPaddingCharacter
                0x00000594       0x40 ./utilities/fsl_debug_console.o
 .text.DbgConsole_ConvertRadixNumToString
                0x000005d4      0x114 ./utilities/fsl_debug_console.o
 .text.DbgConsole_PrintfFormattedData
                0x000006e8      0x358 ./utilities/fsl_debug_console.o
 .text.DMA0_IRQHandler
                0x00000a40        0x8 ./startup/startup_mk64f12.o
                0x00000a40                DMA0_IRQHandler
 .text.DMA1_IRQHandler
                0x00000a48        0x8 ./startup/startup_mk64f12.o
                0x00000a48                DMA1_IRQHandler
 .text.DMA2_IRQHandler
                0x00000a50        0x8 ./startup/startup_mk64f12.o
                0x00000a50                DMA2_IRQHandler
 .text.DMA3_IRQHandler
                0x00000a58        0x8 ./startup/startup_mk64f12.o
                0x00000a58                DMA3_IRQHandler
 .text.DMA4_IRQHandler
                0x00000a60        0x8 ./startup/startup_mk64f12.o
                0x00000a60                DMA4_IRQHandler
 .text.DMA5_IRQHandler
                0x00000a68        0x8 ./startup/startup_mk64f12.o
                0x00000a68                DMA5_IRQHandler
 .text.DMA6_IRQHandler
                0x00000a70        0x8 ./startup/startup_mk64f12.o
                0x00000a70                DMA6_IRQHandler
 .text.DMA7_IRQHandler
                0x00000a78        0x8 ./startup/startup_mk64f12.o
                0x00000a78                DMA7_IRQHandler
 .text.DMA8_IRQHandler
                0x00000a80        0x8 ./startup/startup_mk64f12.o
                0x00000a80                DMA8_IRQHandler
 .text.DMA9_IRQHandler
                0x00000a88        0x8 ./startup/startup_mk64f12.o
                0x00000a88                DMA9_IRQHandler
 .text.DMA10_IRQHandler
                0x00000a90        0x8 ./startup/startup_mk64f12.o
                0x00000a90                DMA10_IRQHandler
 .text.DMA11_IRQHandler
                0x00000a98        0x8 ./startup/startup_mk64f12.o
                0x00000a98                DMA11_IRQHandler
 .text.DMA12_IRQHandler
                0x00000aa0        0x8 ./startup/startup_mk64f12.o
                0x00000aa0                DMA12_IRQHandler
 .text.DMA13_IRQHandler
                0x00000aa8        0x8 ./startup/startup_mk64f12.o
                0x00000aa8                DMA13_IRQHandler
 .text.DMA14_IRQHandler
                0x00000ab0        0x8 ./startup/startup_mk64f12.o
                0x00000ab0                DMA14_IRQHandler
 .text.DMA15_IRQHandler
                0x00000ab8        0x8 ./startup/startup_mk64f12.o
                0x00000ab8                DMA15_IRQHandler
 .text.DMA_Error_IRQHandler
                0x00000ac0        0x8 ./startup/startup_mk64f12.o
                0x00000ac0                DMA_Error_IRQHandler
 .text.MCM_IRQHandler
                0x00000ac8        0x8 ./startup/startup_mk64f12.o
                0x00000ac8                MCM_IRQHandler
 .text.FTFE_IRQHandler
                0x00000ad0        0x8 ./startup/startup_mk64f12.o
                0x00000ad0                FTFE_IRQHandler
 .text.Read_Collision_IRQHandler
                0x00000ad8        0x8 ./startup/startup_mk64f12.o
                0x00000ad8                Read_Collision_IRQHandler
 .text.LVD_LVW_IRQHandler
                0x00000ae0        0x8 ./startup/startup_mk64f12.o
                0x00000ae0                LVD_LVW_IRQHandler
 .text.LLWU_IRQHandler
                0x00000ae8        0x8 ./startup/startup_mk64f12.o
                0x00000ae8                LLWU_IRQHandler
 .text.WDOG_EWM_IRQHandler
                0x00000af0        0x8 ./startup/startup_mk64f12.o
                0x00000af0                WDOG_EWM_IRQHandler
 .text.RNG_IRQHandler
                0x00000af8        0x8 ./startup/startup_mk64f12.o
                0x00000af8                RNG_IRQHandler
 .text.I2C0_IRQHandler
                0x00000b00        0x8 ./startup/startup_mk64f12.o
                0x00000b00                I2C0_IRQHandler
 .text.I2C1_IRQHandler
                0x00000b08        0x8 ./startup/startup_mk64f12.o
                0x00000b08                I2C1_IRQHandler
 .text.SPI0_IRQHandler
                0x00000b10        0x8 ./startup/startup_mk64f12.o
                0x00000b10                SPI0_IRQHandler
 .text.SPI1_IRQHandler
                0x00000b18        0x8 ./startup/startup_mk64f12.o
                0x00000b18                SPI1_IRQHandler
 .text.I2S0_Tx_IRQHandler
                0x00000b20        0x8 ./startup/startup_mk64f12.o
                0x00000b20                I2S0_Tx_IRQHandler
 .text.I2S0_Rx_IRQHandler
                0x00000b28        0x8 ./startup/startup_mk64f12.o
                0x00000b28                I2S0_Rx_IRQHandler
 .text.UART0_LON_IRQHandler
                0x00000b30        0x8 ./startup/startup_mk64f12.o
                0x00000b30                UART0_LON_IRQHandler
 .text.UART0_RX_TX_IRQHandler
                0x00000b38        0x8 ./startup/startup_mk64f12.o
                0x00000b38                UART0_RX_TX_IRQHandler
 .text.UART0_ERR_IRQHandler
                0x00000b40        0x8 ./startup/startup_mk64f12.o
                0x00000b40                UART0_ERR_IRQHandler
 .text.UART1_RX_TX_IRQHandler
                0x00000b48        0x8 ./startup/startup_mk64f12.o
                0x00000b48                UART1_RX_TX_IRQHandler
 .text.UART1_ERR_IRQHandler
                0x00000b50        0x8 ./startup/startup_mk64f12.o
                0x00000b50                UART1_ERR_IRQHandler
 .text.UART2_RX_TX_IRQHandler
                0x00000b58        0x8 ./startup/startup_mk64f12.o
                0x00000b58                UART2_RX_TX_IRQHandler
 .text.UART2_ERR_IRQHandler
                0x00000b60        0x8 ./startup/startup_mk64f12.o
                0x00000b60                UART2_ERR_IRQHandler
 .text.UART3_RX_TX_IRQHandler
                0x00000b68        0x8 ./startup/startup_mk64f12.o
                0x00000b68                UART3_RX_TX_IRQHandler
 .text.UART3_ERR_IRQHandler
                0x00000b70        0x8 ./startup/startup_mk64f12.o
                0x00000b70                UART3_ERR_IRQHandler
 .text.CMP0_IRQHandler
                0x00000b78        0x8 ./startup/startup_mk64f12.o
                0x00000b78                CMP0_IRQHandler
 .text.CMP1_IRQHandler
                0x00000b80        0x8 ./startup/startup_mk64f12.o
                0x00000b80                CMP1_IRQHandler
 .text.FTM0_IRQHandler
                0x00000b88        0x8 ./startup/startup_mk64f12.o
                0x00000b88                FTM0_IRQHandler
 .text.FTM1_IRQHandler
                0x00000b90        0x8 ./startup/startup_mk64f12.o
                0x00000b90                FTM1_IRQHandler
 .text.FTM2_IRQHandler
                0x00000b98        0x8 ./startup/startup_mk64f12.o
                0x00000b98                FTM2_IRQHandler
 .text.CMT_IRQHandler
                0x00000ba0        0x8 ./startup/startup_mk64f12.o
                0x00000ba0                CMT_IRQHandler
 .text.RTC_IRQHandler
                0x00000ba8        0x8 ./startup/startup_mk64f12.o
                0x00000ba8                RTC_IRQHandler
 .text.RTC_Seconds_IRQHandler
                0x00000bb0        0x8 ./startup/startup_mk64f12.o
                0x00000bb0                RTC_Seconds_IRQHandler
 .text.PIT0_IRQHandler
                0x00000bb8        0x8 ./startup/startup_mk64f12.o
                0x00000bb8                PIT0_IRQHandler
 .text.PIT1_IRQHandler
                0x00000bc0        0x8 ./startup/startup_mk64f12.o
                0x00000bc0                PIT1_IRQHandler
 .text.PIT2_IRQHandler
                0x00000bc8        0x8 ./startup/startup_mk64f12.o
                0x00000bc8                PIT2_IRQHandler
 .text.PIT3_IRQHandler
                0x00000bd0        0x8 ./startup/startup_mk64f12.o
                0x00000bd0                PIT3_IRQHandler
 .text.PDB0_IRQHandler
                0x00000bd8        0x8 ./startup/startup_mk64f12.o
                0x00000bd8                PDB0_IRQHandler
 .text.USB0_IRQHandler
                0x00000be0        0x8 ./startup/startup_mk64f12.o
                0x00000be0                USB0_IRQHandler
 .text.USBDCD_IRQHandler
                0x00000be8        0x8 ./startup/startup_mk64f12.o
                0x00000be8                USBDCD_IRQHandler
 .text.Reserved71_IRQHandler
                0x00000bf0        0x8 ./startup/startup_mk64f12.o
                0x00000bf0                Reserved71_IRQHandler
 .text.DAC0_IRQHandler
                0x00000bf8        0x8 ./startup/startup_mk64f12.o
                0x00000bf8                DAC0_IRQHandler
 .text.MCG_IRQHandler
                0x00000c00        0x8 ./startup/startup_mk64f12.o
                0x00000c00                MCG_IRQHandler
 .text.LPTMR0_IRQHandler
                0x00000c08        0x8 ./startup/startup_mk64f12.o
                0x00000c08                LPTMR0_IRQHandler
 .text.PORTA_IRQHandler
                0x00000c10        0x8 ./startup/startup_mk64f12.o
                0x00000c10                PORTA_IRQHandler
 .text.PORTB_IRQHandler
                0x00000c18        0x8 ./startup/startup_mk64f12.o
                0x00000c18                PORTB_IRQHandler
 .text.PORTC_IRQHandler
                0x00000c20        0x8 ./startup/startup_mk64f12.o
                0x00000c20                PORTC_IRQHandler
 .text.PORTD_IRQHandler
                0x00000c28        0x8 ./startup/startup_mk64f12.o
                0x00000c28                PORTD_IRQHandler
 .text.PORTE_IRQHandler
                0x00000c30        0x8 ./startup/startup_mk64f12.o
                0x00000c30                PORTE_IRQHandler
 .text.SWI_IRQHandler
                0x00000c38        0x8 ./startup/startup_mk64f12.o
                0x00000c38                SWI_IRQHandler
 .text.SPI2_IRQHandler
                0x00000c40        0x8 ./startup/startup_mk64f12.o
                0x00000c40                SPI2_IRQHandler
 .text.UART4_RX_TX_IRQHandler
                0x00000c48        0x8 ./startup/startup_mk64f12.o
                0x00000c48                UART4_RX_TX_IRQHandler
 .text.UART4_ERR_IRQHandler
                0x00000c50        0x8 ./startup/startup_mk64f12.o
                0x00000c50                UART4_ERR_IRQHandler
 .text.UART5_RX_TX_IRQHandler
                0x00000c58        0x8 ./startup/startup_mk64f12.o
                0x00000c58                UART5_RX_TX_IRQHandler
 .text.UART5_ERR_IRQHandler
                0x00000c60        0x8 ./startup/startup_mk64f12.o
                0x00000c60                UART5_ERR_IRQHandler
 .text.CMP2_IRQHandler
                0x00000c68        0x8 ./startup/startup_mk64f12.o
                0x00000c68                CMP2_IRQHandler
 .text.FTM3_IRQHandler
                0x00000c70        0x8 ./startup/startup_mk64f12.o
                0x00000c70                FTM3_IRQHandler
 .text.DAC1_IRQHandler
                0x00000c78        0x8 ./startup/startup_mk64f12.o
                0x00000c78                DAC1_IRQHandler
 .text.ADC1_IRQHandler
                0x00000c80        0x8 ./startup/startup_mk64f12.o
                0x00000c80                ADC1_IRQHandler
 .text.I2C2_IRQHandler
                0x00000c88        0x8 ./startup/startup_mk64f12.o
                0x00000c88                I2C2_IRQHandler
 .text.CAN0_ORed_Message_buffer_IRQHandler
                0x00000c90        0x8 ./startup/startup_mk64f12.o
                0x00000c90                CAN0_ORed_Message_buffer_IRQHandler
 .text.CAN0_Bus_Off_IRQHandler
                0x00000c98        0x8 ./startup/startup_mk64f12.o
                0x00000c98                CAN0_Bus_Off_IRQHandler
 .text.CAN0_Error_IRQHandler
                0x00000ca0        0x8 ./startup/startup_mk64f12.o
                0x00000ca0                CAN0_Error_IRQHandler
 .text.CAN0_Tx_Warning_IRQHandler
                0x00000ca8        0x8 ./startup/startup_mk64f12.o
                0x00000ca8                CAN0_Tx_Warning_IRQHandler
 .text.CAN0_Rx_Warning_IRQHandler
                0x00000cb0        0x8 ./startup/startup_mk64f12.o
                0x00000cb0                CAN0_Rx_Warning_IRQHandler
 .text.CAN0_Wake_Up_IRQHandler
                0x00000cb8        0x8 ./startup/startup_mk64f12.o
                0x00000cb8                CAN0_Wake_Up_IRQHandler
 .text.SDHC_IRQHandler
                0x00000cc0        0x8 ./startup/startup_mk64f12.o
                0x00000cc0                SDHC_IRQHandler
 .text.ENET_1588_Timer_IRQHandler
                0x00000cc8        0x8 ./startup/startup_mk64f12.o
                0x00000cc8                ENET_1588_Timer_IRQHandler
 .text.ENET_Transmit_IRQHandler
                0x00000cd0        0x8 ./startup/startup_mk64f12.o
                0x00000cd0                ENET_Transmit_IRQHandler
 .text.ENET_Receive_IRQHandler
                0x00000cd8        0x8 ./startup/startup_mk64f12.o
                0x00000cd8                ENET_Receive_IRQHandler
 .text.ENET_Error_IRQHandler
                0x00000ce0        0x8 ./startup/startup_mk64f12.o
                0x00000ce0                ENET_Error_IRQHandler
 .text.NVIC_EnableIRQ
                0x00000ce8       0x34 ./source/K64F_ADC_DMA_Demo.o
 .text.EnableIRQ
                0x00000d1c       0x28 ./source/K64F_ADC_DMA_Demo.o
 .text.ADC16_EnableDMA
                0x00000d44       0x38 ./source/K64F_ADC_DMA_Demo.o
 .text.ADC16_EnableHardwareTrigger
                0x00000d7c       0x38 ./source/K64F_ADC_DMA_Demo.o
 .text.LPTMR_SetTimerPeriod
                0x00000db4       0x2c ./source/K64F_ADC_DMA_Demo.o
 .text.LPTMR_StartTimer
                0x00000de0       0x30 ./source/K64F_ADC_DMA_Demo.o
 .text.DMAMUX_EnableChannel
                0x00000e10       0x3c ./source/K64F_ADC_DMA_Demo.o
 .text.DMAMUX_SetSource
                0x00000e4c       0x4c ./source/K64F_ADC_DMA_Demo.o
 .text.ADC0_IRQHandler
                0x00000e98       0x18 ./source/K64F_ADC_DMA_Demo.o
                0x00000e98                ADC0_IRQHandler
 .text.EDMA_Callback_0
                0x00000eb0       0x2c ./source/K64F_ADC_DMA_Demo.o
                0x00000eb0                EDMA_Callback_0
 .text.EDMA_Callback_1
                0x00000edc       0x2c ./source/K64F_ADC_DMA_Demo.o
                0x00000edc                EDMA_Callback_1
 .text.main     0x00000f08      0x2fc ./source/K64F_ADC_DMA_Demo.o
                0x00000f08                main
 .text.BOARD_InitDebugConsole
                0x00001204       0x28 ./frdmk64f/board.o
                0x00001204                BOARD_InitDebugConsole
 .text.CLOCK_SetSimSafeDivs
                0x0000122c       0x20 ./frdmk64f/clock_config.o
 .text.CLOCK_SetXtal0Freq
                0x0000124c       0x20 ./frdmk64f/clock_config.o
 .text.BOARD_InitBootClocks
                0x0000126c        0xc ./frdmk64f/clock_config.o
                0x0000126c                BOARD_InitBootClocks
 .text.CLOCK_CONFIG_SetFllExtRefDiv
                0x00001278       0x3c ./frdmk64f/clock_config.o
 .text.BOARD_BootClockRUN
                0x000012b4       0x60 ./frdmk64f/clock_config.o
                0x000012b4                BOARD_BootClockRUN
 .text.CLOCK_EnableClock
                0x00001314       0x34 ./frdmk64f/pin_mux.o
 .text.PORT_SetPinMux
                0x00001348       0x3a ./frdmk64f/pin_mux.o
 .text.BOARD_InitBootPins
                0x00001382        0xc ./frdmk64f/pin_mux.o
                0x00001382                BOARD_InitBootPins
 *fill*         0x0000138e        0x2 ff
 .text.BOARD_InitPins
                0x00001390       0x48 ./frdmk64f/pin_mux.o
                0x00001390                BOARD_InitPins
 .text.CLOCK_EnableClock
                0x000013d8       0x34 ./drivers/fsl_adc16.o
 .text.ADC16_GetInstance
                0x0000140c       0x4c ./drivers/fsl_adc16.o
 .text.ADC16_Init
                0x00001458      0x10c ./drivers/fsl_adc16.o
                0x00001458                ADC16_Init
 .text.ADC16_GetDefaultConfig
                0x00001564       0x58 ./drivers/fsl_adc16.o
                0x00001564                ADC16_GetDefaultConfig
 .text.ADC16_DoAutoCalibration
                0x000015bc      0x10a ./drivers/fsl_adc16.o
                0x000015bc                ADC16_DoAutoCalibration
 .text.ADC16_GetStatusFlags
                0x000016c6       0x42 ./drivers/fsl_adc16.o
                0x000016c6                ADC16_GetStatusFlags
 .text.ADC16_SetChannelConfig
                0x00001708       0x68 ./drivers/fsl_adc16.o
                0x00001708                ADC16_SetChannelConfig
 .text.ADC16_GetChannelStatusFlags
                0x00001770       0x40 ./drivers/fsl_adc16.o
                0x00001770                ADC16_GetChannelStatusFlags
 .text.CLOCK_SetEr32kClock
                0x000017b0       0x30 ./drivers/fsl_clock.o
 .text.CLOCK_SetPllFllSelClock
                0x000017e0       0x3c ./drivers/fsl_clock.o
 .text.OSC_SetExtRefClkConfig
                0x0000181c       0x34 ./drivers/fsl_clock.o
 .text.OSC_SetCapLoad
                0x00001850       0x34 ./drivers/fsl_clock.o
 .text.CLOCK_GetMcgExtClkFreq
                0x00001884       0x7c ./drivers/fsl_clock.o
 .text.CLOCK_GetFllExtRefClkFreq
                0x00001900       0xbc ./drivers/fsl_clock.o
 .text.CLOCK_GetInternalRefClkSelectFreq
                0x000019bc       0x44 ./drivers/fsl_clock.o
 .text.CLOCK_GetFllRefClkFreq
                0x00001a00       0x2c ./drivers/fsl_clock.o
 .text.CLOCK_GetPll0RefFreq
                0x00001a2c        0xe ./drivers/fsl_clock.o
 *fill*         0x00001a3a        0x2 ff
 .text.CLOCK_GetOscRangeFromFreq
                0x00001a3c       0x3c ./drivers/fsl_clock.o
 .text.CLOCK_GetOsc0ErClkFreq
                0x00001a78       0x38 ./drivers/fsl_clock.o
                0x00001a78                CLOCK_GetOsc0ErClkFreq
 .text.CLOCK_GetEr32kClkFreq
                0x00001ab0       0x74 ./drivers/fsl_clock.o
                0x00001ab0                CLOCK_GetEr32kClkFreq
 .text.CLOCK_GetPllFllSelClkFreq
                0x00001b24       0x58 ./drivers/fsl_clock.o
                0x00001b24                CLOCK_GetPllFllSelClkFreq
 .text.CLOCK_GetCoreSysClkFreq
                0x00001b7c       0x28 ./drivers/fsl_clock.o
                0x00001b7c                CLOCK_GetCoreSysClkFreq
 .text.CLOCK_GetFreq
                0x00001ba4      0x148 ./drivers/fsl_clock.o
                0x00001ba4                CLOCK_GetFreq
 .text.CLOCK_SetSimConfig
                0x00001cec       0x38 ./drivers/fsl_clock.o
                0x00001cec                CLOCK_SetSimConfig
 .text.CLOCK_GetOutClkFreq
                0x00001d24       0x64 ./drivers/fsl_clock.o
                0x00001d24                CLOCK_GetOutClkFreq
 .text.CLOCK_GetFllFreq
                0x00001d88       0x7c ./drivers/fsl_clock.o
                0x00001d88                CLOCK_GetFllFreq
 .text.CLOCK_GetInternalRefClkFreq
                0x00001e04       0x24 ./drivers/fsl_clock.o
                0x00001e04                CLOCK_GetInternalRefClkFreq
 .text.CLOCK_GetFixedFreqClkFreq
                0x00001e28       0x2e ./drivers/fsl_clock.o
                0x00001e28                CLOCK_GetFixedFreqClkFreq
 *fill*         0x00001e56        0x2 ff
 .text.CLOCK_GetPll0Freq
                0x00001e58       0x68 ./drivers/fsl_clock.o
                0x00001e58                CLOCK_GetPll0Freq
 .text.CLOCK_SetExternalRefClkConfig
                0x00001ec0       0x70 ./drivers/fsl_clock.o
                0x00001ec0                CLOCK_SetExternalRefClkConfig
 .text.CLOCK_SetInternalRefClkConfig
                0x00001f30      0x104 ./drivers/fsl_clock.o
                0x00001f30                CLOCK_SetInternalRefClkConfig
 .text.CLOCK_EnablePll0
                0x00002034       0x88 ./drivers/fsl_clock.o
                0x00002034                CLOCK_EnablePll0
 .text.CLOCK_InitOsc0
                0x000020bc       0x8c ./drivers/fsl_clock.o
                0x000020bc                CLOCK_InitOsc0
 .text.CLOCK_SetPbeMode
                0x00002148       0xa8 ./drivers/fsl_clock.o
                0x00002148                CLOCK_SetPbeMode
 .text.CLOCK_BootToPeeMode
                0x000021f0       0x64 ./drivers/fsl_clock.o
                0x000021f0                CLOCK_BootToPeeMode
 .text.__assertion_failed
                0x00002254       0x18 ./drivers/fsl_common.o
                0x00002254                __assertion_failed
 .text.CLOCK_EnableClock
                0x0000226c       0x34 ./drivers/fsl_dmamux.o
 .text.DMAMUX_GetInstance
                0x000022a0       0x44 ./drivers/fsl_dmamux.o
 .text.DMAMUX_Init
                0x000022e4       0x24 ./drivers/fsl_dmamux.o
                0x000022e4                DMAMUX_Init
 .text.NVIC_EnableIRQ
                0x00002308       0x34 ./drivers/fsl_edma.o
 .text.CLOCK_EnableClock
                0x0000233c       0x34 ./drivers/fsl_edma.o
 .text.EnableIRQ
                0x00002370       0x28 ./drivers/fsl_edma.o
 .text.DisableGlobalIRQ
                0x00002398       0x22 ./drivers/fsl_edma.o
 .text.EnableGlobalIRQ
                0x000023ba       0x20 ./drivers/fsl_edma.o
 *fill*         0x000023da        0x2 ff
 .text.EDMA_GetInstance
                0x000023dc       0x44 ./drivers/fsl_edma.o
 .text.EDMA_InstallTCD
                0x00002420      0x148 ./drivers/fsl_edma.o
 .text.EDMA_Init
                0x00002568       0x80 ./drivers/fsl_edma.o
                0x00002568                EDMA_Init
 .text.EDMA_GetDefaultConfig
                0x000025e8       0x38 ./drivers/fsl_edma.o
                0x000025e8                EDMA_GetDefaultConfig
 .text.EDMA_SetTransferConfig
                0x00002620       0x60 ./drivers/fsl_edma.o
                0x00002620                EDMA_SetTransferConfig
 .text.EDMA_SetChannelLink
                0x00002680       0x4c ./drivers/fsl_edma.o
                0x00002680                EDMA_SetChannelLink
 .text.EDMA_TcdReset
                0x000026cc       0x78 ./drivers/fsl_edma.o
                0x000026cc                EDMA_TcdReset
 .text.EDMA_TcdSetTransferConfig
                0x00002744       0xe8 ./drivers/fsl_edma.o
                0x00002744                EDMA_TcdSetTransferConfig
 .text.EDMA_TcdSetChannelLink
                0x0000282c      0x134 ./drivers/fsl_edma.o
                0x0000282c                EDMA_TcdSetChannelLink
 .text.EDMA_CreateHandle
                0x00002960       0xd8 ./drivers/fsl_edma.o
                0x00002960                EDMA_CreateHandle
 .text.EDMA_SetCallback
                0x00002a38       0x30 ./drivers/fsl_edma.o
                0x00002a38                EDMA_SetCallback
 .text.EDMA_PrepareTransfer
                0x00002a68      0x28c ./drivers/fsl_edma.o
                0x00002a68                EDMA_PrepareTransfer
 .text.EDMA_SubmitTransfer
                0x00002cf4      0x2a8 ./drivers/fsl_edma.o
                0x00002cf4                EDMA_SubmitTransfer
 .text.EDMA_StartTransfer
                0x00002f9c       0xac ./drivers/fsl_edma.o
                0x00002f9c                EDMA_StartTransfer
 .text.EDMA_HandleIRQ
                0x00003048      0x144 ./drivers/fsl_edma.o
                0x00003048                EDMA_HandleIRQ
 .text.DMA0_DriverIRQHandler
                0x0000318c       0x18 ./drivers/fsl_edma.o
                0x0000318c                DMA0_DriverIRQHandler
 .text.DMA1_DriverIRQHandler
                0x000031a4       0x18 ./drivers/fsl_edma.o
                0x000031a4                DMA1_DriverIRQHandler
 .text.DMA2_DriverIRQHandler
                0x000031bc       0x18 ./drivers/fsl_edma.o
                0x000031bc                DMA2_DriverIRQHandler
 .text.DMA3_DriverIRQHandler
                0x000031d4       0x18 ./drivers/fsl_edma.o
                0x000031d4                DMA3_DriverIRQHandler
 .text.DMA4_DriverIRQHandler
                0x000031ec       0x18 ./drivers/fsl_edma.o
                0x000031ec                DMA4_DriverIRQHandler
 .text.DMA5_DriverIRQHandler
                0x00003204       0x18 ./drivers/fsl_edma.o
                0x00003204                DMA5_DriverIRQHandler
 .text.DMA6_DriverIRQHandler
                0x0000321c       0x18 ./drivers/fsl_edma.o
                0x0000321c                DMA6_DriverIRQHandler
 .text.DMA7_DriverIRQHandler
                0x00003234       0x18 ./drivers/fsl_edma.o
                0x00003234                DMA7_DriverIRQHandler
 .text.DMA8_DriverIRQHandler
                0x0000324c       0x18 ./drivers/fsl_edma.o
                0x0000324c                DMA8_DriverIRQHandler
 .text.DMA9_DriverIRQHandler
                0x00003264       0x18 ./drivers/fsl_edma.o
                0x00003264                DMA9_DriverIRQHandler
 .text.DMA10_DriverIRQHandler
                0x0000327c       0x18 ./drivers/fsl_edma.o
                0x0000327c                DMA10_DriverIRQHandler
 .text.DMA11_DriverIRQHandler
                0x00003294       0x18 ./drivers/fsl_edma.o
                0x00003294                DMA11_DriverIRQHandler
 .text.DMA12_DriverIRQHandler
                0x000032ac       0x18 ./drivers/fsl_edma.o
                0x000032ac                DMA12_DriverIRQHandler
 .text.DMA13_DriverIRQHandler
                0x000032c4       0x18 ./drivers/fsl_edma.o
                0x000032c4                DMA13_DriverIRQHandler
 .text.DMA14_DriverIRQHandler
                0x000032dc       0x18 ./drivers/fsl_edma.o
                0x000032dc                DMA14_DriverIRQHandler
 .text.DMA15_DriverIRQHandler
                0x000032f4       0x18 ./drivers/fsl_edma.o
                0x000032f4                DMA15_DriverIRQHandler
 .text.CLOCK_EnableClock
                0x0000330c       0x34 ./drivers/fsl_lptmr.o
 .text.LPTMR_GetInstance
                0x00003340       0x44 ./drivers/fsl_lptmr.o
 .text.LPTMR_Init
                0x00003384       0x8c ./drivers/fsl_lptmr.o
                0x00003384                LPTMR_Init
 .text.LPTMR_GetDefaultConfig
                0x00003410       0x4c ./drivers/fsl_lptmr.o
                0x00003410                LPTMR_GetDefaultConfig
 .text.CLOCK_EnableClock
                0x0000345c       0x34 ./drivers/fsl_uart.o
 .text.UART_GetInstance
                0x00003490       0x54 ./drivers/fsl_uart.o
                0x00003490                UART_GetInstance
 .text.UART_Init
                0x000034e4      0x2b0 ./drivers/fsl_uart.o
                0x000034e4                UART_Init
 .text.UART_GetDefaultConfig
                0x00003794       0x4c ./drivers/fsl_uart.o
                0x00003794                UART_GetDefaultConfig
 .text.UART_GetStatusFlags
                0x000037e0       0x46 ./drivers/fsl_uart.o
                0x000037e0                UART_GetStatusFlags
 .text.UART_WriteBlocking
                0x00003826       0x40 ./drivers/fsl_uart.o
                0x00003826                UART_WriteBlocking
 *fill*         0x00003866        0x2 ff
 .text.UART_ReadBlocking
                0x00003868       0x90 ./drivers/fsl_uart.o
                0x00003868                UART_ReadBlocking
 .text.UART0_DriverIRQHandler
                0x000038f8       0x24 ./drivers/fsl_uart.o
                0x000038f8                UART0_DriverIRQHandler
 .text.UART0_RX_TX_DriverIRQHandler
                0x0000391c        0xc ./drivers/fsl_uart.o
                0x0000391c                UART0_RX_TX_DriverIRQHandler
 .text.UART1_DriverIRQHandler
                0x00003928       0x24 ./drivers/fsl_uart.o
                0x00003928                UART1_DriverIRQHandler
 .text.UART1_RX_TX_DriverIRQHandler
                0x0000394c        0xc ./drivers/fsl_uart.o
                0x0000394c                UART1_RX_TX_DriverIRQHandler
 .text.UART2_DriverIRQHandler
                0x00003958       0x24 ./drivers/fsl_uart.o
                0x00003958                UART2_DriverIRQHandler
 .text.UART2_RX_TX_DriverIRQHandler
                0x0000397c        0xc ./drivers/fsl_uart.o
                0x0000397c                UART2_RX_TX_DriverIRQHandler
 .text.UART3_DriverIRQHandler
                0x00003988       0x24 ./drivers/fsl_uart.o
                0x00003988                UART3_DriverIRQHandler
 .text.UART3_RX_TX_DriverIRQHandler
                0x000039ac        0xc ./drivers/fsl_uart.o
                0x000039ac                UART3_RX_TX_DriverIRQHandler
 .text.UART4_DriverIRQHandler
                0x000039b8       0x24 ./drivers/fsl_uart.o
                0x000039b8                UART4_DriverIRQHandler
 .text.UART4_RX_TX_DriverIRQHandler
                0x000039dc        0xc ./drivers/fsl_uart.o
                0x000039dc                UART4_RX_TX_DriverIRQHandler
 .text.UART5_DriverIRQHandler
                0x000039e8       0x24 ./drivers/fsl_uart.o
                0x000039e8                UART5_DriverIRQHandler
 .text.UART5_RX_TX_DriverIRQHandler
                0x00003a0c        0xc ./drivers/fsl_uart.o
                0x00003a0c                UART5_RX_TX_DriverIRQHandler
 .text.SystemInit
                0x00003a18       0x40 ./CMSIS/system_MK64F12.o
                0x00003a18                SystemInit
 .text.__main   0x00003a58        0xe c:/nxp/mcuxpressoide_11.2.0_4095_prc2/ide/plugins/com.nxp.mcuxpresso.tools.win32_11.2.0.202001021529/tools/bin/../lib/gcc/arm-none-eabi/9.2.1/../../../../arm-none-eabi/lib/thumb/v7e-m+fp/hard\libcr_nohost_nf.a(_cr__main.o)
                0x00003a58                __main
 .text.memset   0x00003a66        0x4 c:/nxp/mcuxpressoide_11.2.0_4095_prc2/ide/plugins/com.nxp.mcuxpresso.tools.win32_11.2.0.202001021529/tools/bin/../lib/gcc/arm-none-eabi/9.2.1/../../../../arm-none-eabi/lib/thumb/v7e-m+fp/hard\libcr_c.a(memset.o)
                0x00003a66                memset
 *fill*         0x00003a6a        0x2 ff
 .text._initio  0x00003a6c       0x78 c:/nxp/mcuxpressoide_11.2.0_4095_prc2/ide/plugins/com.nxp.mcuxpresso.tools.win32_11.2.0.202001021529/tools/bin/../lib/gcc/arm-none-eabi/9.2.1/../../../../arm-none-eabi/lib/thumb/v7e-m+fp/hard\libcr_c.a(initio.o)
                0x00003a6c                _initio
 .text.setvbuf  0x00003ae4       0x3e c:/nxp/mcuxpressoide_11.2.0_4095_prc2/ide/plugins/com.nxp.mcuxpresso.tools.win32_11.2.0.202001021529/tools/bin/../lib/gcc/arm-none-eabi/9.2.1/../../../../arm-none-eabi/lib/thumb/v7e-m+fp/hard\libcr_c.a(setvbuf.o)
                0x00003ae4                setvbuf
 .text.strlen   0x00003b22       0x4c c:/nxp/mcuxpressoide_11.2.0_4095_prc2/ide/plugins/com.nxp.mcuxpresso.tools.win32_11.2.0.202001021529/tools/bin/../lib/gcc/arm-none-eabi/9.2.1/../../../../arm-none-eabi/lib/thumb/v7e-m+fp/hard\libcr_c.a(strlen.o)
                0x00003b22                strlen
 .text._fdopen  0x00003b6e       0x68 c:/nxp/mcuxpressoide_11.2.0_4095_prc2/ide/plugins/com.nxp.mcuxpresso.tools.win32_11.2.0.202001021529/tools/bin/../lib/gcc/arm-none-eabi/9.2.1/../../../../arm-none-eabi/lib/thumb/v7e-m+fp/hard\libcr_c.a(_fdopen.o)
                0x00003b6e                _fdopen
 .text.fclose   0x00003bd6       0x58 c:/nxp/mcuxpressoide_11.2.0_4095_prc2/ide/plugins/com.nxp.mcuxpresso.tools.win32_11.2.0.202001021529/tools/bin/../lib/gcc/arm-none-eabi/9.2.1/../../../../arm-none-eabi/lib/thumb/v7e-m+fp/hard\libcr_c.a(fclose.o)
                0x00003bd6                fclose
 *fill*         0x00003c2e        0x2 ff
 .text.fflush   0x00003c30       0x44 c:/nxp/mcuxpressoide_11.2.0_4095_prc2/ide/plugins/com.nxp.mcuxpresso.tools.win32_11.2.0.202001021529/tools/bin/../lib/gcc/arm-none-eabi/9.2.1/../../../../arm-none-eabi/lib/thumb/v7e-m+fp/hard\libcr_c.a(fflush.o)
                0x00003c30                fflush
 .text.fseek    0x00003c74      0x100 c:/nxp/mcuxpressoide_11.2.0_4095_prc2/ide/plugins/com.nxp.mcuxpresso.tools.win32_11.2.0.202001021529/tools/bin/../lib/gcc/arm-none-eabi/9.2.1/../../../../arm-none-eabi/lib/thumb/v7e-m+fp/hard\libcr_c.a(fseek.o)
                0x00003c74                fseek
 .text.ftell    0x00003d74       0x44 c:/nxp/mcuxpressoide_11.2.0_4095_prc2/ide/plugins/com.nxp.mcuxpresso.tools.win32_11.2.0.202001021529/tools/bin/../lib/gcc/arm-none-eabi/9.2.1/../../../../arm-none-eabi/lib/thumb/v7e-m+fp/hard\libcr_c.a(ftell.o)
                0x00003d74                ftell
 .text.remove   0x00003db8       0x14 c:/nxp/mcuxpressoide_11.2.0_4095_prc2/ide/plugins/com.nxp.mcuxpresso.tools.win32_11.2.0.202001021529/tools/bin/../lib/gcc/arm-none-eabi/9.2.1/../../../../arm-none-eabi/lib/thumb/v7e-m+fp/hard\libcr_c.a(remove.o)
                0x00003db8                remove
 .text._do_fflush
                0x00003dcc       0x40 c:/nxp/mcuxpressoide_11.2.0_4095_prc2/ide/plugins/com.nxp.mcuxpresso.tools.win32_11.2.0.202001021529/tools/bin/../lib/gcc/arm-none-eabi/9.2.1/../../../../arm-none-eabi/lib/thumb/v7e-m+fp/hard\libcr_c.a(_do_fflush.o)
                0x00003dcc                _do_fflush
 .text._fflush  0x00003e0c       0x52 c:/nxp/mcuxpressoide_11.2.0_4095_prc2/ide/plugins/com.nxp.mcuxpresso.tools.win32_11.2.0.202001021529/tools/bin/../lib/gcc/arm-none-eabi/9.2.1/../../../../arm-none-eabi/lib/thumb/v7e-m+fp/hard\libcr_c.a(_fflush.o)
                0x00003e0c                _fflush
 *fill*         0x00003e5e        0x2 ff
 .text._Cwritebuf
                0x00003e60       0x6c c:/nxp/mcuxpressoide_11.2.0_4095_prc2/ide/plugins/com.nxp.mcuxpresso.tools.win32_11.2.0.202001021529/tools/bin/../lib/gcc/arm-none-eabi/9.2.1/../../../../arm-none-eabi/lib/thumb/v7e-m+fp/hard\libcr_c.a(_writebuf.o)
                0x00003e60                _Cwritebuf
 .text.free     0x00003ecc       0x30 c:/nxp/mcuxpressoide_11.2.0_4095_prc2/ide/plugins/com.nxp.mcuxpresso.tools.win32_11.2.0.202001021529/tools/bin/../lib/gcc/arm-none-eabi/9.2.1/../../../../arm-none-eabi/lib/thumb/v7e-m+fp/hard\libcr_c.a(alloc.o)
                0x00003ecc                free
 .text._deferredlazyseek
                0x00003efc       0x40 c:/nxp/mcuxpressoide_11.2.0_4095_prc2/ide/plugins/com.nxp.mcuxpresso.tools.win32_11.2.0.202001021529/tools/bin/../lib/gcc/arm-none-eabi/9.2.1/../../../../arm-none-eabi/lib/thumb/v7e-m+fp/hard\libcr_c.a(_deferredlazyseek.o)
                0x00003efc                _deferredlazyseek
 .text.__aeabi_division_uldivmod
                0x00003f3c      0x174 c:/nxp/mcuxpressoide_11.2.0_4095_prc2/ide/plugins/com.nxp.mcuxpresso.tools.win32_11.2.0.202001021529/tools/bin/../lib/gcc/arm-none-eabi/9.2.1/thumb/v7e-m+fp/hard\libcr_eabihelpers.a(division_64.o)
                0x00003f3c                __aeabi_uldivmod
                0x00003f40                __bhs_ldivmod1
 .text.__aeabi_division_idiv0
                0x000040b0        0x2 c:/nxp/mcuxpressoide_11.2.0_4095_prc2/ide/plugins/com.nxp.mcuxpresso.tools.win32_11.2.0.202001021529/tools/bin/../lib/gcc/arm-none-eabi/9.2.1/thumb/v7e-m+fp/hard\libcr_eabihelpers.a(division_idiv0.o)
                0x000040b0                __aeabi_idiv0
 .text.__aeabi_memset_lowlevel
                0x000040b2       0x32 c:/nxp/mcuxpressoide_11.2.0_4095_prc2/ide/plugins/com.nxp.mcuxpresso.tools.win32_11.2.0.202001021529/tools/bin/../lib/gcc/arm-none-eabi/9.2.1/thumb/v7e-m+fp/hard\libcr_eabihelpers.a(memcpy.o)
                0x000040b2                __aeabi_lowlevel_memset
 .text.__sys_close
                0x000040e4        0x6 c:/nxp/mcuxpressoide_11.2.0_4095_prc2/ide/plugins/com.nxp.mcuxpresso.tools.win32_11.2.0.202001021529/tools/bin/../lib/gcc/arm-none-eabi/9.2.1/../../../../arm-none-eabi/lib/thumb/v7e-m+fp/hard\libcr_nohost_nf.a(__sys_close.o)
                0x000040e4                __sys_close
 .text.__sys_flen
                0x000040ea        0x6 c:/nxp/mcuxpressoide_11.2.0_4095_prc2/ide/plugins/com.nxp.mcuxpresso.tools.win32_11.2.0.202001021529/tools/bin/../lib/gcc/arm-none-eabi/9.2.1/../../../../arm-none-eabi/lib/thumb/v7e-m+fp/hard\libcr_nohost_nf.a(__sys_flen.o)
                0x000040ea                __sys_flen
 .text.__sys_istty
                0x000040f0        0x6 c:/nxp/mcuxpressoide_11.2.0_4095_prc2/ide/plugins/com.nxp.mcuxpresso.tools.win32_11.2.0.202001021529/tools/bin/../lib/gcc/arm-none-eabi/9.2.1/../../../../arm-none-eabi/lib/thumb/v7e-m+fp/hard\libcr_nohost_nf.a(__sys_istty.o)
                0x000040f0                __sys_istty
 .text.__sys_remove
                0x000040f6        0x6 c:/nxp/mcuxpressoide_11.2.0_4095_prc2/ide/plugins/com.nxp.mcuxpresso.tools.win32_11.2.0.202001021529/tools/bin/../lib/gcc/arm-none-eabi/9.2.1/../../../../arm-none-eabi/lib/thumb/v7e-m+fp/hard\libcr_nohost_nf.a(__sys_remove.o)
                0x000040f6                __sys_remove
 .text.__sys_seek
                0x000040fc        0x6 c:/nxp/mcuxpressoide_11.2.0_4095_prc2/ide/plugins/com.nxp.mcuxpresso.tools.win32_11.2.0.202001021529/tools/bin/../lib/gcc/arm-none-eabi/9.2.1/../../../../arm-none-eabi/lib/thumb/v7e-m+fp/hard\libcr_nohost_nf.a(__sys_seek.o)
                0x000040fc                __sys_seek
 .text.__sys_tmpnam
                0x00004102        0x6 c:/nxp/mcuxpressoide_11.2.0_4095_prc2/ide/plugins/com.nxp.mcuxpresso.tools.win32_11.2.0.202001021529/tools/bin/../lib/gcc/arm-none-eabi/9.2.1/../../../../arm-none-eabi/lib/thumb/v7e-m+fp/hard\libcr_nohost_nf.a(__sys_tmpnam.o)
                0x00004102                __sys_tmpnam
 .text.__sys_write
                0x00004108        0x4 c:/nxp/mcuxpressoide_11.2.0_4095_prc2/ide/plugins/com.nxp.mcuxpresso.tools.win32_11.2.0.202001021529/tools/bin/../lib/gcc/arm-none-eabi/9.2.1/../../../../arm-none-eabi/lib/thumb/v7e-m+fp/hard\libcr_nohost_nf.a(__sys_write.o)
                0x00004108                __sys_write
 *(.rodata .rodata.* .constdata .constdata.*)
 .rodata.LPTMR_SetTimerPeriod.str1.4
                0x0000410c       0x9a ./source/K64F_ADC_DMA_Demo.o
 *fill*         0x000041a6        0x2 ff
 .rodata.DMAMUX_EnableChannel.str1.4
                0x000041a8       0xbd ./source/K64F_ADC_DMA_Demo.o
 *fill*         0x00004265        0x3 ff
 .rodata.DMAMUX_SetSource.str1.4
                0x00004268       0xbd ./source/K64F_ADC_DMA_Demo.o
 *fill*         0x00004325        0x3 ff
 .rodata.main.str1.4
                0x00004328       0x5d ./source/K64F_ADC_DMA_Demo.o
 *fill*         0x00004385        0x3 ff
 .rodata.mcgConfig_BOARD_BootClockRUN
                0x00004388        0xb ./frdmk64f/clock_config.o
                0x00004388                mcgConfig_BOARD_BootClockRUN
 *fill*         0x00004393        0x1 ff
 .rodata.simConfig_BOARD_BootClockRUN
                0x00004394        0x8 ./frdmk64f/clock_config.o
                0x00004394                simConfig_BOARD_BootClockRUN
 .rodata.oscConfig_BOARD_BootClockRUN
                0x0000439c        0x8 ./frdmk64f/clock_config.o
                0x0000439c                oscConfig_BOARD_BootClockRUN
 .rodata.s_adc16Bases
                0x000043a4        0x8 ./drivers/fsl_adc16.o
 .rodata.s_adc16Clocks
                0x000043ac        0x8 ./drivers/fsl_adc16.o
 .rodata.ADC16_GetInstance.str1.4
                0x000043b4       0x36 ./drivers/fsl_adc16.o
 *fill*         0x000043ea        0x2 ff
 .rodata.ADC16_Init.str1.4
                0x000043ec       0x21 ./drivers/fsl_adc16.o
 *fill*         0x0000440d        0x3 ff
 .rodata.ADC16_GetDefaultConfig.str1.4
                0x00004410       0x22 ./drivers/fsl_adc16.o
 *fill*         0x00004432        0x2 ff
 .rodata.ADC16_SetChannelConfig.str1.4
                0x00004434       0x52 ./drivers/fsl_adc16.o
 *fill*         0x00004486        0x2 ff
 .rodata.ADC16_GetChannelStatusFlags.str1.4
                0x00004488       0x30 ./drivers/fsl_adc16.o
 .rodata.CLOCK_GetMcgExtClkFreq.str1.4
                0x000044b8       0x40 ./drivers/fsl_clock.o
 .rodata.CLOCK_GetOsc0ErClkFreq.str1.4
                0x000044f8       0x1f ./drivers/fsl_clock.o
 *fill*         0x00004517        0x1 ff
 .rodata.CLOCK_GetEr32kClkFreq.str1.4
                0x00004518       0x20 ./drivers/fsl_clock.o
 .rodata.CLOCK_GetPll0Freq.str1.4
                0x00004538       0x1e ./drivers/fsl_clock.o
 *fill*         0x00004556        0x2 ff
 .rodata.CLOCK_EnablePll0.str1.4
                0x00004558       0x1a ./drivers/fsl_clock.o
 *fill*         0x00004572        0x2 ff
 .rodata.CLOCK_SetPbeMode.str1.4
                0x00004574       0x1b ./drivers/fsl_clock.o
 *fill*         0x0000458f        0x1 ff
 .rodata.CLOCK_BootToPeeMode.str1.4
                0x00004590       0x1b ./drivers/fsl_clock.o
 *fill*         0x000045ab        0x1 ff
 .rodata.fllFactorTable.7716
                0x000045ac       0x10 ./drivers/fsl_clock.o
 .rodata.__assertion_failed.str1.4
                0x000045bc        0x4 ./drivers/fsl_common.o
 .rodata.DMAMUX_GetInstance.str1.4
                0x000045c0       0x38 ./drivers/fsl_dmamux.o
 .rodata.s_edmaIRQNumber
                0x000045f8       0x10 ./drivers/fsl_edma.o
 .rodata.EDMA_GetInstance.str1.4
                0x00004608       0x34 ./drivers/fsl_edma.o
 .rodata.EDMA_InstallTCD.str1.4
                0x0000463c       0x8b ./drivers/fsl_edma.o
 *fill*         0x000046c7        0x1 ff
 .rodata.EDMA_Init.str1.4
                0x000046c8       0x21 ./drivers/fsl_edma.o
 *fill*         0x000046e9        0x3 ff
 .rodata.EDMA_GetDefaultConfig.str1.4
                0x000046ec       0x21 ./drivers/fsl_edma.o
 *fill*         0x0000470d        0x3 ff
 .rodata.EDMA_SetTransferConfig.str1.4
                0x00004710       0x93 ./drivers/fsl_edma.o
 *fill*         0x000047a3        0x1 ff
 .rodata.EDMA_SetChannelLink.str1.4
                0x000047a4       0x7e ./drivers/fsl_edma.o
 *fill*         0x00004822        0x2 ff
 .rodata.EDMA_TcdReset.str1.4
                0x00004824       0x4f ./drivers/fsl_edma.o
 *fill*         0x00004873        0x1 ff
 .rodata.EDMA_TcdSetTransferConfig.str1.4
                0x00004874       0xa7 ./drivers/fsl_edma.o
 *fill*         0x0000491b        0x1 ff
 .rodata.EDMA_TcdSetChannelLink.str1.4
                0x0000491c       0x92 ./drivers/fsl_edma.o
 *fill*         0x000049ae        0x2 ff
 .rodata.EDMA_CreateHandle.str1.4
                0x000049b0       0x60 ./drivers/fsl_edma.o
 .rodata.EDMA_SetCallback.str1.4
                0x00004a10       0x21 ./drivers/fsl_edma.o
 *fill*         0x00004a31        0x3 ff
 .rodata.EDMA_PrepareTransfer.str1.4
                0x00004a34      0x198 ./drivers/fsl_edma.o
 .rodata.EDMA_SubmitTransfer.str1.4
                0x00004bcc       0x45 ./drivers/fsl_edma.o
 *fill*         0x00004c11        0x3 ff
 .rodata.EDMA_StartTransfer.str1.4
                0x00004c14       0x21 ./drivers/fsl_edma.o
 *fill*         0x00004c35        0x3 ff
 .rodata.EDMA_HandleIRQ.str1.4
                0x00004c38       0x21 ./drivers/fsl_edma.o
 *fill*         0x00004c59        0x3 ff
 .rodata.LPTMR_GetInstance.str1.4
                0x00004c5c       0x36 ./drivers/fsl_lptmr.o
 *fill*         0x00004c92        0x2 ff
 .rodata.LPTMR_Init.str1.4
                0x00004c94       0x19 ./drivers/fsl_lptmr.o
 *fill*         0x00004cad        0x3 ff
 .rodata.LPTMR_GetDefaultConfig.str1.4
                0x00004cb0       0x1a ./drivers/fsl_lptmr.o
 *fill*         0x00004cca        0x2 ff
 .rodata.s_uartBases
                0x00004ccc       0x18 ./drivers/fsl_uart.o
 .rodata.s_uartClock
                0x00004ce4       0x18 ./drivers/fsl_uart.o
 .rodata.UART_GetInstance.str1.4
                0x00004cfc       0x2c ./drivers/fsl_uart.o
 .rodata.UART_Init.str1.4
                0x00004d28       0xe3 ./drivers/fsl_uart.o
 *fill*         0x00004e0b        0x1 ff
 .rodata.UART_GetDefaultConfig.str1.4
                0x00004e0c       0x19 ./drivers/fsl_uart.o
 *fill*         0x00004e25        0x3 ff
 .rodata.UART_ReadBlocking.str1.4
                0x00004e28       0x17 ./drivers/fsl_uart.o
 .rodata._initio.str1.1
                0x00004e3f        0x4 c:/nxp/mcuxpressoide_11.2.0_4095_prc2/ide/plugins/com.nxp.mcuxpresso.tools.win32_11.2.0.202001021529/tools/bin/../lib/gcc/arm-none-eabi/9.2.1/../../../../arm-none-eabi/lib/thumb/v7e-m+fp/hard\libcr_c.a(initio.o)
 *fill*         0x00004e43        0x1 ff
 .rodata.__num_Ciob_streams
                0x00004e44        0x4 c:/nxp/mcuxpressoide_11.2.0_4095_prc2/ide/plugins/com.nxp.mcuxpresso.tools.win32_11.2.0.202001021529/tools/bin/../lib/gcc/arm-none-eabi/9.2.1/../../../../arm-none-eabi/lib/thumb/v7e-m+fp/hard\libcr_nohost_nf.a(__ciob.o)
                0x00004e44                __num_Ciob_streams
                0x00004e48                . = ALIGN (0x8)

.glue_7         0x00004e48        0x0
 .glue_7        0x00004e48        0x0 linker stubs

.glue_7t        0x00004e48        0x0
 .glue_7t       0x00004e48        0x0 linker stubs

.vfp11_veneer   0x00004e48        0x0
 .vfp11_veneer  0x00004e48        0x0 linker stubs

.v4_bx          0x00004e48        0x0
 .v4_bx         0x00004e48        0x0 linker stubs

.iplt           0x00004e48        0x0
 .iplt          0x00004e48        0x0 ./utilities/fsl_debug_console.o

.rel.dyn        0x00004e48        0x0
 .rel.iplt      0x00004e48        0x0 ./utilities/fsl_debug_console.o

.ARM.extab
 *(.ARM.extab* .gnu.linkonce.armextab.*)

.ARM.exidx      0x00004e48        0x0
                0x00004e48                __exidx_start = .
 *(.ARM.exidx* .gnu.linkonce.armexidx.*)
                0x00004e48                __exidx_end = .
                0x00004e48                _etext = .

.m_usb_data
 *(m_usb_bdt)

.data_RAM2      0x1fff0000        0x0 load address 0x00004e48
 FILL mask 0xff
                [!provide]                PROVIDE (__start_data_RAM2 = .)
                [!provide]                PROVIDE (__start_data_SRAM_LOWER = .)
 *(.ramfunc.$RAM2)
 *(.ramfunc.$SRAM_LOWER)
 *(.data.$RAM2)
 *(.data.$SRAM_LOWER)
 *(.data.$RAM2.*)
 *(.data.$SRAM_LOWER.*)
                0x1fff0000                . = ALIGN (0x8)
                [!provide]                PROVIDE (__end_data_RAM2 = .)
                [!provide]                PROVIDE (__end_data_SRAM_LOWER = .)

.data_RAM3      0x14000000        0x0 load address 0x00004e48
 FILL mask 0xff
                [!provide]                PROVIDE (__start_data_RAM3 = .)
                [!provide]                PROVIDE (__start_data_FLEX_RAM = .)
 *(.ramfunc.$RAM3)
 *(.ramfunc.$FLEX_RAM)
 *(.data.$RAM3)
 *(.data.$FLEX_RAM)
 *(.data.$RAM3.*)
 *(.data.$FLEX_RAM.*)
                0x14000000                . = ALIGN (0x8)
                [!provide]                PROVIDE (__end_data_RAM3 = .)
                [!provide]                PROVIDE (__end_data_FLEX_RAM = .)

.uninit_RESERVED
                0x20000000        0x0
                0x20000000                _start_uninit_RESERVED = .
 *(.bss.$RESERVED*)
                0x20000000                . = ALIGN (0x8)
                0x20000000                _end_uninit_RESERVED = .

.data           0x20000000       0x10 load address 0x00004e48
 FILL mask 0xff
                0x20000000                _data = .
                [!provide]                PROVIDE (__start_data_RAM = .)
                [!provide]                PROVIDE (__start_data_SRAM_UPPER = .)
 *(vtable)
 *(.ramfunc*)
 *(CodeQuickAccess)
 *(DataQuickAccess)
 *(RamFunction)
 *(.data*)
 .data.g_ADC_mux
                0x20000000        0x3 ./source/K64F_ADC_DMA_Demo.o
                0x20000000                g_ADC_mux
 *fill*         0x20000003        0x1 ff
 .data.s_slowIrcFreq
                0x20000004        0x4 ./drivers/fsl_clock.o
 .data.s_fastIrcFreq
                0x20000008        0x4 ./drivers/fsl_clock.o
 .data.SystemCoreClock
                0x2000000c        0x4 ./CMSIS/system_MK64F12.o
                0x2000000c                SystemCoreClock
                0x20000010                . = ALIGN (0x8)
                0x20000010                _edata = .
                [!provide]                PROVIDE (__end_data_RAM = .)
                [!provide]                PROVIDE (__end_data_SRAM_UPPER = .)

.igot.plt       0x20000010        0x0 load address 0x00004e58
 .igot.plt      0x20000010        0x0 ./utilities/fsl_debug_console.o

.bss_RAM2       0x1fff0000        0x0
                [!provide]                PROVIDE (__start_bss_RAM2 = .)
                [!provide]                PROVIDE (__start_bss_SRAM_LOWER = .)
 *(.bss.$RAM2)
 *(.bss.$SRAM_LOWER)
 *(.bss.$RAM2.*)
 *(.bss.$SRAM_LOWER.*)
                0x1fff0000                . = ALIGN ((. != 0x0)?0x8:0x1)
                [!provide]                PROVIDE (__end_bss_RAM2 = .)
                [!provide]                PROVIDE (__end_bss_SRAM_LOWER = .)

.bss_RAM3       0x14000000        0x0
                [!provide]                PROVIDE (__start_bss_RAM3 = .)
                [!provide]                PROVIDE (__start_bss_FLEX_RAM = .)
 *(.bss.$RAM3)
 *(.bss.$FLEX_RAM)
 *(.bss.$RAM3.*)
 *(.bss.$FLEX_RAM.*)
                0x14000000                . = ALIGN ((. != 0x0)?0x8:0x1)
                [!provide]                PROVIDE (__end_bss_RAM3 = .)
                [!provide]                PROVIDE (__end_bss_FLEX_RAM = .)

.bss            0x20000010      0x180
                0x20000010                _bss = .
                [!provide]                PROVIDE (__start_bss_RAM = .)
                [!provide]                PROVIDE (__start_bss_SRAM_UPPER = .)
 *(.bss*)
 .bss.s_debugConsole
                0x20000010       0x10 ./utilities/fsl_debug_console.o
 .bss.g_ADC0_resultBuffer
                0x20000020       0x20 ./source/K64F_ADC_DMA_Demo.o
                0x20000020                g_ADC0_resultBuffer
 .bss.g_Adc16ConversionDoneFlag
                0x20000040        0x1 ./source/K64F_ADC_DMA_Demo.o
                0x20000040                g_Adc16ConversionDoneFlag
 .bss.g_Transfer_Done_ch0
                0x20000041        0x1 ./source/K64F_ADC_DMA_Demo.o
                0x20000041                g_Transfer_Done_ch0
 .bss.g_Transfer_Done_ch1
                0x20000042        0x1 ./source/K64F_ADC_DMA_Demo.o
                0x20000042                g_Transfer_Done_ch1
 *fill*         0x20000043        0x1 
 .bss.g_EDMA_Handle_0
                0x20000044       0x18 ./source/K64F_ADC_DMA_Demo.o
                0x20000044                g_EDMA_Handle_0
 .bss.g_EDMA_Handle_1
                0x2000005c       0x18 ./source/K64F_ADC_DMA_Demo.o
                0x2000005c                g_EDMA_Handle_1
 .bss.g_xtal0Freq
                0x20000074        0x4 ./drivers/fsl_clock.o
                0x20000074                g_xtal0Freq
 .bss.g_xtal32Freq
                0x20000078        0x4 ./drivers/fsl_clock.o
                0x20000078                g_xtal32Freq
 .bss.s_EDMAHandle
                0x2000007c       0x40 ./drivers/fsl_edma.o
 .bss.s_uartHandle
                0x200000bc       0x18 ./drivers/fsl_uart.o
 .bss.s_uartIsr
                0x200000d4        0x4 ./drivers/fsl_uart.o
 .bss.errno     0x200000d8        0x4 c:/nxp/mcuxpressoide_11.2.0_4095_prc2/ide/plugins/com.nxp.mcuxpresso.tools.win32_11.2.0.202001021529/tools/bin/../lib/gcc/arm-none-eabi/9.2.1/../../../../arm-none-eabi/lib/thumb/v7e-m+fp/hard\libcr_c.a(errno.o)
                0x200000d8                errno
 .bss.__Ciob    0x200000dc       0xb4 c:/nxp/mcuxpressoide_11.2.0_4095_prc2/ide/plugins/com.nxp.mcuxpresso.tools.win32_11.2.0.202001021529/tools/bin/../lib/gcc/arm-none-eabi/9.2.1/../../../../arm-none-eabi/lib/thumb/v7e-m+fp/hard\libcr_nohost_nf.a(__ciob.o)
                0x200000dc                __Ciob
 *(COMMON)
                0x20000190                . = ALIGN (0x8)
                0x20000190                _ebss = .
                [!provide]                PROVIDE (__end_bss_RAM = .)
                [!provide]                PROVIDE (__end_bss_SRAM_UPPER = .)
                [!provide]                PROVIDE (end = .)

.noinit_RAM2    0x1fff0000        0x0
                [!provide]                PROVIDE (__start_noinit_RAM2 = .)
                [!provide]                PROVIDE (__start_noinit_SRAM_LOWER = .)
 *(.noinit.$RAM2)
 *(.noinit.$SRAM_LOWER)
 *(.noinit.$RAM2.*)
 *(.noinit.$SRAM_LOWER.*)
                0x1fff0000                . = ALIGN (0x8)
                [!provide]                PROVIDE (__end_noinit_RAM2 = .)
                [!provide]                PROVIDE (__end_noinit_SRAM_LOWER = .)

.noinit_RAM3    0x14000000        0x0
                [!provide]                PROVIDE (__start_noinit_RAM3 = .)
                [!provide]                PROVIDE (__start_noinit_FLEX_RAM = .)
 *(.noinit.$RAM3)
 *(.noinit.$FLEX_RAM)
 *(.noinit.$RAM3.*)
 *(.noinit.$FLEX_RAM.*)
                0x14000000                . = ALIGN (0x8)
                [!provide]                PROVIDE (__end_noinit_RAM3 = .)
                [!provide]                PROVIDE (__end_noinit_FLEX_RAM = .)

.noinit         0x20000190        0x0
                0x20000190                _noinit = .
                [!provide]                PROVIDE (__start_noinit_RAM = .)
                [!provide]                PROVIDE (__start_noinit_SRAM_UPPER = .)
 *(.noinit*)
                0x20000190                . = ALIGN (0x8)
                0x20000190                _end_noinit = .
                [!provide]                PROVIDE (__end_noinit_RAM = .)
                [!provide]                PROVIDE (__end_noinit_SRAM_UPPER = .)
                0x00001000                _HeapSize = 0x1000

.heap           0x20000190     0x1000
                0x20000190                _pvHeapStart = .
                0x20001190                . = (. + _HeapSize)
 *fill*         0x20000190     0x1000 
                0x20001190                . = ALIGN (0x8)
                0x20001190                _pvHeapLimit = .
                0x00001000                _StackSize = 0x1000

.heap2stackfill
                0x20001190     0x1000
                0x20002190                . = (. + _StackSize)
 *fill*         0x20001190     0x1000 

.stack          0x2002f000        0x0
                0x2002f000                _vStackBase = .
                0x2002f000                . = ALIGN (0x8)
                0x20030000                _vStackTop = (. + _StackSize)
                0x00000000                _image_start = LOADADDR (.text)
                0x00004e58                _image_end = (LOADADDR (.data) + SIZEOF (.data))
                0x00004e58                _image_size = (_image_end - _image_start)
OUTPUT(K64F_ADC_DMA_Demo.axf elf32-littlearm)

.debug_info     0x00000000     0xcc58
 .debug_info    0x00000000      0xdb6 ./utilities/fsl_debug_console.o
 .debug_info    0x00000db6      0x92e ./startup/startup_mk64f12.o
 .debug_info    0x000016e4     0x1d0b ./source/K64F_ADC_DMA_Demo.o
 .debug_info    0x000033ef      0x673 ./frdmk64f/board.o
 .debug_info    0x00003a62      0xaf6 ./frdmk64f/clock_config.o
 .debug_info    0x00004558      0x6a0 ./frdmk64f/pin_mux.o
 .debug_info    0x00004bf8      0xd76 ./drivers/fsl_adc16.o
 .debug_info    0x0000596e     0x1ffd ./drivers/fsl_clock.o
 .debug_info    0x0000796b      0x6d6 ./drivers/fsl_common.o
 .debug_info    0x00008041      0x5cb ./drivers/fsl_dmamux.o
 .debug_info    0x0000860c     0x1ea4 ./drivers/fsl_edma.o
 .debug_info    0x0000a4b0      0x7f7 ./drivers/fsl_lptmr.o
 .debug_info    0x0000aca7     0x1933 ./drivers/fsl_uart.o
 .debug_info    0x0000c5da      0x67e ./CMSIS/system_MK64F12.o

.debug_abbrev   0x00000000     0x214c
 .debug_abbrev  0x00000000      0x304 ./utilities/fsl_debug_console.o
 .debug_abbrev  0x00000304      0x17a ./startup/startup_mk64f12.o
 .debug_abbrev  0x0000047e      0x2f1 ./source/K64F_ADC_DMA_Demo.o
 .debug_abbrev  0x0000076f      0x158 ./frdmk64f/board.o
 .debug_abbrev  0x000008c7      0x220 ./frdmk64f/clock_config.o
 .debug_abbrev  0x00000ae7      0x1bb ./frdmk64f/pin_mux.o
 .debug_abbrev  0x00000ca2      0x2a2 ./drivers/fsl_adc16.o
 .debug_abbrev  0x00000f44      0x366 ./drivers/fsl_clock.o
 .debug_abbrev  0x000012aa      0x275 ./drivers/fsl_common.o
 .debug_abbrev  0x0000151f      0x1b0 ./drivers/fsl_dmamux.o
 .debug_abbrev  0x000016cf      0x402 ./drivers/fsl_edma.o
 .debug_abbrev  0x00001ad1      0x1d2 ./drivers/fsl_lptmr.o
 .debug_abbrev  0x00001ca3      0x353 ./drivers/fsl_uart.o
 .debug_abbrev  0x00001ff6      0x156 ./CMSIS/system_MK64F12.o

.debug_aranges  0x00000000      0xba8
 .debug_aranges
                0x00000000       0x80 ./utilities/fsl_debug_console.o
 .debug_aranges
                0x00000080      0x330 ./startup/startup_mk64f12.o
 .debug_aranges
                0x000003b0       0x78 ./source/K64F_ADC_DMA_Demo.o
 .debug_aranges
                0x00000428       0x20 ./frdmk64f/board.o
 .debug_aranges
                0x00000448       0x58 ./frdmk64f/clock_config.o
 .debug_aranges
                0x000004a0       0x38 ./frdmk64f/pin_mux.o
 .debug_aranges
                0x000004d8       0x88 ./drivers/fsl_adc16.o
 .debug_aranges
                0x00000560      0x1e8 ./drivers/fsl_clock.o
 .debug_aranges
                0x00000748       0x38 ./drivers/fsl_common.o
 .debug_aranges
                0x00000780       0x40 ./drivers/fsl_dmamux.o
 .debug_aranges
                0x000007c0      0x208 ./drivers/fsl_edma.o
 .debug_aranges
                0x000009c8       0x48 ./drivers/fsl_lptmr.o
 .debug_aranges
                0x00000a10      0x170 ./drivers/fsl_uart.o
 .debug_aranges
                0x00000b80       0x28 ./CMSIS/system_MK64F12.o

.debug_ranges   0x00000000      0xac8
 .debug_ranges  0x00000000       0x70 ./utilities/fsl_debug_console.o
 .debug_ranges  0x00000070      0x320 ./startup/startup_mk64f12.o
 .debug_ranges  0x00000390       0x68 ./source/K64F_ADC_DMA_Demo.o
 .debug_ranges  0x000003f8       0x10 ./frdmk64f/board.o
 .debug_ranges  0x00000408       0x48 ./frdmk64f/clock_config.o
 .debug_ranges  0x00000450       0x28 ./frdmk64f/pin_mux.o
 .debug_ranges  0x00000478       0x78 ./drivers/fsl_adc16.o
 .debug_ranges  0x000004f0      0x1d8 ./drivers/fsl_clock.o
 .debug_ranges  0x000006c8       0x28 ./drivers/fsl_common.o
 .debug_ranges  0x000006f0       0x30 ./drivers/fsl_dmamux.o
 .debug_ranges  0x00000720      0x1f8 ./drivers/fsl_edma.o
 .debug_ranges  0x00000918       0x38 ./drivers/fsl_lptmr.o
 .debug_ranges  0x00000950      0x160 ./drivers/fsl_uart.o
 .debug_ranges  0x00000ab0       0x18 ./CMSIS/system_MK64F12.o

.debug_macro    0x00000000    0x12976
 .debug_macro   0x00000000      0x129 ./utilities/fsl_debug_console.o
 .debug_macro   0x00000129      0xad2 ./utilities/fsl_debug_console.o
 .debug_macro   0x00000bfb       0x10 ./utilities/fsl_debug_console.o
 .debug_macro   0x00000c0b       0x16 ./utilities/fsl_debug_console.o
 .debug_macro   0x00000c21       0x10 ./utilities/fsl_debug_console.o
 .debug_macro   0x00000c31      0x12e ./utilities/fsl_debug_console.o
 .debug_macro   0x00000d5f       0x28 ./utilities/fsl_debug_console.o
 .debug_macro   0x00000d87       0xc4 ./utilities/fsl_debug_console.o
 .debug_macro   0x00000e4b       0x16 ./utilities/fsl_debug_console.o
 .debug_macro   0x00000e61       0x22 ./utilities/fsl_debug_console.o
 .debug_macro   0x00000e83      0x5b3 ./utilities/fsl_debug_console.o
 .debug_macro   0x00001436       0x10 ./utilities/fsl_debug_console.o
 .debug_macro   0x00001446       0x5b ./utilities/fsl_debug_console.o
 .debug_macro   0x000014a1       0x3b ./utilities/fsl_debug_console.o
 .debug_macro   0x000014dc       0x50 ./utilities/fsl_debug_console.o
 .debug_macro   0x0000152c      0xd40 ./utilities/fsl_debug_console.o
 .debug_macro   0x0000226c       0x44 ./utilities/fsl_debug_console.o
 .debug_macro   0x000022b0     0xe07b ./utilities/fsl_debug_console.o
 .debug_macro   0x0001032b     0x13c7 ./utilities/fsl_debug_console.o
 .debug_macro   0x000116f2       0x3a ./utilities/fsl_debug_console.o
 .debug_macro   0x0001172c      0x171 ./utilities/fsl_debug_console.o
 .debug_macro   0x0001189d       0x35 ./utilities/fsl_debug_console.o
 .debug_macro   0x000118d2       0x3a ./utilities/fsl_debug_console.o
 .debug_macro   0x0001190c       0x10 ./utilities/fsl_debug_console.o
 .debug_macro   0x0001191c       0x29 ./startup/startup_mk64f12.o
 .debug_macro   0x00011945      0x18a ./source/K64F_ADC_DMA_Demo.o
 .debug_macro   0x00011acf       0xd8 ./source/K64F_ADC_DMA_Demo.o
 .debug_macro   0x00011ba7       0x16 ./source/K64F_ADC_DMA_Demo.o
 .debug_macro   0x00011bbd       0x10 ./source/K64F_ADC_DMA_Demo.o
 .debug_macro   0x00011bcd      0x14a ./source/K64F_ADC_DMA_Demo.o
 .debug_macro   0x00011d17       0x40 ./source/K64F_ADC_DMA_Demo.o
 .debug_macro   0x00011d57       0x10 ./source/K64F_ADC_DMA_Demo.o
 .debug_macro   0x00011d67       0x10 ./source/K64F_ADC_DMA_Demo.o
 .debug_macro   0x00011d77       0x10 ./source/K64F_ADC_DMA_Demo.o
 .debug_macro   0x00011d87       0x1c ./source/K64F_ADC_DMA_Demo.o
 .debug_macro   0x00011da3      0x117 ./frdmk64f/board.o
 .debug_macro   0x00011eba       0x1c ./frdmk64f/board.o
 .debug_macro   0x00011ed6      0x12e ./frdmk64f/clock_config.o
 .debug_macro   0x00012004       0x1c ./frdmk64f/clock_config.o
 .debug_macro   0x00012020      0x10c ./frdmk64f/pin_mux.o
 .debug_macro   0x0001212c       0x10 ./frdmk64f/pin_mux.o
 .debug_macro   0x0001213c       0xf7 ./drivers/fsl_adc16.o
 .debug_macro   0x00012233      0x1ad ./drivers/fsl_clock.o
 .debug_macro   0x000123e0       0xfa ./drivers/fsl_common.o
 .debug_macro   0x000124da       0xf7 ./drivers/fsl_dmamux.o
 .debug_macro   0x000125d1       0xfc ./drivers/fsl_edma.o
 .debug_macro   0x000126cd       0x16 ./drivers/fsl_edma.o
 .debug_macro   0x000126e3       0xf7 ./drivers/fsl_lptmr.o
 .debug_macro   0x000127da       0xfd ./drivers/fsl_uart.o
 .debug_macro   0x000128d7       0x9f ./CMSIS/system_MK64F12.o

.debug_line     0x00000000     0x777b
 .debug_line    0x00000000      0xc83 ./utilities/fsl_debug_console.o
 .debug_line    0x00000c83      0x910 ./startup/startup_mk64f12.o
 .debug_line    0x00001593      0x73a ./source/K64F_ADC_DMA_Demo.o
 .debug_line    0x00001ccd      0x42a ./frdmk64f/board.o
 .debug_line    0x000020f7      0x473 ./frdmk64f/clock_config.o
 .debug_line    0x0000256a      0x3fa ./frdmk64f/pin_mux.o
 .debug_line    0x00002964      0x684 ./drivers/fsl_adc16.o
 .debug_line    0x00002fe8     0x1490 ./drivers/fsl_clock.o
 .debug_line    0x00004478      0x4df ./drivers/fsl_common.o
 .debug_line    0x00004957      0x3af ./drivers/fsl_dmamux.o
 .debug_line    0x00004d06     0x1245 ./drivers/fsl_edma.o
 .debug_line    0x00005f4b      0x419 ./drivers/fsl_lptmr.o
 .debug_line    0x00006364     0x1072 ./drivers/fsl_uart.o
 .debug_line    0x000073d6      0x3a5 ./CMSIS/system_MK64F12.o

.debug_str      0x00000000    0x8005d
 .debug_str     0x00000000    0x79321 ./utilities/fsl_debug_console.o
                              0x79462 (size before relaxing)
 .debug_str     0x00079321      0x80f ./startup/startup_mk64f12.o
                               0x3769 (size before relaxing)
 .debug_str     0x00079b30     0x2a99 ./source/K64F_ADC_DMA_Demo.o
                              0x7b3a8 (size before relaxing)
 .debug_str     0x0007c5c9       0x3a ./frdmk64f/board.o
                              0x79304 (size before relaxing)
 .debug_str     0x0007c603      0x397 ./frdmk64f/clock_config.o
                              0x78f90 (size before relaxing)
 .debug_str     0x0007c99a      0x4a1 ./frdmk64f/pin_mux.o
                              0x787d9 (size before relaxing)
 .debug_str     0x0007ce3b      0x425 ./drivers/fsl_adc16.o
                              0x79400 (size before relaxing)
 .debug_str     0x0007d260     0x14c3 ./drivers/fsl_clock.o
                              0x7a52c (size before relaxing)
 .debug_str     0x0007e723      0x167 ./drivers/fsl_common.o
                              0x789b9 (size before relaxing)
 .debug_str     0x0007e88a       0x65 ./drivers/fsl_dmamux.o
                              0x78a65 (size before relaxing)
 .debug_str     0x0007e8ef      0xadb ./drivers/fsl_edma.o
                              0x7a094 (size before relaxing)
 .debug_str     0x0007f3ca       0x73 ./drivers/fsl_lptmr.o
                              0x78e9e (size before relaxing)
 .debug_str     0x0007f43d      0xb7b ./drivers/fsl_uart.o
                              0x79d74 (size before relaxing)
 .debug_str     0x0007ffb8       0xa5 ./CMSIS/system_MK64F12.o
                              0x77801 (size before relaxing)

.comment        0x00000000       0x79
 .comment       0x00000000       0x79 ./utilities/fsl_debug_console.o
                                 0x7a (size before relaxing)
 .comment       0x00000079       0x7a ./startup/startup_mk64f12.o
 .comment       0x00000079       0x7a ./source/K64F_ADC_DMA_Demo.o
 .comment       0x00000079       0x7a ./frdmk64f/board.o
 .comment       0x00000079       0x7a ./frdmk64f/clock_config.o
 .comment       0x00000079       0x7a ./frdmk64f/pin_mux.o
 .comment       0x00000079       0x7a ./drivers/fsl_adc16.o
 .comment       0x00000079       0x7a ./drivers/fsl_clock.o
 .comment       0x00000079       0x7a ./drivers/fsl_common.o
 .comment       0x00000079       0x7a ./drivers/fsl_dmamux.o
 .comment       0x00000079       0x7a ./drivers/fsl_edma.o
 .comment       0x00000079       0x7a ./drivers/fsl_lptmr.o
 .comment       0x00000079       0x7a ./drivers/fsl_uart.o
 .comment       0x00000079       0x7a ./CMSIS/system_MK64F12.o
 .comment       0x00000079       0x7a c:/nxp/mcuxpressoide_11.2.0_4095_prc2/ide/plugins/com.nxp.mcuxpresso.tools.win32_11.2.0.202001021529/tools/bin/../lib/gcc/arm-none-eabi/9.2.1/../../../../arm-none-eabi/lib/thumb/v7e-m+fp/hard\libcr_nohost_nf.a(_cr__main.o)
 .comment       0x00000079       0x7a c:/nxp/mcuxpressoide_11.2.0_4095_prc2/ide/plugins/com.nxp.mcuxpresso.tools.win32_11.2.0.202001021529/tools/bin/../lib/gcc/arm-none-eabi/9.2.1/../../../../arm-none-eabi/lib/thumb/v7e-m+fp/hard\libcr_c.a(memset.o)
 .comment       0x00000079       0x7a c:/nxp/mcuxpressoide_11.2.0_4095_prc2/ide/plugins/com.nxp.mcuxpresso.tools.win32_11.2.0.202001021529/tools/bin/../lib/gcc/arm-none-eabi/9.2.1/../../../../arm-none-eabi/lib/thumb/v7e-m+fp/hard\libcr_c.a(initio.o)
 .comment       0x00000079       0x7a c:/nxp/mcuxpressoide_11.2.0_4095_prc2/ide/plugins/com.nxp.mcuxpresso.tools.win32_11.2.0.202001021529/tools/bin/../lib/gcc/arm-none-eabi/9.2.1/../../../../arm-none-eabi/lib/thumb/v7e-m+fp/hard\libcr_c.a(setvbuf.o)
 .comment       0x00000079       0x7a c:/nxp/mcuxpressoide_11.2.0_4095_prc2/ide/plugins/com.nxp.mcuxpresso.tools.win32_11.2.0.202001021529/tools/bin/../lib/gcc/arm-none-eabi/9.2.1/../../../../arm-none-eabi/lib/thumb/v7e-m+fp/hard\libcr_c.a(strlen.o)
 .comment       0x00000079       0x7a c:/nxp/mcuxpressoide_11.2.0_4095_prc2/ide/plugins/com.nxp.mcuxpresso.tools.win32_11.2.0.202001021529/tools/bin/../lib/gcc/arm-none-eabi/9.2.1/../../../../arm-none-eabi/lib/thumb/v7e-m+fp/hard\libcr_c.a(_fdopen.o)
 .comment       0x00000079       0x7a c:/nxp/mcuxpressoide_11.2.0_4095_prc2/ide/plugins/com.nxp.mcuxpresso.tools.win32_11.2.0.202001021529/tools/bin/../lib/gcc/arm-none-eabi/9.2.1/../../../../arm-none-eabi/lib/thumb/v7e-m+fp/hard\libcr_c.a(fclose.o)
 .comment       0x00000079       0x7a c:/nxp/mcuxpressoide_11.2.0_4095_prc2/ide/plugins/com.nxp.mcuxpresso.tools.win32_11.2.0.202001021529/tools/bin/../lib/gcc/arm-none-eabi/9.2.1/../../../../arm-none-eabi/lib/thumb/v7e-m+fp/hard\libcr_c.a(fflush.o)
 .comment       0x00000079       0x7a c:/nxp/mcuxpressoide_11.2.0_4095_prc2/ide/plugins/com.nxp.mcuxpresso.tools.win32_11.2.0.202001021529/tools/bin/../lib/gcc/arm-none-eabi/9.2.1/../../../../arm-none-eabi/lib/thumb/v7e-m+fp/hard\libcr_c.a(fseek.o)
 .comment       0x00000079       0x7a c:/nxp/mcuxpressoide_11.2.0_4095_prc2/ide/plugins/com.nxp.mcuxpresso.tools.win32_11.2.0.202001021529/tools/bin/../lib/gcc/arm-none-eabi/9.2.1/../../../../arm-none-eabi/lib/thumb/v7e-m+fp/hard\libcr_c.a(ftell.o)
 .comment       0x00000079       0x7a c:/nxp/mcuxpressoide_11.2.0_4095_prc2/ide/plugins/com.nxp.mcuxpresso.tools.win32_11.2.0.202001021529/tools/bin/../lib/gcc/arm-none-eabi/9.2.1/../../../../arm-none-eabi/lib/thumb/v7e-m+fp/hard\libcr_c.a(remove.o)
 .comment       0x00000079       0x7a c:/nxp/mcuxpressoide_11.2.0_4095_prc2/ide/plugins/com.nxp.mcuxpresso.tools.win32_11.2.0.202001021529/tools/bin/../lib/gcc/arm-none-eabi/9.2.1/../../../../arm-none-eabi/lib/thumb/v7e-m+fp/hard\libcr_c.a(_do_fflush.o)
 .comment       0x00000079       0x7a c:/nxp/mcuxpressoide_11.2.0_4095_prc2/ide/plugins/com.nxp.mcuxpresso.tools.win32_11.2.0.202001021529/tools/bin/../lib/gcc/arm-none-eabi/9.2.1/../../../../arm-none-eabi/lib/thumb/v7e-m+fp/hard\libcr_c.a(_fflush.o)
 .comment       0x00000079       0x7a c:/nxp/mcuxpressoide_11.2.0_4095_prc2/ide/plugins/com.nxp.mcuxpresso.tools.win32_11.2.0.202001021529/tools/bin/../lib/gcc/arm-none-eabi/9.2.1/../../../../arm-none-eabi/lib/thumb/v7e-m+fp/hard\libcr_c.a(_writebuf.o)
 .comment       0x00000079       0x7a c:/nxp/mcuxpressoide_11.2.0_4095_prc2/ide/plugins/com.nxp.mcuxpresso.tools.win32_11.2.0.202001021529/tools/bin/../lib/gcc/arm-none-eabi/9.2.1/../../../../arm-none-eabi/lib/thumb/v7e-m+fp/hard\libcr_c.a(alloc.o)
 .comment       0x00000079       0x7a c:/nxp/mcuxpressoide_11.2.0_4095_prc2/ide/plugins/com.nxp.mcuxpresso.tools.win32_11.2.0.202001021529/tools/bin/../lib/gcc/arm-none-eabi/9.2.1/../../../../arm-none-eabi/lib/thumb/v7e-m+fp/hard\libcr_c.a(errno.o)
 .comment       0x00000079       0x7a c:/nxp/mcuxpressoide_11.2.0_4095_prc2/ide/plugins/com.nxp.mcuxpresso.tools.win32_11.2.0.202001021529/tools/bin/../lib/gcc/arm-none-eabi/9.2.1/../../../../arm-none-eabi/lib/thumb/v7e-m+fp/hard\libcr_c.a(_deferredlazyseek.o)
 .comment       0x00000079       0x7a c:/nxp/mcuxpressoide_11.2.0_4095_prc2/ide/plugins/com.nxp.mcuxpresso.tools.win32_11.2.0.202001021529/tools/bin/../lib/gcc/arm-none-eabi/9.2.1/../../../../arm-none-eabi/lib/thumb/v7e-m+fp/hard\libcr_nohost_nf.a(__ciob.o)
 .comment       0x00000079       0x7a c:/nxp/mcuxpressoide_11.2.0_4095_prc2/ide/plugins/com.nxp.mcuxpresso.tools.win32_11.2.0.202001021529/tools/bin/../lib/gcc/arm-none-eabi/9.2.1/../../../../arm-none-eabi/lib/thumb/v7e-m+fp/hard\libcr_nohost_nf.a(__sys_close.o)
 .comment       0x00000079       0x7a c:/nxp/mcuxpressoide_11.2.0_4095_prc2/ide/plugins/com.nxp.mcuxpresso.tools.win32_11.2.0.202001021529/tools/bin/../lib/gcc/arm-none-eabi/9.2.1/../../../../arm-none-eabi/lib/thumb/v7e-m+fp/hard\libcr_nohost_nf.a(__sys_flen.o)
 .comment       0x00000079       0x7a c:/nxp/mcuxpressoide_11.2.0_4095_prc2/ide/plugins/com.nxp.mcuxpresso.tools.win32_11.2.0.202001021529/tools/bin/../lib/gcc/arm-none-eabi/9.2.1/../../../../arm-none-eabi/lib/thumb/v7e-m+fp/hard\libcr_nohost_nf.a(__sys_istty.o)
 .comment       0x00000079       0x7a c:/nxp/mcuxpressoide_11.2.0_4095_prc2/ide/plugins/com.nxp.mcuxpresso.tools.win32_11.2.0.202001021529/tools/bin/../lib/gcc/arm-none-eabi/9.2.1/../../../../arm-none-eabi/lib/thumb/v7e-m+fp/hard\libcr_nohost_nf.a(__sys_remove.o)
 .comment       0x00000079       0x7a c:/nxp/mcuxpressoide_11.2.0_4095_prc2/ide/plugins/com.nxp.mcuxpresso.tools.win32_11.2.0.202001021529/tools/bin/../lib/gcc/arm-none-eabi/9.2.1/../../../../arm-none-eabi/lib/thumb/v7e-m+fp/hard\libcr_nohost_nf.a(__sys_seek.o)
 .comment       0x00000079       0x7a c:/nxp/mcuxpressoide_11.2.0_4095_prc2/ide/plugins/com.nxp.mcuxpresso.tools.win32_11.2.0.202001021529/tools/bin/../lib/gcc/arm-none-eabi/9.2.1/../../../../arm-none-eabi/lib/thumb/v7e-m+fp/hard\libcr_nohost_nf.a(__sys_tmpnam.o)
 .comment       0x00000079       0x7a c:/nxp/mcuxpressoide_11.2.0_4095_prc2/ide/plugins/com.nxp.mcuxpresso.tools.win32_11.2.0.202001021529/tools/bin/../lib/gcc/arm-none-eabi/9.2.1/../../../../arm-none-eabi/lib/thumb/v7e-m+fp/hard\libcr_nohost_nf.a(__sys_write.o)

.ARM.attributes
                0x00000000       0x32
 .ARM.attributes
                0x00000000       0x34 ./utilities/fsl_debug_console.o
 .ARM.attributes
                0x00000034       0x34 ./startup/startup_mk64f12.o
 .ARM.attributes
                0x00000068       0x34 ./source/K64F_ADC_DMA_Demo.o
 .ARM.attributes
                0x0000009c       0x34 ./frdmk64f/board.o
 .ARM.attributes
                0x000000d0       0x34 ./frdmk64f/clock_config.o
 .ARM.attributes
                0x00000104       0x34 ./frdmk64f/pin_mux.o
 .ARM.attributes
                0x00000138       0x34 ./drivers/fsl_adc16.o
 .ARM.attributes
                0x0000016c       0x34 ./drivers/fsl_clock.o
 .ARM.attributes
                0x000001a0       0x34 ./drivers/fsl_common.o
 .ARM.attributes
                0x000001d4       0x34 ./drivers/fsl_dmamux.o
 .ARM.attributes
                0x00000208       0x34 ./drivers/fsl_edma.o
 .ARM.attributes
                0x0000023c       0x34 ./drivers/fsl_lptmr.o
 .ARM.attributes
                0x00000270       0x34 ./drivers/fsl_uart.o
 .ARM.attributes
                0x000002a4       0x34 ./CMSIS/system_MK64F12.o
 .ARM.attributes
                0x000002d8       0x34 c:/nxp/mcuxpressoide_11.2.0_4095_prc2/ide/plugins/com.nxp.mcuxpresso.tools.win32_11.2.0.202001021529/tools/bin/../lib/gcc/arm-none-eabi/9.2.1/../../../../arm-none-eabi/lib/thumb/v7e-m+fp/hard\libcr_nohost_nf.a(_cr__main.o)
 .ARM.attributes
                0x0000030c       0x34 c:/nxp/mcuxpressoide_11.2.0_4095_prc2/ide/plugins/com.nxp.mcuxpresso.tools.win32_11.2.0.202001021529/tools/bin/../lib/gcc/arm-none-eabi/9.2.1/../../../../arm-none-eabi/lib/thumb/v7e-m+fp/hard\libcr_c.a(memset.o)
 .ARM.attributes
                0x00000340       0x34 c:/nxp/mcuxpressoide_11.2.0_4095_prc2/ide/plugins/com.nxp.mcuxpresso.tools.win32_11.2.0.202001021529/tools/bin/../lib/gcc/arm-none-eabi/9.2.1/../../../../arm-none-eabi/lib/thumb/v7e-m+fp/hard\libcr_c.a(initio.o)
 .ARM.attributes
                0x00000374       0x34 c:/nxp/mcuxpressoide_11.2.0_4095_prc2/ide/plugins/com.nxp.mcuxpresso.tools.win32_11.2.0.202001021529/tools/bin/../lib/gcc/arm-none-eabi/9.2.1/../../../../arm-none-eabi/lib/thumb/v7e-m+fp/hard\libcr_c.a(setvbuf.o)
 .ARM.attributes
                0x000003a8       0x34 c:/nxp/mcuxpressoide_11.2.0_4095_prc2/ide/plugins/com.nxp.mcuxpresso.tools.win32_11.2.0.202001021529/tools/bin/../lib/gcc/arm-none-eabi/9.2.1/../../../../arm-none-eabi/lib/thumb/v7e-m+fp/hard\libcr_c.a(strlen.o)
 .ARM.attributes
                0x000003dc       0x34 c:/nxp/mcuxpressoide_11.2.0_4095_prc2/ide/plugins/com.nxp.mcuxpresso.tools.win32_11.2.0.202001021529/tools/bin/../lib/gcc/arm-none-eabi/9.2.1/../../../../arm-none-eabi/lib/thumb/v7e-m+fp/hard\libcr_c.a(_fdopen.o)
 .ARM.attributes
                0x00000410       0x34 c:/nxp/mcuxpressoide_11.2.0_4095_prc2/ide/plugins/com.nxp.mcuxpresso.tools.win32_11.2.0.202001021529/tools/bin/../lib/gcc/arm-none-eabi/9.2.1/../../../../arm-none-eabi/lib/thumb/v7e-m+fp/hard\libcr_c.a(fclose.o)
 .ARM.attributes
                0x00000444       0x34 c:/nxp/mcuxpressoide_11.2.0_4095_prc2/ide/plugins/com.nxp.mcuxpresso.tools.win32_11.2.0.202001021529/tools/bin/../lib/gcc/arm-none-eabi/9.2.1/../../../../arm-none-eabi/lib/thumb/v7e-m+fp/hard\libcr_c.a(fflush.o)
 .ARM.attributes
                0x00000478       0x34 c:/nxp/mcuxpressoide_11.2.0_4095_prc2/ide/plugins/com.nxp.mcuxpresso.tools.win32_11.2.0.202001021529/tools/bin/../lib/gcc/arm-none-eabi/9.2.1/../../../../arm-none-eabi/lib/thumb/v7e-m+fp/hard\libcr_c.a(fseek.o)
 .ARM.attributes
                0x000004ac       0x34 c:/nxp/mcuxpressoide_11.2.0_4095_prc2/ide/plugins/com.nxp.mcuxpresso.tools.win32_11.2.0.202001021529/tools/bin/../lib/gcc/arm-none-eabi/9.2.1/../../../../arm-none-eabi/lib/thumb/v7e-m+fp/hard\libcr_c.a(ftell.o)
 .ARM.attributes
                0x000004e0       0x34 c:/nxp/mcuxpressoide_11.2.0_4095_prc2/ide/plugins/com.nxp.mcuxpresso.tools.win32_11.2.0.202001021529/tools/bin/../lib/gcc/arm-none-eabi/9.2.1/../../../../arm-none-eabi/lib/thumb/v7e-m+fp/hard\libcr_c.a(remove.o)
 .ARM.attributes
                0x00000514       0x34 c:/nxp/mcuxpressoide_11.2.0_4095_prc2/ide/plugins/com.nxp.mcuxpresso.tools.win32_11.2.0.202001021529/tools/bin/../lib/gcc/arm-none-eabi/9.2.1/../../../../arm-none-eabi/lib/thumb/v7e-m+fp/hard\libcr_c.a(_do_fflush.o)
 .ARM.attributes
                0x00000548       0x34 c:/nxp/mcuxpressoide_11.2.0_4095_prc2/ide/plugins/com.nxp.mcuxpresso.tools.win32_11.2.0.202001021529/tools/bin/../lib/gcc/arm-none-eabi/9.2.1/../../../../arm-none-eabi/lib/thumb/v7e-m+fp/hard\libcr_c.a(_fflush.o)
 .ARM.attributes
                0x0000057c       0x34 c:/nxp/mcuxpressoide_11.2.0_4095_prc2/ide/plugins/com.nxp.mcuxpresso.tools.win32_11.2.0.202001021529/tools/bin/../lib/gcc/arm-none-eabi/9.2.1/../../../../arm-none-eabi/lib/thumb/v7e-m+fp/hard\libcr_c.a(_writebuf.o)
 .ARM.attributes
                0x000005b0       0x34 c:/nxp/mcuxpressoide_11.2.0_4095_prc2/ide/plugins/com.nxp.mcuxpresso.tools.win32_11.2.0.202001021529/tools/bin/../lib/gcc/arm-none-eabi/9.2.1/../../../../arm-none-eabi/lib/thumb/v7e-m+fp/hard\libcr_c.a(alloc.o)
 .ARM.attributes
                0x000005e4       0x39 c:/nxp/mcuxpressoide_11.2.0_4095_prc2/ide/plugins/com.nxp.mcuxpresso.tools.win32_11.2.0.202001021529/tools/bin/../lib/gcc/arm-none-eabi/9.2.1/../../../../arm-none-eabi/lib/thumb/v7e-m+fp/hard\libcr_c.a(errno.o)
 .ARM.attributes
                0x0000061d       0x34 c:/nxp/mcuxpressoide_11.2.0_4095_prc2/ide/plugins/com.nxp.mcuxpresso.tools.win32_11.2.0.202001021529/tools/bin/../lib/gcc/arm-none-eabi/9.2.1/../../../../arm-none-eabi/lib/thumb/v7e-m+fp/hard\libcr_c.a(_deferredlazyseek.o)
 .ARM.attributes
                0x00000651       0x20 c:/nxp/mcuxpressoide_11.2.0_4095_prc2/ide/plugins/com.nxp.mcuxpresso.tools.win32_11.2.0.202001021529/tools/bin/../lib/gcc/arm-none-eabi/9.2.1/thumb/v7e-m+fp/hard\libcr_eabihelpers.a(division_64.o)
 .ARM.attributes
                0x00000671       0x20 c:/nxp/mcuxpressoide_11.2.0_4095_prc2/ide/plugins/com.nxp.mcuxpresso.tools.win32_11.2.0.202001021529/tools/bin/../lib/gcc/arm-none-eabi/9.2.1/thumb/v7e-m+fp/hard\libcr_eabihelpers.a(division_idiv0.o)
 .ARM.attributes
                0x00000691       0x20 c:/nxp/mcuxpressoide_11.2.0_4095_prc2/ide/plugins/com.nxp.mcuxpresso.tools.win32_11.2.0.202001021529/tools/bin/../lib/gcc/arm-none-eabi/9.2.1/thumb/v7e-m+fp/hard\libcr_eabihelpers.a(memcpy.o)
 .ARM.attributes
                0x000006b1       0x39 c:/nxp/mcuxpressoide_11.2.0_4095_prc2/ide/plugins/com.nxp.mcuxpresso.tools.win32_11.2.0.202001021529/tools/bin/../lib/gcc/arm-none-eabi/9.2.1/../../../../arm-none-eabi/lib/thumb/v7e-m+fp/hard\libcr_nohost_nf.a(__ciob.o)
 .ARM.attributes
                0x000006ea       0x34 c:/nxp/mcuxpressoide_11.2.0_4095_prc2/ide/plugins/com.nxp.mcuxpresso.tools.win32_11.2.0.202001021529/tools/bin/../lib/gcc/arm-none-eabi/9.2.1/../../../../arm-none-eabi/lib/thumb/v7e-m+fp/hard\libcr_nohost_nf.a(__sys_close.o)
 .ARM.attributes
                0x0000071e       0x34 c:/nxp/mcuxpressoide_11.2.0_4095_prc2/ide/plugins/com.nxp.mcuxpresso.tools.win32_11.2.0.202001021529/tools/bin/../lib/gcc/arm-none-eabi/9.2.1/../../../../arm-none-eabi/lib/thumb/v7e-m+fp/hard\libcr_nohost_nf.a(__sys_flen.o)
 .ARM.attributes
                0x00000752       0x34 c:/nxp/mcuxpressoide_11.2.0_4095_prc2/ide/plugins/com.nxp.mcuxpresso.tools.win32_11.2.0.202001021529/tools/bin/../lib/gcc/arm-none-eabi/9.2.1/../../../../arm-none-eabi/lib/thumb/v7e-m+fp/hard\libcr_nohost_nf.a(__sys_istty.o)
 .ARM.attributes
                0x00000786       0x34 c:/nxp/mcuxpressoide_11.2.0_4095_prc2/ide/plugins/com.nxp.mcuxpresso.tools.win32_11.2.0.202001021529/tools/bin/../lib/gcc/arm-none-eabi/9.2.1/../../../../arm-none-eabi/lib/thumb/v7e-m+fp/hard\libcr_nohost_nf.a(__sys_remove.o)
 .ARM.attributes
                0x000007ba       0x34 c:/nxp/mcuxpressoide_11.2.0_4095_prc2/ide/plugins/com.nxp.mcuxpresso.tools.win32_11.2.0.202001021529/tools/bin/../lib/gcc/arm-none-eabi/9.2.1/../../../../arm-none-eabi/lib/thumb/v7e-m+fp/hard\libcr_nohost_nf.a(__sys_seek.o)
 .ARM.attributes
                0x000007ee       0x34 c:/nxp/mcuxpressoide_11.2.0_4095_prc2/ide/plugins/com.nxp.mcuxpresso.tools.win32_11.2.0.202001021529/tools/bin/../lib/gcc/arm-none-eabi/9.2.1/../../../../arm-none-eabi/lib/thumb/v7e-m+fp/hard\libcr_nohost_nf.a(__sys_tmpnam.o)
 .ARM.attributes
                0x00000822       0x34 c:/nxp/mcuxpressoide_11.2.0_4095_prc2/ide/plugins/com.nxp.mcuxpresso.tools.win32_11.2.0.202001021529/tools/bin/../lib/gcc/arm-none-eabi/9.2.1/../../../../arm-none-eabi/lib/thumb/v7e-m+fp/hard\libcr_nohost_nf.a(__sys_write.o)

.debug_frame    0x00000000     0x29fc
 .debug_frame   0x00000000      0x224 ./utilities/fsl_debug_console.o
 .debug_frame   0x00000224      0x904 ./startup/startup_mk64f12.o
 .debug_frame   0x00000b28      0x1d0 ./source/K64F_ADC_DMA_Demo.o
 .debug_frame   0x00000cf8       0x34 ./frdmk64f/board.o
 .debug_frame   0x00000d2c      0x124 ./frdmk64f/clock_config.o
 .debug_frame   0x00000e50       0x98 ./frdmk64f/pin_mux.o
 .debug_frame   0x00000ee8      0x224 ./drivers/fsl_adc16.o
 .debug_frame   0x0000110c      0x820 ./drivers/fsl_clock.o
 .debug_frame   0x0000192c       0xa4 ./drivers/fsl_common.o
 .debug_frame   0x000019d0       0xcc ./drivers/fsl_dmamux.o
 .debug_frame   0x00001a9c      0x82c ./drivers/fsl_edma.o
 .debug_frame   0x000022c8       0xf0 ./drivers/fsl_lptmr.o
 .debug_frame   0x000023b8      0x5ec ./drivers/fsl_uart.o
 .debug_frame   0x000029a4       0x58 ./CMSIS/system_MK64F12.o
