fsl_clock.h:716:20:CLOCK_SetSimSafeDivs	8	static
fsl_clock.h:931:20:CLOCK_SetXtal0Freq	16	static
fsl_smc.h:261:20:SMC_SetPowerModeProtection	16	static
fsl_smc.h:280:33:SMC_GetPowerModeState	16	static
clock_config.c:71:13:CLOCK_CONFIG_FllStableDelay	16	static
clock_config.c:86:6:BOARD_RfOscInit	16	static
clock_config.c:129:6:BOARD_InitOsc0	16	static
clock_config.c:145:6:BOARD_InitBootClocks	8	static
clock_config.c:196:6:BOARD_BootClockVLPR	8	static
clock_config.c:274:6:BOARD_BootClockRUN	24	static
