Component: ARM Compiler 5.06 update 6 (build 750) Tool: armlink [4d35ed]

==============================================================================

Section Cross References

    fsl_sdmmc_host.o(i.PORTE_IRQHandler) refers to fsl_sdmmc_host.o(i.SDMMCHOST_NotifyCardInsertStatus) for SDMMCHOST_NotifyCardInsertStatus
    fsl_sdmmc_host.o(i.PORTE_IRQHandler) refers to fsl_sdmmc_event.o(i.SDMMCEVENT_Notify) for SDMMCEVENT_Notify
    fsl_sdmmc_host.o(i.PORTE_IRQHandler) refers to fsl_sdmmc_host.o(.bss) for .bss
    fsl_sdmmc_host.o(i.SDMMCHOST_CardDetectInit) refers to fsl_sdmmc_event.o(i.SDMMCEVENT_Create) for SDMMCEVENT_Create
    fsl_sdmmc_host.o(i.SDMMCHOST_CardDetectInit) refers to fsl_sdmmc_host.o(i.SDMMCHOST_NotifyCardInsertStatus) for SDMMCHOST_NotifyCardInsertStatus
    fsl_sdmmc_host.o(i.SDMMCHOST_Deinit) refers to fsl_sdhc.o(i.SDHC_Deinit) for SDHC_Deinit
    fsl_sdmmc_host.o(i.SDMMCHOST_Deinit) refers to fsl_sdmmc_event.o(i.SDMMCEVENT_Delete) for SDMMCEVENT_Delete
    fsl_sdmmc_host.o(i.SDMMCHOST_Delay) refers to fsl_sdmmc_event.o(i.SDMMCEVENT_Delay) for SDMMCEVENT_Delay
    fsl_sdmmc_host.o(i.SDMMCHOST_DetectCardInsertByHost) refers to fsl_sdmmc_event.o(i.SDMMCEVENT_Notify) for SDMMCEVENT_Notify
    fsl_sdmmc_host.o(i.SDMMCHOST_DetectCardInsertByHost) refers to fsl_sdmmc_host.o(.data) for .data
    fsl_sdmmc_host.o(i.SDMMCHOST_DetectCardRemoveByHost) refers to fsl_sdmmc_host.o(.data) for .data
    fsl_sdmmc_host.o(i.SDMMCHOST_ErrorRecovery) refers to fsl_sdhc.o(i.SDHC_Reset) for SDHC_Reset
    fsl_sdmmc_host.o(i.SDMMCHOST_Init) refers to memseta.o(.text) for __aeabi_memclr4
    fsl_sdmmc_host.o(i.SDMMCHOST_Init) refers to fsl_sdmmc_event.o(i.SDMMCEVENT_InitTimer) for SDMMCEVENT_InitTimer
    fsl_sdmmc_host.o(i.SDMMCHOST_Init) refers to fsl_sdhc.o(i.SDHC_Init) for SDHC_Init
    fsl_sdmmc_host.o(i.SDMMCHOST_Init) refers to fsl_sdhc.o(i.SDHC_TransferCreateHandle) for SDHC_TransferCreateHandle
    fsl_sdmmc_host.o(i.SDMMCHOST_Init) refers to fsl_sdmmc_event.o(i.SDMMCEVENT_Create) for SDMMCEVENT_Create
    fsl_sdmmc_host.o(i.SDMMCHOST_Init) refers to fsl_sdmmc_host.o(i.SDMMCHOST_CardDetectInit) for SDMMCHOST_CardDetectInit
    fsl_sdmmc_host.o(i.SDMMCHOST_Init) refers to fsl_sdmmc_host.o(i.SDMMCHOST_TransferCompleteCallback) for SDMMCHOST_TransferCompleteCallback
    fsl_sdmmc_host.o(i.SDMMCHOST_Init) refers to fsl_sdmmc_host.o(i.SDMMCHOST_DetectCardInsertByHost) for SDMMCHOST_DetectCardInsertByHost
    fsl_sdmmc_host.o(i.SDMMCHOST_Init) refers to fsl_sdmmc_host.o(i.SDMMCHOST_DetectCardRemoveByHost) for SDMMCHOST_DetectCardRemoveByHost
    fsl_sdmmc_host.o(i.SDMMCHOST_Init) refers to fsl_sdmmc_host.o(.bss) for .bss
    fsl_sdmmc_host.o(i.SDMMCHOST_Init) refers to fsl_sdmmc_host.o(i.SDMMCHOST_TransferFunction) for SDMMCHOST_TransferFunction
    fsl_sdmmc_host.o(i.SDMMCHOST_IsCardPresent) refers to fsl_sdmmc_host.o(.data) for .data
    fsl_sdmmc_host.o(i.SDMMCHOST_NotifyCardInsertStatus) refers to fsl_sdmmc_host.o(.data) for .data
    fsl_sdmmc_host.o(i.SDMMCHOST_PowerOffCard) refers to fsl_sdmmc_event.o(i.SDMMCEVENT_Delay) for SDMMCEVENT_Delay
    fsl_sdmmc_host.o(i.SDMMCHOST_PowerOnCard) refers to fsl_sdmmc_event.o(i.SDMMCEVENT_Delay) for SDMMCEVENT_Delay
    fsl_sdmmc_host.o(i.SDMMCHOST_TransferCompleteCallback) refers to fsl_sdmmc_event.o(i.SDMMCEVENT_Notify) for SDMMCEVENT_Notify
    fsl_sdmmc_host.o(i.SDMMCHOST_TransferCompleteCallback) refers to fsl_sdmmc_host.o(.data) for .data
    fsl_sdmmc_host.o(i.SDMMCHOST_TransferFunction) refers to fsl_sdmmc_event.o(i.SDMMCEVENT_Delete) for SDMMCEVENT_Delete
    fsl_sdmmc_host.o(i.SDMMCHOST_TransferFunction) refers to fsl_sdhc.o(i.SDHC_TransferNonBlocking) for SDHC_TransferNonBlocking
    fsl_sdmmc_host.o(i.SDMMCHOST_TransferFunction) refers to fsl_sdmmc_event.o(i.SDMMCEVENT_Wait) for SDMMCEVENT_Wait
    fsl_sdmmc_host.o(i.SDMMCHOST_TransferFunction) refers to fsl_sdmmc_host.o(i.SDMMCHOST_ErrorRecovery) for SDMMCHOST_ErrorRecovery
    fsl_sdmmc_host.o(i.SDMMCHOST_TransferFunction) refers to fsl_sdmmc_host.o(.bss) for .bss
    fsl_sdmmc_host.o(i.SDMMCHOST_TransferFunction) refers to fsl_sdmmc_host.o(.data) for .data
    fsl_sdmmc_host.o(i.SDMMCHOST_WaitCardDetectStatus) refers to fsl_sdmmc_event.o(i.SDMMCEVENT_Wait) for SDMMCEVENT_Wait
    fsl_sdmmc_host.o(i.SDMMCHOST_WaitCardDetectStatus) refers to fsl_sdmmc_host.o(.data) for .data
    fsl_sdmmc_event.o(i.SDMMCEVENT_Create) refers to fsl_sdmmc_event.o(i.SDMMCEVENT_GetInstance) for SDMMCEVENT_GetInstance
    fsl_sdmmc_event.o(i.SDMMCEVENT_Delay) refers to fsl_sdmmc_event.o(.data) for .data
    fsl_sdmmc_event.o(i.SDMMCEVENT_Delete) refers to fsl_sdmmc_event.o(i.SDMMCEVENT_GetInstance) for SDMMCEVENT_GetInstance
    fsl_sdmmc_event.o(i.SDMMCEVENT_GetInstance) refers to fsl_sdmmc_event.o(.data) for .data
    fsl_sdmmc_event.o(i.SDMMCEVENT_InitTimer) refers to fsl_clock.o(i.CLOCK_GetFreq) for CLOCK_GetFreq
[...]
    _main_scatterload                        0x00000415   Thumb Code     0  entry5.o(.ARM.Collect$$$$00000004)
    __main_after_scatterload                 0x00000419   Thumb Code     0  entry5.o(.ARM.Collect$$$$00000004)
    _main_clock                              0x00000419   Thumb Code     0  entry7b.o(.ARM.Collect$$$$00000008)
    _main_cpp_init                           0x00000419   Thumb Code     0  entry8b.o(.ARM.Collect$$$$0000000A)
    _main_init                               0x00000419   Thumb Code     0  entry9a.o(.ARM.Collect$$$$0000000B)
    __rt_final_cpp                           0x00000421   Thumb Code     0  entry10a.o(.ARM.Collect$$$$0000000D)
    __rt_final_exit                          0x00000421   Thumb Code     0  entry11a.o(.ARM.Collect$$$$0000000F)
    __asm___8_fsl_sd_c_66d42394____REV16     0x00000425   Thumb Code     4  fsl_sd.o(.rev16_text)
    Reset_Handler                            0x00000429   Thumb Code    24  startup_mk64f12.o(.text)
    NMI_Handler                              0x00000441   Thumb Code     2  startup_mk64f12.o(.text)
    HardFault_Handler                        0x00000443   Thumb Code     2  startup_mk64f12.o(.text)
    MemManage_Handler                        0x00000445   Thumb Code     2  startup_mk64f12.o(.text)
    BusFault_Handler                         0x00000447   Thumb Code     2  startup_mk64f12.o(.text)
    UsageFault_Handler                       0x00000449   Thumb Code     2  startup_mk64f12.o(.text)
    SVC_Handler                              0x0000044b   Thumb Code     2  startup_mk64f12.o(.text)
    DebugMon_Handler                         0x0000044d   Thumb Code     2  startup_mk64f12.o(.text)
    PendSV_Handler                           0x0000044f   Thumb Code     2  startup_mk64f12.o(.text)
    DMA0_IRQHandler                          0x00000453   Thumb Code     4  startup_mk64f12.o(.text)
    DMA1_IRQHandler                          0x00000457   Thumb Code     4  startup_mk64f12.o(.text)
    DMA2_IRQHandler                          0x0000045b   Thumb Code     4  startup_mk64f12.o(.text)
    DMA3_IRQHandler                          0x0000045f   Thumb Code     4  startup_mk64f12.o(.text)
    DMA4_IRQHandler                          0x00000463   Thumb Code     4  startup_mk64f12.o(.text)
    DMA5_IRQHandler                          0x00000467   Thumb Code     4  startup_mk64f12.o(.text)
    DMA6_IRQHandler                          0x0000046b   Thumb Code     4  startup_mk64f12.o(.text)
    DMA7_IRQHandler                          0x0000046f   Thumb Code     4  startup_mk64f12.o(.text)
    DMA8_IRQHandler                          0x00000473   Thumb Code     4  startup_mk64f12.o(.text)
    DMA9_IRQHandler                          0x00000477   Thumb Code     4  startup_mk64f12.o(.text)
    DMA10_IRQHandler                         0x0000047b   Thumb Code     4  startup_mk64f12.o(.text)
    DMA11_IRQHandler                         0x0000047f   Thumb Code     4  startup_mk64f12.o(.text)
    DMA12_IRQHandler                         0x00000483   Thumb Code     4  startup_mk64f12.o(.text)
    DMA13_IRQHandler                         0x00000487   Thumb Code     4  startup_mk64f12.o(.text)
    DMA14_IRQHandler                         0x0000048b   Thumb Code     4  startup_mk64f12.o(.text)
    DMA15_IRQHandler                         0x0000048f   Thumb Code     4  startup_mk64f12.o(.text)
    DMA_Error_IRQHandler                     0x00000493   Thumb Code     4  startup_mk64f12.o(.text)
    I2C0_IRQHandler                          0x00000497   Thumb Code     4  startup_mk64f12.o(.text)
    I2C1_IRQHandler                          0x0000049b   Thumb Code     4  startup_mk64f12.o(.text)
    SPI0_IRQHandler                          0x0000049f   Thumb Code     4  startup_mk64f12.o(.text)
    SPI1_IRQHandler                          0x000004a3   Thumb Code     4  startup_mk64f12.o(.text)
    I2S0_Tx_IRQHandler                       0x000004a7   Thumb Code     4  startup_mk64f12.o(.text)
    I2S0_Rx_IRQHandler                       0x000004ab   Thumb Code     4  startup_mk64f12.o(.text)
    UART0_LON_IRQHandler                     0x000004af   Thumb Code     4  startup_mk64f12.o(.text)
    UART0_RX_TX_IRQHandler                   0x000004b3   Thumb Code     4  startup_mk64f12.o(.text)
    UART0_ERR_IRQHandler                     0x000004b7   Thumb Code     4  startup_mk64f12.o(.text)
    UART1_RX_TX_IRQHandler                   0x000004bb   Thumb Code     4  startup_mk64f12.o(.text)
    UART1_ERR_IRQHandler                     0x000004bf   Thumb Code     4  startup_mk64f12.o(.text)
    UART2_RX_TX_IRQHandler                   0x000004c3   Thumb Code     4  startup_mk64f12.o(.text)
    UART2_ERR_IRQHandler                     0x000004c7   Thumb Code     4  startup_mk64f12.o(.text)
    UART3_RX_TX_IRQHandler                   0x000004cb   Thumb Code     4  startup_mk64f12.o(.text)
    UART3_ERR_IRQHandler                     0x000004cf   Thumb Code     4  startup_mk64f12.o(.text)
    SPI2_IRQHandler                          0x000004d3   Thumb Code     4  startup_mk64f12.o(.text)
    UART4_RX_TX_IRQHandler                   0x000004d7   Thumb Code     4  startup_mk64f12.o(.text)
    UART4_ERR_IRQHandler                     0x000004db   Thumb Code     4  startup_mk64f12.o(.text)
    UART5_RX_TX_IRQHandler                   0x000004df   Thumb Code     4  startup_mk64f12.o(.text)
    UART5_ERR_IRQHandler                     0x000004e3   Thumb Code     4  startup_mk64f12.o(.text)
    I2C2_IRQHandler                          0x000004e7   Thumb Code     4  startup_mk64f12.o(.text)
    CAN0_ORed_Message_buffer_IRQHandler      0x000004eb   Thumb Code     4  startup_mk64f12.o(.text)
    CAN0_Bus_Off_IRQHandler                  0x000004ef   Thumb Code     4  startup_mk64f12.o(.text)
    CAN0_Error_IRQHandler                    0x000004f3   Thumb Code     4  startup_mk64f12.o(.text)
    CAN0_Tx_Warning_IRQHandler               0x000004f7   Thumb Code     4  startup_mk64f12.o(.text)
    CAN0_Rx_Warning_IRQHandler               0x000004fb   Thumb Code     4  startup_mk64f12.o(.text)
    CAN0_Wake_Up_IRQHandler                  0x000004ff   Thumb Code     4  startup_mk64f12.o(.text)
    SDHC_IRQHandler                          0x00000503   Thumb Code     4  startup_mk64f12.o(.text)
    ENET_1588_Timer_IRQHandler               0x00000507   Thumb Code     4  startup_mk64f12.o(.text)
    ENET_Transmit_IRQHandler                 0x0000050b   Thumb Code     4  startup_mk64f12.o(.text)
    ENET_Receive_IRQHandler                  0x0000050f   Thumb Code     4  startup_mk64f12.o(.text)
    ENET_Error_IRQHandler                    0x00000513   Thumb Code     4  startup_mk64f12.o(.text)
    ADC0_IRQHandler                          0x00000517   Thumb Code     0  startup_mk64f12.o(.text)
    ADC1_IRQHandler                          0x00000517   Thumb Code     0  startup_mk64f12.o(.text)
    CAN0_DriverIRQHandler                    0x00000517   Thumb Code     0  startup_mk64f12.o(.text)
    CMP0_IRQHandler                          0x00000517   Thumb Code     0  startup_mk64f12.o(.text)
    CMP1_IRQHandler                          0x00000517   Thumb Code     0  startup_mk64f12.o(.text)
    CMP2_IRQHandler                          0x00000517   Thumb Code     0  startup_mk64f12.o(.text)
    CMT_IRQHandler                           0x00000517   Thumb Code     0  startup_mk64f12.o(.text)
    DAC0_IRQHandler                          0x00000517   Thumb Code     0  startup_mk64f12.o(.text)
    DAC1_IRQHandler                          0x00000517   Thumb Code     0  startup_mk64f12.o(.text)
    DMA0_DriverIRQHandler                    0x00000517   Thumb Code     0  startup_mk64f12.o(.text)
    DMA10_DriverIRQHandler                   0x00000517   Thumb Code     0  startup_mk64f12.o(.text)
    DMA11_DriverIRQHandler                   0x00000517   Thumb Code     0  startup_mk64f12.o(.text)
    DMA12_DriverIRQHandler                   0x00000517   Thumb Code     0  startup_mk64f12.o(.text)
    DMA13_DriverIRQHandler                   0x00000517   Thumb Code     0  startup_mk64f12.o(.text)
    DMA14_DriverIRQHandler                   0x00000517   Thumb Code     0  startup_mk64f12.o(.text)
    DMA15_DriverIRQHandler                   0x00000517   Thumb Code     0  startup_mk64f12.o(.text)
    DMA1_DriverIRQHandler                    0x00000517   Thumb Code     0  startup_mk64f12.o(.text)
    DMA2_DriverIRQHandler                    0x00000517   Thumb Code     0  startup_mk64f12.o(.text)
    DMA3_DriverIRQHandler                    0x00000517   Thumb Code     0  startup_mk64f12.o(.text)
    DMA4_DriverIRQHandler                    0x00000517   Thumb Code     0  startup_mk64f12.o(.text)
    DMA5_DriverIRQHandler                    0x00000517   Thumb Code     0  startup_mk64f12.o(.text)
    DMA6_DriverIRQHandler                    0x00000517   Thumb Code     0  startup_mk64f12.o(.text)
    DMA7_DriverIRQHandler                    0x00000517   Thumb Code     0  startup_mk64f12.o(.text)
    DMA8_DriverIRQHandler                    0x00000517   Thumb Code     0  startup_mk64f12.o(.text)
    DMA9_DriverIRQHandler                    0x00000517   Thumb Code     0  startup_mk64f12.o(.text)
    DMA_Error_DriverIRQHandler               0x00000517   Thumb Code     0  startup_mk64f12.o(.text)
    DefaultISR                               0x00000517   Thumb Code     0  startup_mk64f12.o(.text)
    ENET_1588_Timer_DriverIRQHandler         0x00000517   Thumb Code     0  startup_mk64f12.o(.text)
    ENET_Error_DriverIRQHandler              0x00000517   Thumb Code     0  startup_mk64f12.o(.text)
    ENET_Receive_DriverIRQHandler            0x00000517   Thumb Code     0  startup_mk64f12.o(.text)
    ENET_Transmit_DriverIRQHandler           0x00000517   Thumb Code     0  startup_mk64f12.o(.text)
    FTFE_IRQHandler                          0x00000517   Thumb Code     0  startup_mk64f12.o(.text)
    FTM0_IRQHandler                          0x00000517   Thumb Code     0  startup_mk64f12.o(.text)
    FTM1_IRQHandler                          0x00000517   Thumb Code     0  startup_mk64f12.o(.text)
    FTM2_IRQHandler                          0x00000517   Thumb Code     0  startup_mk64f12.o(.text)
    FTM3_IRQHandler                          0x00000517   Thumb Code     0  startup_mk64f12.o(.text)
    I2C0_DriverIRQHandler                    0x00000517   Thumb Code     0  startup_mk64f12.o(.text)
    I2C1_DriverIRQHandler                    0x00000517   Thumb Code     0  startup_mk64f12.o(.text)
    I2C2_DriverIRQHandler                    0x00000517   Thumb Code     0  startup_mk64f12.o(.text)
    I2S0_Rx_DriverIRQHandler                 0x00000517   Thumb Code     0  startup_mk64f12.o(.text)
    I2S0_Tx_DriverIRQHandler                 0x00000517   Thumb Code     0  startup_mk64f12.o(.text)
    LLWU_IRQHandler                          0x00000517   Thumb Code     0  startup_mk64f12.o(.text)
    LPTMR0_IRQHandler                        0x00000517   Thumb Code     0  startup_mk64f12.o(.text)
    LVD_LVW_IRQHandler                       0x00000517   Thumb Code     0  startup_mk64f12.o(.text)
    MCG_IRQHandler                           0x00000517   Thumb Code     0  startup_mk64f12.o(.text)
    MCM_IRQHandler                           0x00000517   Thumb Code     0  startup_mk64f12.o(.text)
    PDB0_IRQHandler                          0x00000517   Thumb Code     0  startup_mk64f12.o(.text)
    PIT0_IRQHandler                          0x00000517   Thumb Code     0  startup_mk64f12.o(.text)
    PIT1_IRQHandler                          0x00000517   Thumb Code     0  startup_mk64f12.o(.text)
    PIT2_IRQHandler                          0x00000517   Thumb Code     0  startup_mk64f12.o(.text)
    PIT3_IRQHandler                          0x00000517   Thumb Code     0  startup_mk64f12.o(.text)
    PORTA_IRQHandler                         0x00000517   Thumb Code     0  startup_mk64f12.o(.text)
    PORTB_IRQHandler                         0x00000517   Thumb Code     0  startup_mk64f12.o(.text)
    PORTC_IRQHandler                         0x00000517   Thumb Code     0  startup_mk64f12.o(.text)
    PORTD_IRQHandler                         0x00000517   Thumb Code     0  startup_mk64f12.o(.text)
    RNG_IRQHandler                           0x00000517   Thumb Code     0  startup_mk64f12.o(.text)
    RTC_IRQHandler                           0x00000517   Thumb Code     0  startup_mk64f12.o(.text)
    RTC_Seconds_IRQHandler                   0x00000517   Thumb Code     0  startup_mk64f12.o(.text)
    Read_Collision_IRQHandler                0x00000517   Thumb Code     0  startup_mk64f12.o(.text)
    Reserved71_IRQHandler                    0x00000517   Thumb Code     0  startup_mk64f12.o(.text)
    SPI0_DriverIRQHandler                    0x00000517   Thumb Code     0  startup_mk64f12.o(.text)
    SPI1_DriverIRQHandler                    0x00000517   Thumb Code     0  startup_mk64f12.o(.text)
    SPI2_DriverIRQHandler                    0x00000517   Thumb Code     0  startup_mk64f12.o(.text)
    SWI_IRQHandler                           0x00000517   Thumb Code     0  startup_mk64f12.o(.text)
    UART0_ERR_DriverIRQHandler               0x00000517   Thumb Code     0  startup_mk64f12.o(.text)
    UART0_LON_DriverIRQHandler               0x00000517   Thumb Code     0  startup_mk64f12.o(.text)
    UART1_ERR_DriverIRQHandler               0x00000517   Thumb Code     0  startup_mk64f12.o(.text)
    UART2_ERR_DriverIRQHandler               0x00000517   Thumb Code     0  startup_mk64f12.o(.text)
    UART3_ERR_DriverIRQHandler               0x00000517   Thumb Code     0  startup_mk64f12.o(.text)
    UART4_ERR_DriverIRQHandler               0x00000517   Thumb Code     0  startup_mk64f12.o(.text)
    UART5_ERR_DriverIRQHandler               0x00000517   Thumb Code     0  startup_mk64f12.o(.text)
    USBDCD_IRQHandler                        0x00000517   Thumb Code     0  startup_mk64f12.o(.text)
    WDOG_EWM_IRQHandler                      0x00000517   Thumb Code     0  startup_mk64f12.o(.text)
    __aeabi_memcpy                           0x000005f5   Thumb Code    36  memcpya.o(.text)
    __aeabi_memcpy4                          0x000005f5   Thumb Code     0  memcpya.o(.text)
    __aeabi_memcpy8                          0x000005f5   Thumb Code     0  memcpya.o(.text)
    __aeabi_memset                           0x00000619   Thumb Code    14  memseta.o(.text)
    __aeabi_memset4                          0x00000619   Thumb Code     0  memseta.o(.text)
    __aeabi_memset8                          0x00000619   Thumb Code     0  memseta.o(.text)
    __aeabi_memclr                           0x00000627   Thumb Code     4  memseta.o(.text)
    __aeabi_memclr4                          0x00000627   Thumb Code     0  memseta.o(.text)
    __aeabi_memclr8                          0x00000627   Thumb Code     0  memseta.o(.text)
    _memset$wrapper                          0x0000062b   Thumb Code    18  memseta.o(.text)
    strlen                                   0x0000063d   Thumb Code    14  strlen.o(.text)
    __scatterload                            0x0000064d   Thumb Code    28  init.o(.text)
    __scatterload_rt2                        0x0000064d   Thumb Code     0  init.o(.text)
    __decompress                             0x00000671   Thumb Code     0  __dczerorl2.o(.text)
    __decompress1                            0x00000671   Thumb Code    86  __dczerorl2.o(.text)
    BOARD_BootClockRUN                       0x000006c9   Thumb Code    70  clock_config.o(i.BOARD_BootClockRUN)
    BOARD_InitDebugConsole                   0x0000072d   Thumb Code    24  board.o(i.BOARD_InitDebugConsole)
    BOARD_InitPins                           0x00000745   Thumb Code    96  pin_mux.o(i.BOARD_InitPins)
    CLOCK_BootToFeiMode                      0x000007b9   Thumb Code     4  fsl_clock.o(i.CLOCK_BootToFeiMode)
    CLOCK_BootToPeeMode                      0x000007bd   Thumb Code    42  fsl_clock.o(i.CLOCK_BootToPeeMode)
    CLOCK_EnablePll0                         0x00000805   Thumb Code    40  fsl_clock.o(i.CLOCK_EnablePll0)
    CLOCK_EnableUsbfs0Clock                  0x00000831   Thumb Code   118  fsl_clock.o(i.CLOCK_EnableUsbfs0Clock)
    CLOCK_ExternalModeToFbeModeQuick         0x000008b9   Thumb Code    50  fsl_clock.o(i.CLOCK_ExternalModeToFbeModeQuick)
    CLOCK_GetCoreSysClkFreq                  0x000008f1   Thumb Code    22  fsl_clock.o(i.CLOCK_GetCoreSysClkFreq)
    CLOCK_GetEr32kClkFreq                    0x0000090d   Thumb Code    54  fsl_clock.o(i.CLOCK_GetEr32kClkFreq)
    CLOCK_GetFixedFreqClkFreq                0x0000094d   Thumb Code    28  fsl_clock.o(i.CLOCK_GetFixedFreqClkFreq)
    CLOCK_GetFllFreq                         0x00000969   Thumb Code    52  fsl_clock.o(i.CLOCK_GetFllFreq)
    CLOCK_GetFreq                            0x00000a05   Thumb Code   158  fsl_clock.o(i.CLOCK_GetFreq)
    CLOCK_GetInternalRefClkFreq              0x00000aad   Thumb Code    16  fsl_clock.o(i.CLOCK_GetInternalRefClkFreq)
    CLOCK_GetOsc0ErClkFreq                   0x00000b15   Thumb Code    18  fsl_clock.o(i.CLOCK_GetOsc0ErClkFreq)
    CLOCK_GetOutClkFreq                      0x00000b31   Thumb Code    42  fsl_clock.o(i.CLOCK_GetOutClkFreq)
    CLOCK_GetPll0Freq                        0x00000b61   Thumb Code    42  fsl_clock.o(i.CLOCK_GetPll0Freq)
    CLOCK_GetPllFllSelClkFreq                0x00000b91   Thumb Code    34  fsl_clock.o(i.CLOCK_GetPllFllSelClkFreq)
    CLOCK_InitOsc0                           0x00000bbd   Thumb Code    96  fsl_clock.o(i.CLOCK_InitOsc0)
    CLOCK_SetExternalRefClkConfig            0x00000c29   Thumb Code    44  fsl_clock.o(i.CLOCK_SetExternalRefClkConfig)
    CLOCK_SetFeiMode                         0x00000c59   Thumb Code    80  fsl_clock.o(i.CLOCK_SetFeiMode)
    CLOCK_SetInternalRefClkConfig            0x00000cad   Thumb Code   110  fsl_clock.o(i.CLOCK_SetInternalRefClkConfig)
    CLOCK_SetPbeMode                         0x00000d21   Thumb Code    72  fsl_clock.o(i.CLOCK_SetPbeMode)
    CLOCK_SetSimConfig                       0x00000d6d   Thumb Code    30  fsl_clock.o(i.CLOCK_SetSimConfig)
    DbgConsole_Init                          0x00000e01   Thumb Code    94  fsl_debug_console.o(i.DbgConsole_Init)
    DbgConsole_Printf                        0x00000ea5   Thumb Code    48  fsl_debug_console.o(i.DbgConsole_Printf)
    DbgConsole_SendDataReliable              0x00000edd   Thumb Code    26  fsl_debug_console.o(i.DbgConsole_SendDataReliable)
    FLASH_Erase                              0x00000efd   Thumb Code    74  fsl_ftfx_flash.o(i.FLASH_Erase)
    FLASH_GetProperty                        0x00000f47   Thumb Code   104  fsl_ftfx_flash.o(i.FLASH_GetProperty)
    FLASH_GetSecurityState                   0x00000faf   Thumb Code     4  fsl_ftfx_flash.o(i.FLASH_GetSecurityState)
    FLASH_Init                               0x00000fb5   Thumb Code   266  fsl_ftfx_flash.o(i.FLASH_Init)
    FLASH_Program                            0x000010c9   Thumb Code    76  fsl_ftfx_flash.o(i.FLASH_Program)
    FLASH_VerifyErase                        0x00001115   Thumb Code    74  fsl_ftfx_flash.o(i.FLASH_VerifyErase)
    FLASH_VerifyProgram                      0x0000115f   Thumb Code    92  fsl_ftfx_flash.o(i.FLASH_VerifyProgram)
    FTFx_API_Init                            0x000011bd   Thumb Code    78  fsl_ftfx_controller.o(i.FTFx_API_Init)
    FTFx_CACHE_ClearCachePrefetchSpeculation 0x00001215   Thumb Code    20  fsl_ftfx_cache.o(i.FTFx_CACHE_ClearCachePrefetchSpeculation)
    FTFx_CACHE_Init                          0x00001229   Thumb Code    32  fsl_ftfx_cache.o(i.FTFx_CACHE_Init)
    FTFx_CMD_Erase                           0x00001251   Thumb Code    98  fsl_ftfx_controller.o(i.FTFx_CMD_Erase)
    FTFx_CMD_Program                         0x000012b9   Thumb Code   124  fsl_ftfx_controller.o(i.FTFx_CMD_Program)
    FTFx_CMD_VerifyErase                     0x00001339   Thumb Code   134  fsl_ftfx_controller.o(i.FTFx_CMD_VerifyErase)
    FTFx_CMD_VerifyProgram                   0x000013c5   Thumb Code   120  fsl_ftfx_controller.o(i.FTFx_CMD_VerifyProgram)
    FTFx_REG_GetSecurityState                0x00001441   Thumb Code    44  fsl_ftfx_controller.o(i.FTFx_REG_GetSecurityState)
    HAL_UartInit                             0x00001489   Thumb Code   124  uart_adapter.o(i.HAL_UartInit)
    HAL_UartSendBlocking                     0x00001509   Thumb Code    18  uart_adapter.o(i.HAL_UartSendBlocking)
    PORTE_IRQHandler                         0x000015c5   Thumb Code    54  fsl_sdmmc_host.o(i.PORTE_IRQHandler)
    SDHC_Deinit                              0x00001609   Thumb Code    30  fsl_sdhc.o(i.SDHC_Deinit)
    SDHC_DriverIRQHandler                    0x00001631   Thumb Code    20  fsl_sdhc.o(i.SDHC_DriverIRQHandler)
    SDHC_GetCapability                       0x0000164d   Thumb Code    46  fsl_sdhc.o(i.SDHC_GetCapability)
    SDHC_Init                                0x00001699   Thumb Code   120  fsl_sdhc.o(i.SDHC_Init)
    SDHC_Reset                               0x000017b9   Thumb Code    34  fsl_sdhc.o(i.SDHC_Reset)
    SDHC_SetAdmaTableConfig                  0x000017dd   Thumb Code   158  fsl_sdhc.o(i.SDHC_SetAdmaTableConfig)
    SDHC_SetCardActive                       0x00001881   Thumb Code    30  fsl_sdhc.o(i.SDHC_SetCardActive)
    SDHC_SetSdClock                          0x000018a1   Thumb Code   166  fsl_sdhc.o(i.SDHC_SetSdClock)
    SDHC_SetTransferConfig                   0x0000194d   Thumb Code    48  fsl_sdhc.o(i.SDHC_SetTransferConfig)
    SDHC_TransferCreateHandle                0x00001ab5   Thumb Code   112  fsl_sdhc.o(i.SDHC_TransferCreateHandle)
    SDHC_TransferHandleIRQ                   0x00001b9d   Thumb Code   156  fsl_sdhc.o(i.SDHC_TransferHandleIRQ)
    SDHC_TransferNonBlocking                 0x00001c41   Thumb Code   114  fsl_sdhc.o(i.SDHC_TransferNonBlocking)
    SDMMCEVENT_Create                        0x00001cfb   Thumb Code    18  fsl_sdmmc_event.o(i.SDMMCEVENT_Create)
    SDMMCEVENT_Delay                         0x00001d0d   Thumb Code    18  fsl_sdmmc_event.o(i.SDMMCEVENT_Delay)
    SDMMCEVENT_Delete                        0x00001d25   Thumb Code    16  fsl_sdmmc_event.o(i.SDMMCEVENT_Delete)
    SDMMCEVENT_InitTimer                     0x00001d4d   Thumb Code    48  fsl_sdmmc_event.o(i.SDMMCEVENT_InitTimer)
    SDMMCEVENT_Notify                        0x00001d81   Thumb Code    18  fsl_sdmmc_event.o(i.SDMMCEVENT_Notify)
    SDMMCEVENT_Wait                          0x00001d95   Thumb Code    44  fsl_sdmmc_event.o(i.SDMMCEVENT_Wait)
    SDMMCHOST_Deinit                         0x00001e51   Thumb Code    24  fsl_sdmmc_host.o(i.SDMMCHOST_Deinit)
    SDMMCHOST_Delay                          0x00001e69   Thumb Code     4  fsl_sdmmc_host.o(i.SDMMCHOST_Delay)
    SDMMCHOST_ErrorRecovery                  0x00001ec9   Thumb Code    44  fsl_sdmmc_host.o(i.SDMMCHOST_ErrorRecovery)
    SDMMCHOST_Init                           0x00001ef5   Thumb Code   106  fsl_sdmmc_host.o(i.SDMMCHOST_Init)
    SDMMCHOST_PowerOffCard                   0x00001fa5   Thumb Code    22  fsl_sdmmc_host.o(i.SDMMCHOST_PowerOffCard)
    SDMMCHOST_PowerOnCard                    0x00001fbb   Thumb Code    26  fsl_sdmmc_host.o(i.SDMMCHOST_PowerOnCard)
    SDMMCHOST_Reset                          0x00001fd5   Thumb Code     2  fsl_sdmmc_host.o(i.SDMMCHOST_Reset)
    SDMMCHOST_WaitCardDetectStatus           0x00002041   Thumb Code    40  fsl_sdmmc_host.o(i.SDMMCHOST_WaitCardDetectStatus)
    SDMMC_ExecuteTuning                      0x0000206d   Thumb Code    94  fsl_sdmmc_common.o(i.SDMMC_ExecuteTuning)
    SDMMC_GoIdle                             0x000020cb   Thumb Code    44  fsl_sdmmc_common.o(i.SDMMC_GoIdle)
    SDMMC_SelectCard                         0x000020f9   Thumb Code    82  fsl_sdmmc_common.o(i.SDMMC_SelectCard)
    SDMMC_SendApplicationCommand             0x00002151   Thumb Code    80  fsl_sdmmc_common.o(i.SDMMC_SendApplicationCommand)
    SDMMC_SetBlockSize                       0x000021a5   Thumb Code    62  fsl_sdmmc_common.o(i.SDMMC_SetBlockSize)
    SDMMC_SwitchToVoltage                    0x000021e9   Thumb Code    20  fsl_sdmmc_common.o(i.SDMMC_SwitchToVoltage)
    SD_CardDeinit                            0x00002307   Thumb Code     6  fsl_sd.o(i.SD_CardDeinit)
    SD_CardInit                              0x0000230d   Thumb Code   376  fsl_sd.o(i.SD_CardInit)
    SD_Deinit                                0x0000270b   Thumb Code    18  fsl_sd.o(i.SD_Deinit)
    SD_HostDeinit                            0x00002725   Thumb Code    16  fsl_sd.o(i.SD_HostDeinit)
    SD_HostInit                              0x00002735   Thumb Code    36  fsl_sd.o(i.SD_HostInit)
    SD_HostReset                             0x00002759   Thumb Code     6  fsl_sd.o(i.SD_HostReset)
    SD_Init                                  0x0000275f   Thumb Code    76  fsl_sd.o(i.SD_Init)
    SD_PowerOffCard                          0x000027ab   Thumb Code     4  fsl_sd.o(i.SD_PowerOffCard)
    SD_PowerOnCard                           0x000027af   Thumb Code     4  fsl_sd.o(i.SD_PowerOnCard)
    SD_ProbeBusVoltage                       0x000027b3   Thumb Code   234  fsl_sd.o(i.SD_ProbeBusVoltage)
    SD_ReadBlocks                            0x00002945   Thumb Code   138  fsl_sd.o(i.SD_ReadBlocks)
    SD_ReadStatus                            0x000029d5   Thumb Code   188  fsl_sd.o(i.SD_ReadStatus)
    SD_SelectCard                            0x00002b05   Thumb Code    12  fsl_sd.o(i.SD_SelectCard)
    SD_WaitCardDetectStatus                  0x00002e71   Thumb Code     4  fsl_sd.o(i.SD_WaitCardDetectStatus)
    SD_WriteBlocks                           0x00002f95   Thumb Code   148  fsl_sd.o(i.SD_WriteBlocks)
    SerialManager_Init                       0x00003041   Thumb Code    40  serial_manager.o(i.SerialManager_Init)
    SerialManager_OpenReadHandle             0x00003069   Thumb Code    22  serial_manager.o(i.SerialManager_OpenReadHandle)
    SerialManager_OpenWriteHandle            0x0000307f   Thumb Code    16  serial_manager.o(i.SerialManager_OpenWriteHandle)
    SerialManager_WriteBlocking              0x0000308f   Thumb Code    30  serial_manager.o(i.SerialManager_WriteBlocking)
    Serial_UartInit                          0x000030ad   Thumb Code    58  serial_port_uart.o(i.Serial_UartInit)
    Serial_UartWrite                         0x000030e7   Thumb Code     4  serial_port_uart.o(i.Serial_UartWrite)
    StrFormatPrintf                          0x000030ed   Thumb Code   386  fsl_str.o(i.StrFormatPrintf)
    SysTick_Handler                          0x00003271   Thumb Code    10  fsl_sdmmc_event.o(i.SysTick_Handler)
    SystemCoreClockUpdate                    0x00003281   Thumb Code   316  system_mk64f12.o(i.SystemCoreClockUpdate)
    SystemInit                               0x000033d5   Thumb Code    38  system_mk64f12.o(i.SystemInit)
    SystemInitHook                           0x00003405   Thumb Code     2  system_mk64f12.o(i.SystemInitHook)
    UART0_DriverIRQHandler                   0x00003409   Thumb Code    20  fsl_uart.o(i.UART0_DriverIRQHandler)
    UART0_RX_TX_DriverIRQHandler             0x00003429   Thumb Code    12  fsl_uart.o(i.UART0_RX_TX_DriverIRQHandler)
    UART1_DriverIRQHandler                   0x00003435   Thumb Code    20  fsl_uart.o(i.UART1_DriverIRQHandler)
    UART1_RX_TX_DriverIRQHandler             0x00003455   Thumb Code    12  fsl_uart.o(i.UART1_RX_TX_DriverIRQHandler)
    UART2_DriverIRQHandler                   0x00003461   Thumb Code    20  fsl_uart.o(i.UART2_DriverIRQHandler)
    UART2_RX_TX_DriverIRQHandler             0x00003481   Thumb Code    12  fsl_uart.o(i.UART2_RX_TX_DriverIRQHandler)
    UART3_DriverIRQHandler                   0x0000348d   Thumb Code    20  fsl_uart.o(i.UART3_DriverIRQHandler)
    UART3_RX_TX_DriverIRQHandler             0x000034ad   Thumb Code    12  fsl_uart.o(i.UART3_RX_TX_DriverIRQHandler)
    UART4_DriverIRQHandler                   0x000034b9   Thumb Code    20  fsl_uart.o(i.UART4_DriverIRQHandler)
    UART4_RX_TX_DriverIRQHandler             0x000034d9   Thumb Code    12  fsl_uart.o(i.UART4_RX_TX_DriverIRQHandler)
    UART5_DriverIRQHandler                   0x000034e5   Thumb Code    20  fsl_uart.o(i.UART5_DriverIRQHandler)
    UART5_RX_TX_DriverIRQHandler             0x00003505   Thumb Code    12  fsl_uart.o(i.UART5_RX_TX_DriverIRQHandler)
    UART_GetDefaultConfig                    0x00003511   Thumb Code    36  fsl_uart.o(i.UART_GetDefaultConfig)
    UART_GetInstance                         0x00003535   Thumb Code    28  fsl_uart.o(i.UART_GetInstance)
    UART_Init                                0x00003555   Thumb Code   254  fsl_uart.o(i.UART_Init)
    UART_WriteBlocking                       0x0000365d   Thumb Code    20  fsl_uart.o(i.UART_WriteBlocking)
    USB0_IRQHandler                          0x00003671   Thumb Code    16  disk_sdcard.o(i.USB0_IRQHandler)
    USB_DeviceApplicationInit                0x000036c9   Thumb Code   238  disk_sdcard.o(i.USB_DeviceApplicationInit)
    USB_DeviceCallback                       0x0000383d   Thumb Code   104  disk_sdcard.o(i.USB_DeviceCallback)
    USB_DeviceCancel                         0x000038ad   Thumb Code    20  usb_device_dci.o(i.USB_DeviceCancel)
    USB_DeviceClockInit                      0x00003b59   Thumb Code    20  disk_sdcard.o(i.USB_DeviceClockInit)
    USB_DeviceConfigureEndpointStatus        0x00003b71   Thumb Code   310  disk_sdcard.o(i.USB_DeviceConfigureEndpointStatus)
    USB_DeviceConfigureRemoteWakeup          0x00003cb1   Thumb Code     4  disk_sdcard.o(i.USB_DeviceConfigureRemoteWakeup)
    USB_DeviceControlCallback                0x00003cc9   Thumb Code   264  usb_device_ch9.o(i.USB_DeviceControlCallback)
    USB_DeviceControlPipeInit                0x00003e39   Thumb Code    90  usb_device_ch9.o(i.USB_DeviceControlPipeInit)
    USB_DeviceDeinit                         0x00003e99   Thumb Code    34  usb_device_dci.o(i.USB_DeviceDeinit)
    USB_DeviceDeinitEndpoint                 0x00003ebb   Thumb Code    60  usb_device_dci.o(i.USB_DeviceDeinitEndpoint)
    USB_DeviceGetClassReceiveBuffer          0x00003f15   Thumb Code    20  disk_sdcard.o(i.USB_DeviceGetClassReceiveBuffer)
    USB_DeviceGetConfigure                   0x00003f2d   Thumb Code    10  usb_device_descriptor.o(i.USB_DeviceGetConfigure)
    USB_DeviceGetDescriptor                  0x00003f3d   Thumb Code   136  usb_device_descriptor.o(i.USB_DeviceGetDescriptor)
    USB_DeviceGetInterface                   0x00003fc9   Thumb Code    10  usb_device_descriptor.o(i.USB_DeviceGetInterface)
    USB_DeviceGetSetupBuffer                 0x00003fd9   Thumb Code    14  disk_sdcard.o(i.USB_DeviceGetSetupBuffer)
    USB_DeviceGetStatus                      0x00003fed   Thumb Code    76  usb_device_dci.o(i.USB_DeviceGetStatus)
    USB_DeviceInit                           0x00004039   Thumb Code   166  usb_device_dci.o(i.USB_DeviceInit)
    USB_DeviceInitEndpoint                   0x000040e5   Thumb Code    64  usb_device_dci.o(i.USB_DeviceInitEndpoint)
    USB_DeviceIsrEnable                      0x00004125   Thumb Code    48  disk_sdcard.o(i.USB_DeviceIsrEnable)
    USB_DeviceKhciCancel                     0x00004159   Thumb Code    60  usb_device_khci.o(i.USB_DeviceKhciCancel)
    USB_DeviceKhciControl                    0x00004195   Thumb Code   364  usb_device_khci.o(i.USB_DeviceKhciControl)
    USB_DeviceKhciDeinit                     0x00004301   Thumb Code    54  usb_device_khci.o(i.USB_DeviceKhciDeinit)
    USB_DeviceKhciInit                       0x000044f5   Thumb Code    94  usb_device_khci.o(i.USB_DeviceKhciInit)
    USB_DeviceKhciIsrFunction                0x00004717   Thumb Code   134  usb_device_khci.o(i.USB_DeviceKhciIsrFunction)
    USB_DeviceKhciRecv                       0x000047cb   Thumb Code   130  usb_device_khci.o(i.USB_DeviceKhciRecv)
    USB_DeviceKhciSend                       0x0000484d   Thumb Code   106  usb_device_khci.o(i.USB_DeviceKhciSend)
    USB_DeviceMscApp                         0x00004961   Thumb Code   128  disk_sdcard.o(i.USB_DeviceMscApp)
    USB_DeviceMscAppTask                     0x00004a25   Thumb Code    16  disk_sdcard.o(i.USB_DeviceMscAppTask)
    USB_DeviceMscBulkIn                      0x00004a39   Thumb Code   208  disk_sdcard.o(i.USB_DeviceMscBulkIn)
    USB_DeviceMscBulkOut                     0x00004b11   Thumb Code   496  disk_sdcard.o(i.USB_DeviceMscBulkOut)
    USB_DeviceMscCardInit                    0x00004d15   Thumb Code    58  disk_sdcard.o(i.USB_DeviceMscCardInit)
    USB_DeviceMscEndpointsDeinit             0x00004d75   Thumb Code    34  disk_sdcard.o(i.USB_DeviceMscEndpointsDeinit)
    USB_DeviceMscEndpointsInit               0x00004da1   Thumb Code   182  disk_sdcard.o(i.USB_DeviceMscEndpointsInit)
    USB_DeviceMscLbaTransfer                 0x00004e69   Thumb Code    30  disk_sdcard.o(i.USB_DeviceMscLbaTransfer)
    USB_DeviceMscProcessUfiCommand           0x00004e89   Thumb Code   324  disk_sdcard.o(i.USB_DeviceMscProcessUfiCommand)
    USB_DeviceMscRecv                        0x00004fd1   Thumb Code    86  disk_sdcard.o(i.USB_DeviceMscRecv)
    USB_DeviceMscSend                        0x0000502d   Thumb Code   128  disk_sdcard.o(i.USB_DeviceMscSend)
    USB_DeviceMscUfiFormatUnitCommand        0x000050b9   Thumb Code    72  usb_device_msc_ufi.o(i.USB_DeviceMscUfiFormatUnitCommand)
    USB_DeviceMscUfiInquiryCommand           0x00005101   Thumb Code    24  usb_device_msc_ufi.o(i.USB_DeviceMscUfiInquiryCommand)
    USB_DeviceMscUfiModeSelectCommand        0x0000511d   Thumb Code    50  usb_device_msc_ufi.o(i.USB_DeviceMscUfiModeSelectCommand)
    USB_DeviceMscUfiModeSenseCommand         0x00005155   Thumb Code    24  usb_device_msc_ufi.o(i.USB_DeviceMscUfiModeSenseCommand)
    USB_DeviceMscUfiPreventAllowMediumCommand 0x00005171   Thumb Code    66  usb_device_msc_ufi.o(i.USB_DeviceMscUfiPreventAllowMediumCommand)
    USB_DeviceMscUfiReadCapacityCommand      0x000051b3   Thumb Code    40  usb_device_msc_ufi.o(i.USB_DeviceMscUfiReadCapacityCommand)
    USB_DeviceMscUfiReadCommand              0x000051db   Thumb Code    96  usb_device_msc_ufi.o(i.USB_DeviceMscUfiReadCommand)
    USB_DeviceMscUfiReadFormatCapacityCommand 0x0000523d   Thumb Code   216  usb_device_msc_ufi.o(i.USB_DeviceMscUfiReadFormatCapacityCommand)
    USB_DeviceMscUfiRequestSenseCommand      0x00005315   Thumb Code    24  usb_device_msc_ufi.o(i.USB_DeviceMscUfiRequestSenseCommand)
    USB_DeviceMscUfiSendDiagnosticCommand    0x0000532d   Thumb Code    20  usb_device_msc_ufi.o(i.USB_DeviceMscUfiSendDiagnosticCommand)
    USB_DeviceMscUfiStartStopUnitCommand     0x00005341   Thumb Code    20  usb_device_msc_ufi.o(i.USB_DeviceMscUfiStartStopUnitCommand)
    USB_DeviceMscUfiTestUnitReadyCommand     0x00005355   Thumb Code    20  usb_device_msc_ufi.o(i.USB_DeviceMscUfiTestUnitReadyCommand)
    USB_DeviceMscUfiThirteenCasesCheck       0x00005369   Thumb Code   564  usb_device_msc_ufi.o(i.USB_DeviceMscUfiThirteenCasesCheck)
    USB_DeviceMscUfiUnsupportCommand         0x0000559d   Thumb Code    36  usb_device_msc_ufi.o(i.USB_DeviceMscUfiUnsupportCommand)
    USB_DeviceMscUfiVerifyCommand            0x000055c1   Thumb Code    20  usb_device_msc_ufi.o(i.USB_DeviceMscUfiVerifyCommand)
    USB_DeviceMscUfiWriteCommand             0x000055d5   Thumb Code    96  usb_device_msc_ufi.o(i.USB_DeviceMscUfiWriteCommand)
    USB_DeviceNotificationTrigger            0x000056c7   Thumb Code    20  usb_device_dci.o(i.USB_DeviceNotificationTrigger)
    USB_DeviceProcessClassRequest            0x000056dd   Thumb Code   102  disk_sdcard.o(i.USB_DeviceProcessClassRequest)
    USB_DeviceRecvRequest                    0x00005749   Thumb Code     8  usb_device_dci.o(i.USB_DeviceRecvRequest)
    USB_DeviceRun                            0x00005751   Thumb Code     8  usb_device_dci.o(i.USB_DeviceRun)
    USB_DeviceSendRequest                    0x00005759   Thumb Code    12  usb_device_dci.o(i.USB_DeviceSendRequest)
    USB_DeviceSetConfigure                   0x00005765   Thumb Code    20  usb_device_descriptor.o(i.USB_DeviceSetConfigure)
    USB_DeviceSetInterface                   0x0000577d   Thumb Code    20  usb_device_descriptor.o(i.USB_DeviceSetInterface)
    USB_DeviceSetStatus                      0x00005795   Thumb Code   110  usb_device_dci.o(i.USB_DeviceSetStatus)
    USB_DeviceStallEndpoint                  0x00005803   Thumb Code    28  usb_device_dci.o(i.USB_DeviceStallEndpoint)
    USB_DeviceStop                           0x0000581f   Thumb Code     8  usb_device_dci.o(i.USB_DeviceStop)
    USB_DeviceUnstallEndpoint                0x0000589d   Thumb Code    28  usb_device_dci.o(i.USB_DeviceUnstallEndpoint)
    USB_OsaEnterCritical                     0x000058b9   Thumb Code    12  usb_osa_bm.o(i.USB_OsaEnterCritical)
    USB_OsaExitCritical                      0x000058c5   Thumb Code     6  usb_osa_bm.o(i.USB_OsaExitCritical)
    __scatterload_copy                       0x000058eb   Thumb Code    14  handlers.o(i.__scatterload_copy)
    __scatterload_null                       0x000058f9   Thumb Code     2  handlers.o(i.__scatterload_null)
    __scatterload_zeroinit                   0x000058fb   Thumb Code    14  handlers.o(i.__scatterload_zeroinit)
    deinit                                   0x00005b81   Thumb Code    50  update_bootloader.o(i.deinit)
    disk_initialize                          0x00005dad   Thumb Code    12  diskio.o(i.disk_initialize)
    disk_ioctl                               0x00005db9   Thumb Code    12  diskio.o(i.disk_ioctl)
    disk_read                                0x00005dc5   Thumb Code    14  diskio.o(i.disk_read)
    disk_status                              0x00005dd3   Thumb Code    12  diskio.o(i.disk_status)
    disk_write                               0x00005ddf   Thumb Code    14  diskio.o(i.disk_write)
    f_chdrive                                0x00005ded   Thumb Code    24  ff.o(i.f_chdrive)
    f_close                                  0x00005e09   Thumb Code    30  ff.o(i.f_close)
    f_mount                                  0x00005e29   Thumb Code    66  ff.o(i.f_mount)
    f_open                                   0x00005e71   Thumb Code   420  ff.o(i.f_open)
    f_read                                   0x00006019   Thumb Code   324  ff.o(i.f_read)
    f_sync                                   0x0000615d   Thumb Code   138  ff.o(i.f_sync)
    fmc_flash_cache_clear                    0x000064c9   Thumb Code    20  fsl_ftfx_cache.o(i.fmc_flash_cache_clear)
    fmc_flash_prefetch_speculation_clear     0x000064e1   Thumb Code    20  fsl_ftfx_cache.o(i.fmc_flash_prefetch_speculation_clear)
    main                                     0x000067bf   Thumb Code    26  disk_sdcard.o(i.main)
    mountFile                                0x00006815   Thumb Code    72  disk_sdcard.o(i.mountFile)
    sd_disk_initialize                       0x00006a8d   Thumb Code    48  fsl_sd_disk.o(i.sd_disk_initialize)
    sd_disk_ioctl                            0x00006ac1   Thumb Code    58  fsl_sd_disk.o(i.sd_disk_ioctl)
    sd_disk_read                             0x00006b01   Thumb Code    24  fsl_sd_disk.o(i.sd_disk_read)
    sd_disk_status                           0x00006b1d   Thumb Code    12  fsl_sd_disk.o(i.sd_disk_status)
    sd_disk_write                            0x00006b29   Thumb Code    24  fsl_sd_disk.o(i.sd_disk_write)
    update_bootloader                        0x00006cdd   Thumb Code   286  update_bootloader.o(i.update_bootloader)
    driverNumberBuffer                       0x00006e3c   Data           3  disk_sdcard.o(.constdata)
    simConfig_BOARD_BootClockRUN             0x00006e88   Data           8  clock_config.o(.constdata)
    oscConfig_BOARD_BootClockRUN             0x00006e90   Data           8  clock_config.o(.constdata)
    simConfig_BOARD_BootClockVLPR            0x00006e98   Data           8  clock_config.o(.constdata)
    mcgConfig_BOARD_BootClockRUN             0x00006ea0   Data          11  clock_config.o(.constdata)
    Region$$Table$$Base                      0x000070c0   Number         0  anon$$obj.o(Region$$Table)
    Region$$Table$$Limit                     0x000070e0   Number         0  anon$$obj.o(Region$$Table)
    g_sdhcTransferSuccessFlag                0x20000000   Data           1  fsl_sdmmc_host.o(.data)
    g_eventTimeMilliseconds                  0x2000000c   Data           4  fsl_sdmmc_event.o(.data)
    g_InquiryInfo                            0x20000010   Data          36  disk_sdcard.o(.data)
    g_ModeParametersHeader                   0x20000034   Data           8  disk_sdcard.o(.data)
    wrFlag                                   0x2000003c   Data           1  disk_sdcard.o(.data)
    g_mscHandle                              0x20000040   Data           4  disk_sdcard.o(.data)
    usbDeviceMscCard                         0x20000048   Data           4  disk_sdcard.o(.data)
    g_readCapacity                           0x2000005c   Data           8  disk_sdcard.o(.data)
    g_UsbDeviceCurrentConfigure              0x20000064   Data           1  usb_device_descriptor.o(.data)
    g_UsbDeviceInterface                     0x20000065   Data           1  usb_device_descriptor.o(.data)
    g_UsbDeviceDescriptor                    0x20000068   Data          18  usb_device_descriptor.o(.data)
    g_UsbDeviceConfigurationDescriptor       0x2000007c   Data          32  usb_device_descriptor.o(.data)
    g_UsbDeviceLanguageList                  0x2000009c   Data          16  usb_device_descriptor.o(.data)
    g_UsbDeviceString0                       0x200000ac   Data           4  usb_device_descriptor.o(.data)
    g_UsbDeviceString1                       0x200000b0   Data          38  usb_device_descriptor.o(.data)
    g_UsbDeviceString2                       0x200000d8   Data          34  usb_device_descriptor.o(.data)
    g_UsbDeviceString3                       0x200000fc   Data          34  usb_device_descriptor.o(.data)
    g_UsbDeviceStringN                       0x20000120   Data          34  usb_device_descriptor.o(.data)
    g_UsbStringDescriptorSize                0x20000144   Data          20  usb_device_descriptor.o(.data)
    g_UsbStringDescriptors                   0x20000158   Data          20  usb_device_descriptor.o(.data)
    g_UsbLanguage                            0x2000016c   Data          12  usb_device_descriptor.o(.data)
    g_xtal0Freq                              0x2000018c   Data           4  fsl_clock.o(.data)
    g_xtal32Freq                             0x20000190   Data           4  fsl_clock.o(.data)
    g_serialHandle                           0x20000198   Data           4  fsl_debug_console.o(.data)
    SystemCoreClock                          0x2000019c   Data           4  system_mk64f12.o(.data)
    s_sdhcHandle                             0x200001b0   Data          36  fsl_sdmmc_host.o(.bss)
    g_mscCbw                                 0x200001f4   Data          32  disk_sdcard.o(.bss)
    g_mscCsw                                 0x20000214   Data          16  disk_sdcard.o(.bss)
    g_requestSense                           0x20000224   Data          18  disk_sdcard.o(.bss)
    g_readCapacity16                         0x20000238   Data          12  disk_sdcard.o(.bss)
    g_formatCapacityData                     0x20000244   Data          36  disk_sdcard.o(.bss)
    g_msc                                    0x20000268   Data         128  disk_sdcard.o(.bss)
    g_mscReadRequestBuffer                   0x200002e8   Data        4096  disk_sdcard.o(.bss)
    g_mscWriteRequestBuffer                  0x200012e8   Data        4096  disk_sdcard.o(.bss)
    g_sdmmc                                  0x200027dc   Data         512  fsl_sdmmc_common.o(.bss)
    g_sd                                     0x200029f8   Data         216  fsl_sd_disk.o(.bss)
    Image$$ARM_LIB_HEAP$$ZI$$Base            0x20002f54   Number         0  anon$$obj.o ABSOLUTE
    Image$$ARM_LIB_HEAP$$ZI$$Limit           0x20003054   Number         0  anon$$obj.o ABSOLUTE
    Image$$ARM_LIB_STACK$$ZI$$Limit          0x20030000   Number         0  anon$$obj.o ABSOLUTE



==============================================================================

Memory Map of the image

  Image Entry point : 0x00000411

  Load Region LR_m_text (Base: 0x00000000, Size: 0x00007290, Max: 0x00100000, ABSOLUTE, COMPRESSED[0x000071e0])

    Execution Region VECTOR_ROM (Exec base: 0x00000000, Load base: 0x00000000, Size: 0x00000400, Max: 0x00000400, ABSOLUTE)

    Exec Addr    Load Addr    Size         Type   Attr      Idx    E Section Name        Object

    0x00000000   0x00000000   0x00000400   Data   RO         3384    RESET               startup_mk64f12.o


    Execution Region ER_m_flash_config (Exec base: 0x00000400, Load base: 0x00000400, Size: 0x00000010, Max: 0x00000010, ABSOLUTE, FIXED)

    Exec Addr    Load Addr    Size         Type   Attr      Idx    E Section Name        Object

    0x00000400   0x00000400   0x00000010   Data   RO         3385    FlashConfig         startup_mk64f12.o


    Execution Region ER_m_text (Exec base: 0x00000410, Load base: 0x00000410, Size: 0x00006cd0, Max: 0x000ffbf0, ABSOLUTE)

    Exec Addr    Load Addr    Size         Type   Attr      Idx    E Section Name        Object

    0x00000410   0x00000410   0x00000000   Code   RO         4097  * .ARM.Collect$$$$00000000  mc_w.l(entry.o)
    0x00000410   0x00000410   0x00000004   Code   RO         4136    .ARM.Collect$$$$00000003  mc_w.l(entry4.o)
    0x00000414   0x00000414   0x00000004   Code   RO         4139    .ARM.Collect$$$$00000004  mc_w.l(entry5.o)
    0x00000418   0x00000418   0x00000000   Code   RO         4141    .ARM.Collect$$$$00000008  mc_w.l(entry7b.o)
    0x00000418   0x00000418   0x00000000   Code   RO         4143    .ARM.Collect$$$$0000000A  mc_w.l(entry8b.o)
    0x00000418   0x00000418   0x00000008   Code   RO         4144    .ARM.Collect$$$$0000000B  mc_w.l(entry9a.o)
    0x00000420   0x00000420   0x00000000   Code   RO         4146    .ARM.Collect$$$$0000000D  mc_w.l(entry10a.o)
    0x00000420   0x00000420   0x00000000   Code   RO         4148    .ARM.Collect$$$$0000000F  mc_w.l(entry11a.o)
    0x00000420   0x00000420   0x00000004   Code   RO         4137    .ARM.Collect$$$$00002714  mc_w.l(entry4.o)
    0x00000424   0x00000424   0x00000004   Code   RO         2622    .rev16_text         fsl_sd.o
    0x00000428   0x00000428   0x000001cc   Code   RO         3386    .text               startup_mk64f12.o
    0x000005f4   0x000005f4   0x00000024   Code   RO         4100    .text               mc_w.l(memcpya.o)
    0x00000618   0x00000618   0x00000024   Code   RO         4102    .text               mc_w.l(memseta.o)
    0x0000063c   0x0000063c   0x0000000e   Code   RO         4104    .text               mc_w.l(strlen.o)
    0x0000064a   0x0000064a   0x00000002   PAD
    0x0000064c   0x0000064c   0x00000024   Code   RO         4152    .text               mc_w.l(init.o)
    0x00000670   0x00000670   0x00000056   Code   RO         4162    .text               mc_w.l(__dczerorl2.o)
    0x000006c6   0x000006c6   0x00000002   PAD
    0x000006c8   0x000006c8   0x00000064   Code   RO          917    i.BOARD_BootClockRUN  clock_config.o
    0x0000072c   0x0000072c   0x00000018   Code   RO          893    i.BOARD_InitDebugConsole  board.o
    0x00000744   0x00000744   0x00000074   Code   RO          969    i.BOARD_InitPins    pin_mux.o
    0x000007b8   0x000007b8   0x00000004   Code   RO         1411    i.CLOCK_BootToFeiMode  fsl_clock.o
    0x000007bc   0x000007bc   0x00000030   Code   RO         1412    i.CLOCK_BootToPeeMode  fsl_clock.o
    0x000007ec   0x000007ec   0x00000018   Code   RO          970    i.CLOCK_EnableClock  pin_mux.o
    0x00000804   0x00000804   0x0000002c   Code   RO         1416    i.CLOCK_EnablePll0  fsl_clock.o
    0x00000830   0x00000830   0x00000088   Code   RO         1417    i.CLOCK_EnableUsbfs0Clock  fsl_clock.o
    0x000008b8   0x000008b8   0x00000038   Code   RO         1418    i.CLOCK_ExternalModeToFbeModeQuick  fsl_clock.o
    0x000008f0   0x000008f0   0x0000001c   Code   RO         1421    i.CLOCK_GetCoreSysClkFreq  fsl_clock.o
    0x0000090c   0x0000090c   0x00000040   Code   RO         1422    i.CLOCK_GetEr32kClkFreq  fsl_clock.o
    0x0000094c   0x0000094c   0x0000001c   Code   RO         1423    i.CLOCK_GetFixedFreqClkFreq  fsl_clock.o
    0x00000968   0x00000968   0x0000003c   Code   RO         1426    i.CLOCK_GetFllFreq  fsl_clock.o
    0x000009a4   0x000009a4   0x00000060   Code   RO         1427    i.CLOCK_GetFllRefClkFreq  fsl_clock.o
    0x00000a04   0x00000a04   0x000000a8   Code   RO         1428    i.CLOCK_GetFreq     fsl_clock.o
    0x00000aac   0x00000aac   0x00000014   Code   RO         1429    i.CLOCK_GetInternalRefClkFreq  fsl_clock.o
    0x00000ac0   0x00000ac0   0x00000024   Code   RO         1430    i.CLOCK_GetInternalRefClkSelectFreq  fsl_clock.o
    0x00000ae4   0x00000ae4   0x00000030   Code   RO         1431    i.CLOCK_GetMcgExtClkFreq  fsl_clock.o
    0x00000b14   0x00000b14   0x0000001c   Code   RO         1433    i.CLOCK_GetOsc0ErClkFreq  fsl_clock.o
    0x00000b30   0x00000b30   0x00000030   Code   RO         1434    i.CLOCK_GetOutClkFreq  fsl_clock.o
    0x00000b60   0x00000b60   0x00000030   Code   RO         1436    i.CLOCK_GetPll0Freq  fsl_clock.o
    0x00000b90   0x00000b90   0x0000002c   Code   RO         1437    i.CLOCK_GetPllFllSelClkFreq  fsl_clock.o
    0x00000bbc   0x00000bbc   0x0000006c   Code   RO         1439    i.CLOCK_InitOsc0    fsl_clock.o
    0x00000c28   0x00000c28   0x00000030   Code   RO         1443    i.CLOCK_SetExternalRefClkConfig  fsl_clock.o
    0x00000c58   0x00000c58   0x00000054   Code   RO         1447    i.CLOCK_SetFeiMode  fsl_clock.o
    0x00000cac   0x00000cac   0x00000074   Code   RO         1448    i.CLOCK_SetInternalRefClkConfig  fsl_clock.o
    0x00000d20   0x00000d20   0x0000004c   Code   RO         1451    i.CLOCK_SetPbeMode  fsl_clock.o
    0x00000d6c   0x00000d6c   0x00000028   Code   RO         1455    i.CLOCK_SetSimConfig  fsl_clock.o
    0x00000d94   0x00000d94   0x0000006c   Code   RO         3089    i.ConvertRadixNumToString  fsl_str.o
    0x00000e00   0x00000e00   0x0000006c   Code   RO         2937    i.DbgConsole_Init   fsl_debug_console.o
    0x00000e6c   0x00000e6c   0x00000038   Code   RO         2938    i.DbgConsole_PrintCallback  fsl_debug_console.o
    0x00000ea4   0x00000ea4   0x00000038   Code   RO         2939    i.DbgConsole_Printf  fsl_debug_console.o
    0x00000edc   0x00000edc   0x00000020   Code   RO         2946    i.DbgConsole_SendDataReliable  fsl_debug_console.o
    0x00000efc   0x00000efc   0x0000004a   Code   RO         2319    i.FLASH_Erase       fsl_ftfx_flash.o
    0x00000f46   0x00000f46   0x00000068   Code   RO         2321    i.FLASH_GetProperty  fsl_ftfx_flash.o
    0x00000fae   0x00000fae   0x00000004   Code   RO         2322    i.FLASH_GetSecurityState  fsl_ftfx_flash.o
    0x00000fb2   0x00000fb2   0x00000002   PAD
    0x00000fb4   0x00000fb4   0x00000114   Code   RO         2323    i.FLASH_Init        fsl_ftfx_flash.o
    0x000010c8   0x000010c8   0x0000004c   Code   RO         2327    i.FLASH_Program     fsl_ftfx_flash.o
    0x00001114   0x00001114   0x0000004a   Code   RO         2334    i.FLASH_VerifyErase  fsl_ftfx_flash.o
    0x0000115e   0x0000115e   0x0000005c   Code   RO         2336    i.FLASH_VerifyProgram  fsl_ftfx_flash.o
    0x000011ba   0x000011ba   0x00000002   PAD
    0x000011bc   0x000011bc   0x00000058   Code   RO         2177    i.FTFx_API_Init     fsl_ftfx_controller.o
    0x00001214   0x00001214   0x00000014   Code   RO         2099    i.FTFx_CACHE_ClearCachePrefetchSpeculation  fsl_ftfx_cache.o
    0x00001228   0x00001228   0x00000028   Code   RO         2100    i.FTFx_CACHE_Init   fsl_ftfx_cache.o
    0x00001250   0x00001250   0x00000068   Code   RO         2178    i.FTFx_CMD_Erase    fsl_ftfx_controller.o
    0x000012b8   0x000012b8   0x00000080   Code   RO         2181    i.FTFx_CMD_Program  fsl_ftfx_controller.o
    0x00001338   0x00001338   0x0000008c   Code   RO         2188    i.FTFx_CMD_VerifyErase  fsl_ftfx_controller.o
    0x000013c4   0x000013c4   0x0000007c   Code   RO         2191    i.FTFx_CMD_VerifyProgram  fsl_ftfx_controller.o
    0x00001440   0x00001440   0x0000003c   Code   RO         2192    i.FTFx_REG_GetSecurityState  fsl_ftfx_controller.o
    0x0000147c   0x0000147c   0x0000000a   Code   RO         3152    i.HAL_UartGetStatus  uart_adapter.o
    0x00001486   0x00001486   0x00000002   PAD
    0x00001488   0x00001488   0x00000080   Code   RO         3153    i.HAL_UartInit      uart_adapter.o
    0x00001508   0x00001508   0x00000018   Code   RO         3155    i.HAL_UartSendBlocking  uart_adapter.o
    0x00001520   0x00001520   0x000000a4   Code   RO         4009    i.InitAndErase      update_bootloader.o
    0x000015c4   0x000015c4   0x00000044   Code   RO            6    i.PORTE_IRQHandler  fsl_sdmmc_host.o
    0x00001608   0x00001608   0x00000028   Code   RO         1111    i.SDHC_Deinit       fsl_sdhc.o
    0x00001630   0x00001630   0x0000001c   Code   RO         1112    i.SDHC_DriverIRQHandler  fsl_sdhc.o
    0x0000164c   0x0000164c   0x0000002e   Code   RO         1114    i.SDHC_GetCapability  fsl_sdhc.o
    0x0000167a   0x0000167a   0x00000002   PAD
    0x0000167c   0x0000167c   0x0000001c   Code   RO         1115    i.SDHC_GetInstance  fsl_sdhc.o
    0x00001698   0x00001698   0x00000080   Code   RO         1116    i.SDHC_Init         fsl_sdhc.o
    0x00001718   0x00001718   0x00000046   Code   RO         1117    i.SDHC_ReadDataPort  fsl_sdhc.o
    0x0000175e   0x0000175e   0x0000005a   Code   RO         1118    i.SDHC_ReceiveCommandResponse  fsl_sdhc.o
    0x000017b8   0x000017b8   0x00000022   Code   RO         1119    i.SDHC_Reset        fsl_sdhc.o
    0x000017da   0x000017da   0x00000002   PAD
    0x000017dc   0x000017dc   0x000000a4   Code   RO         1120    i.SDHC_SetAdmaTableConfig  fsl_sdhc.o
    0x00001880   0x00001880   0x0000001e   Code   RO         1121    i.SDHC_SetCardActive  fsl_sdhc.o
    0x0000189e   0x0000189e   0x00000002   PAD
    0x000018a0   0x000018a0   0x000000ac   Code   RO         1123    i.SDHC_SetSdClock   fsl_sdhc.o
    0x0000194c   0x0000194c   0x00000034   Code   RO         1124    i.SDHC_SetTransferConfig  fsl_sdhc.o
    0x00001980   0x00001980   0x00000070   Code   RO         1125    i.SDHC_SetTransferInterrupt  fsl_sdhc.o
    0x000019f0   0x000019f0   0x000000c4   Code   RO         1126    i.SDHC_StartTransfer  fsl_sdhc.o
    0x00001ab4   0x00001ab4   0x0000007c   Code   RO         1129    i.SDHC_TransferCreateHandle  fsl_sdhc.o
    0x00001b30   0x00001b30   0x0000006c   Code   RO         1130    i.SDHC_TransferHandleData  fsl_sdhc.o
    0x00001b9c   0x00001b9c   0x000000a4   Code   RO         1131    i.SDHC_TransferHandleIRQ  fsl_sdhc.o
    0x00001c40   0x00001c40   0x00000072   Code   RO         1132    i.SDHC_TransferNonBlocking  fsl_sdhc.o
    0x00001cb2   0x00001cb2   0x00000048   Code   RO         1134    i.SDHC_WriteDataPort  fsl_sdhc.o
    0x00001cfa   0x00001cfa   0x00000012   Code   RO          190    i.SDMMCEVENT_Create  fsl_sdmmc_event.o
    0x00001d0c   0x00001d0c   0x00000018   Code   RO          191    i.SDMMCEVENT_Delay  fsl_sdmmc_event.o
    0x00001d24   0x00001d24   0x00000010   Code   RO          192    i.SDMMCEVENT_Delete  fsl_sdmmc_event.o
    0x00001d34   0x00001d34   0x00000018   Code   RO          193    i.SDMMCEVENT_GetInstance  fsl_sdmmc_event.o
    0x00001d4c   0x00001d4c   0x00000034   Code   RO          194    i.SDMMCEVENT_InitTimer  fsl_sdmmc_event.o
    0x00001d80   0x00001d80   0x00000012   Code   RO          195    i.SDMMCEVENT_Notify  fsl_sdmmc_event.o
    0x00001d92   0x00001d92   0x00000002   PAD
    0x00001d94   0x00001d94   0x00000030   Code   RO          196    i.SDMMCEVENT_Wait   fsl_sdmmc_event.o
    0x00001dc4   0x00001dc4   0x0000008c   Code   RO            7    i.SDMMCHOST_CardDetectInit  fsl_sdmmc_host.o
    0x00001e50   0x00001e50   0x00000018   Code   RO            8    i.SDMMCHOST_Deinit  fsl_sdmmc_host.o
    0x00001e68   0x00001e68   0x00000004   Code   RO            9    i.SDMMCHOST_Delay   fsl_sdmmc_host.o
    0x00001e6c   0x00001e6c   0x00000038   Code   RO           10    i.SDMMCHOST_DetectCardInsertByHost  fsl_sdmmc_host.o
    0x00001ea4   0x00001ea4   0x00000024   Code   RO           11    i.SDMMCHOST_DetectCardRemoveByHost  fsl_sdmmc_host.o
    0x00001ec8   0x00001ec8   0x0000002c   Code   RO           12    i.SDMMCHOST_ErrorRecovery  fsl_sdmmc_host.o
    0x00001ef4   0x00001ef4   0x00000080   Code   RO           13    i.SDMMCHOST_Init    fsl_sdmmc_host.o
    0x00001f74   0x00001f74   0x00000030   Code   RO           15    i.SDMMCHOST_NotifyCardInsertStatus  fsl_sdmmc_host.o
    0x00001fa4   0x00001fa4   0x00000016   Code   RO           16    i.SDMMCHOST_PowerOffCard  fsl_sdmmc_host.o
    0x00001fba   0x00001fba   0x0000001a   Code   RO           17    i.SDMMCHOST_PowerOnCard  fsl_sdmmc_host.o
    0x00001fd4   0x00001fd4   0x00000002   Code   RO           18    i.SDMMCHOST_Reset   fsl_sdmmc_host.o
    0x00001fd6   0x00001fd6   0x00000002   PAD
    0x00001fd8   0x00001fd8   0x00000018   Code   RO           19    i.SDMMCHOST_TransferCompleteCallback  fsl_sdmmc_host.o
    0x00001ff0   0x00001ff0   0x00000050   Code   RO           20    i.SDMMCHOST_TransferFunction  fsl_sdmmc_host.o
    0x00002040   0x00002040   0x0000002c   Code   RO           21    i.SDMMCHOST_WaitCardDetectStatus  fsl_sdmmc_host.o
    0x0000206c   0x0000206c   0x0000005e   Code   RO         2856    i.SDMMC_ExecuteTuning  fsl_sdmmc_common.o
    0x000020ca   0x000020ca   0x0000002c   Code   RO         2857    i.SDMMC_GoIdle      fsl_sdmmc_common.o
    0x000020f6   0x000020f6   0x00000002   PAD
    0x000020f8   0x000020f8   0x00000058   Code   RO         2858    i.SDMMC_SelectCard  fsl_sdmmc_common.o
    0x00002150   0x00002150   0x00000054   Code   RO         2859    i.SDMMC_SendApplicationCommand  fsl_sdmmc_common.o
    0x000021a4   0x000021a4   0x00000044   Code   RO         2861    i.SDMMC_SetBlockSize  fsl_sdmmc_common.o
    0x000021e8   0x000021e8   0x00000014   Code   RO         2863    i.SDMMC_SwitchToVoltage  fsl_sdmmc_common.o
    0x000021fc   0x000021fc   0x00000088   Code   RO         2625    i.SD_AllSendCid     fsl_sd.o
    0x00002284   0x00002284   0x00000082   Code   RO         2626    i.SD_ApplicationSendOperationCondition  fsl_sd.o
    0x00002306   0x00002306   0x00000006   Code   RO         2627    i.SD_CardDeinit     fsl_sd.o
    0x0000230c   0x0000230c   0x00000180   Code   RO         2628    i.SD_CardInit       fsl_sd.o
    0x0000248c   0x0000248c   0x0000017a   Code   RO         2630    i.SD_DecodeCsd      fsl_sd.o
    0x00002606   0x00002606   0x000000aa   Code   RO         2631    i.SD_DecodeScr      fsl_sd.o
    0x000026b0   0x000026b0   0x0000005a   Code   RO         2632    i.SD_DecodeStatus   fsl_sd.o
    0x0000270a   0x0000270a   0x00000012   Code   RO         2633    i.SD_Deinit         fsl_sd.o
    0x0000271c   0x0000271c   0x00000008   Code   RO         2636    i.SD_GoIdle         fsl_sd.o
    0x00002724   0x00002724   0x00000010   Code   RO         2637    i.SD_HostDeinit     fsl_sd.o
    0x00002734   0x00002734   0x00000024   Code   RO         2638    i.SD_HostInit       fsl_sd.o
    0x00002758   0x00002758   0x00000006   Code   RO         2639    i.SD_HostReset      fsl_sd.o
    0x0000275e   0x0000275e   0x0000004c   Code   RO         2640    i.SD_Init           fsl_sd.o
    0x000027aa   0x000027aa   0x00000004   Code   RO         2642    i.SD_PowerOffCard   fsl_sd.o
    0x000027ae   0x000027ae   0x00000004   Code   RO         2643    i.SD_PowerOnCard    fsl_sd.o
    0x000027b2   0x000027b2   0x000000ea   Code   RO         2644    i.SD_ProbeBusVoltage  fsl_sd.o
    0x0000289c   0x0000289c   0x000000a8   Code   RO         2645    i.SD_Read           fsl_sd.o
    0x00002944   0x00002944   0x00000090   Code   RO         2646    i.SD_ReadBlocks     fsl_sd.o
    0x000029d4   0x000029d4   0x000000c4   Code   RO         2647    i.SD_ReadStatus     fsl_sd.o
    0x00002a98   0x00002a98   0x0000006c   Code   RO         2648    i.SD_SelectBusTiming  fsl_sd.o
    0x00002b04   0x00002b04   0x0000000c   Code   RO         2649    i.SD_SelectCard     fsl_sd.o
    0x00002b10   0x00002b10   0x00000150   Code   RO         2650    i.SD_SelectFunction  fsl_sd.o
    0x00002c60   0x00002c60   0x0000000c   Code   RO         2651    i.SD_SendApplicationCmd  fsl_sd.o
    0x00002c6c   0x00002c6c   0x000000b4   Code   RO         2652    i.SD_SendScr        fsl_sd.o
    0x00002d20   0x00002d20   0x00000088   Code   RO         2653    i.SD_SendWriteSuccessBlocks  fsl_sd.o
    0x00002da8   0x00002da8   0x00000062   Code   RO         2656    i.SD_SwitchFunction  fsl_sd.o
    0x00002e0a   0x00002e0a   0x00000002   PAD
    0x00002e0c   0x00002e0c   0x00000064   Code   RO         2657    i.SD_Transfer       fsl_sd.o
    0x00002e70   0x00002e70   0x00000004   Code   RO         2658    i.SD_WaitCardDetectStatus  fsl_sd.o
    0x00002e74   0x00002e74   0x0000004e   Code   RO         2659    i.SD_WaitWriteComplete  fsl_sd.o
    0x00002ec2   0x00002ec2   0x00000002   PAD
    0x00002ec4   0x00002ec4   0x000000d0   Code   RO         2660    i.SD_Write          fsl_sd.o
    0x00002f94   0x00002f94   0x00000098   Code   RO         2661    i.SD_WriteBlocks    fsl_sd.o
    0x0000302c   0x0000302c   0x00000014   Code   RO          275    i.SYSMPU_Enable     disk_sdcard.o
    0x00003040   0x00003040   0x00000028   Code   RO         3211    i.SerialManager_Init  serial_manager.o
    0x00003068   0x00003068   0x00000016   Code   RO         3212    i.SerialManager_OpenReadHandle  serial_manager.o
    0x0000307e   0x0000307e   0x00000010   Code   RO         3213    i.SerialManager_OpenWriteHandle  serial_manager.o
    0x0000308e   0x0000308e   0x0000001e   Code   RO         3215    i.SerialManager_WriteBlocking  serial_manager.o
    0x000030ac   0x000030ac   0x0000003a   Code   RO         3288    i.Serial_UartInit   serial_port_uart.o
    0x000030e6   0x000030e6   0x00000004   Code   RO         3290    i.Serial_UartWrite  serial_port_uart.o
    0x000030ea   0x000030ea   0x00000002   PAD
    0x000030ec   0x000030ec   0x00000182   Code   RO         3091    i.StrFormatPrintf   fsl_str.o
    0x0000326e   0x0000326e   0x00000002   PAD
    0x00003270   0x00003270   0x00000010   Code   RO          197    i.SysTick_Handler   fsl_sdmmc_event.o
    0x00003280   0x00003280   0x00000154   Code   RO         3332    i.SystemCoreClockUpdate  system_mk64f12.o
    0x000033d4   0x000033d4   0x00000030   Code   RO         3333    i.SystemInit        system_mk64f12.o
    0x00003404   0x00003404   0x00000002   Code   RO         3334    i.SystemInitHook    system_mk64f12.o
    0x00003406   0x00003406   0x00000002   PAD
    0x00003408   0x00003408   0x00000020   Code   RO         1723    i.UART0_DriverIRQHandler  fsl_uart.o
    0x00003428   0x00003428   0x0000000c   Code   RO         1724    i.UART0_RX_TX_DriverIRQHandler  fsl_uart.o
    0x00003434   0x00003434   0x00000020   Code   RO         1725    i.UART1_DriverIRQHandler  fsl_uart.o
    0x00003454   0x00003454   0x0000000c   Code   RO         1726    i.UART1_RX_TX_DriverIRQHandler  fsl_uart.o
    0x00003460   0x00003460   0x00000020   Code   RO         1727    i.UART2_DriverIRQHandler  fsl_uart.o
    0x00003480   0x00003480   0x0000000c   Code   RO         1728    i.UART2_RX_TX_DriverIRQHandler  fsl_uart.o
    0x0000348c   0x0000348c   0x00000020   Code   RO         1729    i.UART3_DriverIRQHandler  fsl_uart.o
    0x000034ac   0x000034ac   0x0000000c   Code   RO         1730    i.UART3_RX_TX_DriverIRQHandler  fsl_uart.o
    0x000034b8   0x000034b8   0x00000020   Code   RO         1731    i.UART4_DriverIRQHandler  fsl_uart.o
    0x000034d8   0x000034d8   0x0000000c   Code   RO         1732    i.UART4_RX_TX_DriverIRQHandler  fsl_uart.o
    0x000034e4   0x000034e4   0x00000020   Code   RO         1733    i.UART5_DriverIRQHandler  fsl_uart.o
    0x00003504   0x00003504   0x0000000c   Code   RO         1734    i.UART5_RX_TX_DriverIRQHandler  fsl_uart.o
    0x00003510   0x00003510   0x00000024   Code   RO         1739    i.UART_GetDefaultConfig  fsl_uart.o
    0x00003534   0x00003534   0x00000020   Code   RO         1741    i.UART_GetInstance  fsl_uart.o
    0x00003554   0x00003554   0x00000108   Code   RO         1743    i.UART_Init         fsl_uart.o
    0x0000365c   0x0000365c   0x00000014   Code   RO         1760    i.UART_WriteBlocking  fsl_uart.o
    0x00003670   0x00003670   0x00000014   Code   RO          276    i.USB0_IRQHandler   disk_sdcard.o
    0x00003684   0x00003684   0x00000044   Code   RO         2486    i.USB_DeviceAllocateHandle  usb_device_dci.o
    0x000036c8   0x000036c8   0x00000174   Code   RO          277    i.USB_DeviceApplicationInit  disk_sdcard.o
    0x0000383c   0x0000383c   0x00000070   Code   RO          278    i.USB_DeviceCallback  disk_sdcard.o
    0x000038ac   0x000038ac   0x00000014   Code   RO         2487    i.USB_DeviceCancel  usb_device_dci.o
    0x000038c0   0x000038c0   0x00000034   Code   RO          674    i.USB_DeviceCh9GetConfiguration  usb_device_ch9.o
    0x000038f4   0x000038f4   0x00000032   Code   RO          675    i.USB_DeviceCh9GetDescriptor  usb_device_ch9.o
    0x00003926   0x00003926   0x00000002   PAD
    0x00003928   0x00003928   0x0000003c   Code   RO          676    i.USB_DeviceCh9GetInterface  usb_device_ch9.o
    0x00003964   0x00003964   0x00000088   Code   RO          677    i.USB_DeviceCh9GetStatus  usb_device_ch9.o
    0x000039ec   0x000039ec   0x00000050   Code   RO          678    i.USB_DeviceCh9SetAddress  usb_device_ch9.o
    0x00003a3c   0x00003a3c   0x0000006e   Code   RO          679    i.USB_DeviceCh9SetClearFeature  usb_device_ch9.o
    0x00003aaa   0x00003aaa   0x0000004a   Code   RO          680    i.USB_DeviceCh9SetConfiguration  usb_device_ch9.o
    0x00003af4   0x00003af4   0x00000024   Code   RO          681    i.USB_DeviceCh9SetInterface  usb_device_ch9.o
    0x00003b18   0x00003b18   0x00000040   Code   RO          682    i.USB_DeviceCh9SynchFrame  usb_device_ch9.o
    0x00003b58   0x00003b58   0x00000018   Code   RO          279    i.USB_DeviceClockInit  disk_sdcard.o
    0x00003b70   0x00003b70   0x00000140   Code   RO          280    i.USB_DeviceConfigureEndpointStatus  disk_sdcard.o
    0x00003cb0   0x00003cb0   0x00000004   Code   RO          281    i.USB_DeviceConfigureRemoteWakeup  disk_sdcard.o
    0x00003cb4   0x00003cb4   0x00000014   Code   RO         2488    i.USB_DeviceControl  usb_device_dci.o
    0x00003cc8   0x00003cc8   0x0000010c   Code   RO          683    i.USB_DeviceControlCallback  usb_device_ch9.o
    0x00003dd4   0x00003dd4   0x00000062   Code   RO          684    i.USB_DeviceControlCallbackFeedback  usb_device_ch9.o
    0x00003e36   0x00003e36   0x00000002   PAD
    0x00003e38   0x00003e38   0x00000060   Code   RO          685    i.USB_DeviceControlPipeInit  usb_device_ch9.o
    0x00003e98   0x00003e98   0x00000022   Code   RO         2489    i.USB_DeviceDeinit  usb_device_dci.o
    0x00003eba   0x00003eba   0x0000003c   Code   RO         2490    i.USB_DeviceDeinitEndpoint  usb_device_dci.o
    0x00003ef6   0x00003ef6   0x0000001c   Code   RO         2491    i.USB_DeviceFreeHandle  usb_device_dci.o
    0x00003f12   0x00003f12   0x00000002   PAD
    0x00003f14   0x00003f14   0x00000018   Code   RO          282    i.USB_DeviceGetClassReceiveBuffer  disk_sdcard.o
    0x00003f2c   0x00003f2c   0x00000010   Code   RO          605    i.USB_DeviceGetConfigure  usb_device_descriptor.o
    0x00003f3c   0x00003f3c   0x0000008c   Code   RO          606    i.USB_DeviceGetDescriptor  usb_device_descriptor.o
    0x00003fc8   0x00003fc8   0x00000010   Code   RO          607    i.USB_DeviceGetInterface  usb_device_descriptor.o
    0x00003fd8   0x00003fd8   0x00000014   Code   RO          283    i.USB_DeviceGetSetupBuffer  disk_sdcard.o
    0x00003fec   0x00003fec   0x0000004c   Code   RO         2492    i.USB_DeviceGetStatus  usb_device_dci.o
    0x00004038   0x00004038   0x000000ac   Code   RO         2494    i.USB_DeviceInit    usb_device_dci.o
    0x000040e4   0x000040e4   0x00000040   Code   RO         2495    i.USB_DeviceInitEndpoint  usb_device_dci.o
    0x00004124   0x00004124   0x00000034   Code   RO          285    i.USB_DeviceIsrEnable  disk_sdcard.o
    0x00004158   0x00004158   0x0000003c   Code   RO         1006    i.USB_DeviceKhciCancel  usb_device_khci.o
    0x00004194   0x00004194   0x0000016c   Code   RO         1007    i.USB_DeviceKhciControl  usb_device_khci.o
    0x00004300   0x00004300   0x00000036   Code   RO         1008    i.USB_DeviceKhciDeinit  usb_device_khci.o
    0x00004336   0x00004336   0x0000002e   Code   RO         1009    i.USB_DeviceKhciEndpointDeinit  usb_device_khci.o
    0x00004364   0x00004364   0x0000007e   Code   RO         1010    i.USB_DeviceKhciEndpointInit  usb_device_khci.o
    0x000043e2   0x000043e2   0x0000008c   Code   RO         1011    i.USB_DeviceKhciEndpointTransfer  usb_device_khci.o
    0x0000446e   0x0000446e   0x00000084   Code   RO         1012    i.USB_DeviceKhciEndpointUnstall  usb_device_khci.o
    0x000044f2   0x000044f2   0x00000002   PAD
    0x000044f4   0x000044f4   0x0000006c   Code   RO         1013    i.USB_DeviceKhciInit  usb_device_khci.o
    0x00004560   0x00004560   0x000001b6   Code   RO         1014    i.USB_DeviceKhciInterruptTokenDone  usb_device_khci.o
    0x00004716   0x00004716   0x00000086   Code   RO         1015    i.USB_DeviceKhciIsrFunction  usb_device_khci.o
    0x0000479c   0x0000479c   0x0000002e   Code   RO         1016    i.USB_DeviceKhciPrimeNextSetup  usb_device_khci.o
    0x000047ca   0x000047ca   0x00000082   Code   RO         1017    i.USB_DeviceKhciRecv  usb_device_khci.o
    0x0000484c   0x0000484c   0x0000006a   Code   RO         1018    i.USB_DeviceKhciSend  usb_device_khci.o
    0x000048b6   0x000048b6   0x000000aa   Code   RO         1019    i.USB_DeviceKhciSetDefaultState  usb_device_khci.o
    0x00004960   0x00004960   0x000000c4   Code   RO          286    i.USB_DeviceMscApp  disk_sdcard.o
    0x00004a24   0x00004a24   0x00000014   Code   RO          287    i.USB_DeviceMscAppTask  disk_sdcard.o
    0x00004a38   0x00004a38   0x000000d8   Code   RO          288    i.USB_DeviceMscBulkIn  disk_sdcard.o
    0x00004b10   0x00004b10   0x00000204   Code   RO          289    i.USB_DeviceMscBulkOut  disk_sdcard.o
    0x00004d14   0x00004d14   0x00000060   Code   RO          290    i.USB_DeviceMscCardInit  disk_sdcard.o
    0x00004d74   0x00004d74   0x0000002c   Code   RO          291    i.USB_DeviceMscEndpointsDeinit  disk_sdcard.o
    0x00004da0   0x00004da0   0x000000c8   Code   RO          292    i.USB_DeviceMscEndpointsInit  disk_sdcard.o
    0x00004e68   0x00004e68   0x0000001e   Code   RO          293    i.USB_DeviceMscLbaTransfer  disk_sdcard.o
    0x00004e86   0x00004e86   0x00000002   PAD
    0x00004e88   0x00004e88   0x00000148   Code   RO          294    i.USB_DeviceMscProcessUfiCommand  disk_sdcard.o
    0x00004fd0   0x00004fd0   0x0000005c   Code   RO          295    i.USB_DeviceMscRecv  disk_sdcard.o
    0x0000502c   0x0000502c   0x0000008c   Code   RO          296    i.USB_DeviceMscSend  disk_sdcard.o
    0x000050b8   0x000050b8   0x00000048   Code   RO          778    i.USB_DeviceMscUfiFormatUnitCommand  usb_device_msc_ufi.o
    0x00005100   0x00005100   0x0000001c   Code   RO          779    i.USB_DeviceMscUfiInquiryCommand  usb_device_msc_ufi.o
    0x0000511c   0x0000511c   0x00000038   Code   RO          780    i.USB_DeviceMscUfiModeSelectCommand  usb_device_msc_ufi.o
    0x00005154   0x00005154   0x0000001c   Code   RO          781    i.USB_DeviceMscUfiModeSenseCommand  usb_device_msc_ufi.o
    0x00005170   0x00005170   0x00000042   Code   RO          782    i.USB_DeviceMscUfiPreventAllowMediumCommand  usb_device_msc_ufi.o
    0x000051b2   0x000051b2   0x00000028   Code   RO          783    i.USB_DeviceMscUfiReadCapacityCommand  usb_device_msc_ufi.o
    0x000051da   0x000051da   0x00000060   Code   RO          784    i.USB_DeviceMscUfiReadCommand  usb_device_msc_ufi.o
    0x0000523a   0x0000523a   0x00000002   PAD
    0x0000523c   0x0000523c   0x000000d8   Code   RO          785    i.USB_DeviceMscUfiReadFormatCapacityCommand  usb_device_msc_ufi.o
    0x00005314   0x00005314   0x00000018   Code   RO          786    i.USB_DeviceMscUfiRequestSenseCommand  usb_device_msc_ufi.o
    0x0000532c   0x0000532c   0x00000014   Code   RO          787    i.USB_DeviceMscUfiSendDiagnosticCommand  usb_device_msc_ufi.o
    0x00005340   0x00005340   0x00000014   Code   RO          788    i.USB_DeviceMscUfiStartStopUnitCommand  usb_device_msc_ufi.o
    0x00005354   0x00005354   0x00000014   Code   RO          789    i.USB_DeviceMscUfiTestUnitReadyCommand  usb_device_msc_ufi.o
    0x00005368   0x00005368   0x00000234   Code   RO          790    i.USB_DeviceMscUfiThirteenCasesCheck  usb_device_msc_ufi.o
    0x0000559c   0x0000559c   0x00000024   Code   RO          791    i.USB_DeviceMscUfiUnsupportCommand  usb_device_msc_ufi.o
    0x000055c0   0x000055c0   0x00000014   Code   RO          792    i.USB_DeviceMscUfiVerifyCommand  usb_device_msc_ufi.o
    0x000055d4   0x000055d4   0x00000060   Code   RO          793    i.USB_DeviceMscUfiWriteCommand  usb_device_msc_ufi.o
    0x00005634   0x00005634   0x00000092   Code   RO         2496    i.USB_DeviceNotification  usb_device_dci.o
    0x000056c6   0x000056c6   0x00000014   Code   RO         2497    i.USB_DeviceNotificationTrigger  usb_device_dci.o
    0x000056da   0x000056da   0x00000002   PAD
    0x000056dc   0x000056dc   0x0000006c   Code   RO          297    i.USB_DeviceProcessClassRequest  disk_sdcard.o
    0x00005748   0x00005748   0x00000008   Code   RO         2498    i.USB_DeviceRecvRequest  usb_device_dci.o
    0x00005750   0x00005750   0x00000008   Code   RO         2499    i.USB_DeviceRun     usb_device_dci.o
    0x00005758   0x00005758   0x0000000c   Code   RO         2500    i.USB_DeviceSendRequest  usb_device_dci.o
    0x00005764   0x00005764   0x00000018   Code   RO          608    i.USB_DeviceSetConfigure  usb_device_descriptor.o
    0x0000577c   0x0000577c   0x00000018   Code   RO          609    i.USB_DeviceSetInterface  usb_device_descriptor.o
    0x00005794   0x00005794   0x0000006e   Code   RO         2501    i.USB_DeviceSetStatus  usb_device_dci.o
    0x00005802   0x00005802   0x0000001c   Code   RO         2502    i.USB_DeviceStallEndpoint  usb_device_dci.o
    0x0000581e   0x0000581e   0x00000008   Code   RO         2503    i.USB_DeviceStop    usb_device_dci.o
    0x00005826   0x00005826   0x00000076   Code   RO         2504    i.USB_DeviceTransfer  usb_device_dci.o
    0x0000589c   0x0000589c   0x0000001c   Code   RO         2505    i.USB_DeviceUnstallEndpoint  usb_device_dci.o
    0x000058b8   0x000058b8   0x0000000c   Code   RO         3852    i.USB_OsaEnterCritical  usb_osa_bm.o
    0x000058c4   0x000058c4   0x00000006   Code   RO         3859    i.USB_OsaExitCritical  usb_osa_bm.o
    0x000058ca   0x000058ca   0x00000020   Code   RO          299    i.__NVIC_SetPriority  disk_sdcard.o
    0x000058ea   0x000058ea   0x0000000e   Code   RO         4156    i.__scatterload_copy  mc_w.l(handlers.o)
    0x000058f8   0x000058f8   0x00000002   Code   RO         4157    i.__scatterload_null  mc_w.l(handlers.o)
    0x000058fa   0x000058fa   0x0000000e   Code   RO         4158    i.__scatterload_zeroinit  mc_w.l(handlers.o)
    0x00005908   0x00005908   0x0000006c   Code   RO         3514    i.check_fs          ff.o
    0x00005974   0x00005974   0x00000018   Code   RO         3515    i.clst2sect         ff.o
    0x0000598c   0x0000598c   0x000000da   Code   RO         3516    i.create_chain      ff.o
    0x00005a66   0x00005a66   0x00000002   PAD
    0x00005a68   0x00005a68   0x00000118   Code   RO         3517    i.create_name       ff.o
    0x00005b80   0x00005b80   0x0000003c   Code   RO         4012    i.deinit            update_bootloader.o
    0x00005bbc   0x00005bbc   0x0000005a   Code   RO         3518    i.dir_clear         ff.o
    0x00005c16   0x00005c16   0x000000ae   Code   RO         3519    i.dir_next          ff.o
    0x00005cc4   0x00005cc4   0x00000066   Code   RO         3521    i.dir_register      ff.o
    0x00005d2a   0x00005d2a   0x00000082   Code   RO         3523    i.dir_sdi           ff.o
    0x00005dac   0x00005dac   0x0000000c   Code   RO         3462    i.disk_initialize   diskio.o
    0x00005db8   0x00005db8   0x0000000c   Code   RO         3463    i.disk_ioctl        diskio.o
    0x00005dc4   0x00005dc4   0x0000000e   Code   RO         3464    i.disk_read         diskio.o
    0x00005dd2   0x00005dd2   0x0000000c   Code   RO         3465    i.disk_status       diskio.o
    0x00005dde   0x00005dde   0x0000000e   Code   RO         3466    i.disk_write        diskio.o
    0x00005dec   0x00005dec   0x0000001c   Code   RO         3525    i.f_chdrive         ff.o
    0x00005e08   0x00005e08   0x0000001e   Code   RO         3526    i.f_close           ff.o
    0x00005e26   0x00005e26   0x00000002   PAD
    0x00005e28   0x00005e28   0x00000048   Code   RO         3534    i.f_mount           ff.o
    0x00005e70   0x00005e70   0x000001a8   Code   RO         3535    i.f_open            ff.o
    0x00006018   0x00006018   0x00000144   Code   RO         3540    i.f_read            ff.o
    0x0000615c   0x0000615c   0x00000090   Code   RO         3544    i.f_sync            ff.o
    0x000061ec   0x000061ec   0x00000264   Code   RO         3548    i.find_volume       ff.o
    0x00006450   0x00006450   0x00000012   Code   RO         2337    i.flash_calculate_prot_segment_size  fsl_ftfx_flash.o
    0x00006462   0x00006462   0x00000046   Code   RO         2338    i.flash_check_range_to_get_index  fsl_ftfx_flash.o
    0x000064a8   0x000064a8   0x0000001e   Code   RO         2339    i.flash_convert_start_address  fsl_ftfx_flash.o
    0x000064c6   0x000064c6   0x00000002   PAD
    0x000064c8   0x000064c8   0x00000018   Code   RO         2103    i.fmc_flash_cache_clear  fsl_ftfx_cache.o
    0x000064e0   0x000064e0   0x00000018   Code   RO         2104    i.fmc_flash_prefetch_speculation_clear  fsl_ftfx_cache.o
    0x000064f8   0x000064f8   0x000000de   Code   RO         3549    i.follow_path       ff.o
    0x000065d6   0x000065d6   0x0000003a   Code   RO         2193    i.ftfx_check_mem_range  fsl_ftfx_controller.o
    0x00006610   0x00006610   0x00000014   Code   RO         2194    i.ftfx_check_user_key  fsl_ftfx_controller.o
    0x00006624   0x00006624   0x00000030   Code   RO         2195    i.ftfx_command_sequence  fsl_ftfx_controller.o
    0x00006654   0x00006654   0x00000024   Code   RO         2196    i.ftfx_read_word_from_byte_address  fsl_ftfx_controller.o
    0x00006678   0x00006678   0x000000be   Code   RO         3550    i.get_fat           ff.o
    0x00006736   0x00006736   0x00000002   PAD
    0x00006738   0x00006738   0x00000040   Code   RO         3552    i.get_ldnumber      ff.o
    0x00006778   0x00006778   0x00000026   Code   RO         3553    i.ld_clust          ff.o
    0x0000679e   0x0000679e   0x00000016   Code   RO         3554    i.ld_dword          ff.o
    0x000067b4   0x000067b4   0x0000000a   Code   RO         3555    i.ld_word           ff.o
    0x000067be   0x000067be   0x0000001a   Code   RO          300    i.main              disk_sdcard.o
    0x000067d8   0x000067d8   0x0000001a   Code   RO         3556    i.mem_cmp           ff.o
    0x000067f2   0x000067f2   0x00000012   Code   RO         3557    i.mem_cpy           ff.o
    0x00006804   0x00006804   0x0000000e   Code   RO         3558    i.mem_set           ff.o
    0x00006812   0x00006812   0x00000002   PAD
    0x00006814   0x00006814   0x000000a0   Code   RO          301    i.mountFile         disk_sdcard.o
    0x000068b4   0x000068b4   0x00000032   Code   RO         3559    i.move_window       ff.o
    0x000068e6   0x000068e6   0x00000046   Code   RO         4015    i.programFlash      update_bootloader.o
    0x0000692c   0x0000692c   0x000000ea   Code   RO         3560    i.put_fat           ff.o
    0x00006a16   0x00006a16   0x00000074   Code   RO         3564    i.remove_chain      ff.o
    0x00006a8a   0x00006a8a   0x00000002   PAD
    0x00006a8c   0x00006a8c   0x00000034   Code   RO         3393    i.sd_disk_initialize  fsl_sd_disk.o
    0x00006ac0   0x00006ac0   0x00000040   Code   RO         3394    i.sd_disk_ioctl     fsl_sd_disk.o
    0x00006b00   0x00006b00   0x0000001c   Code   RO         3395    i.sd_disk_read      fsl_sd_disk.o
    0x00006b1c   0x00006b1c   0x0000000c   Code   RO         3396    i.sd_disk_status    fsl_sd_disk.o
    0x00006b28   0x00006b28   0x0000001c   Code   RO         3397    i.sd_disk_write     fsl_sd_disk.o
    0x00006b44   0x00006b44   0x00000088   Code   RO          302    i.sdcardWaitCardInsert  disk_sdcard.o
    0x00006bcc   0x00006bcc   0x00000028   Code   RO         3565    i.st_clust          ff.o
    0x00006bf4   0x00006bf4   0x00000010   Code   RO         3566    i.st_dword          ff.o
    0x00006c04   0x00006c04   0x00000008   Code   RO         3567    i.st_word           ff.o
    0x00006c0c   0x00006c0c   0x00000088   Code   RO         3568    i.sync_fs           ff.o
    0x00006c94   0x00006c94   0x00000046   Code   RO         3569    i.sync_window       ff.o
    0x00006cda   0x00006cda   0x00000002   PAD
    0x00006cdc   0x00006cdc   0x0000012c   Code   RO         4016    i.update_bootloader  update_bootloader.o
    0x00006e08   0x00006e08   0x00000034   Code   RO         3570    i.validate          ff.o
    0x00006e3c   0x00006e3c   0x00000018   Data   RO          304    .constdata          disk_sdcard.o
    0x00006e54   0x00006e54   0x00000034   Data   RO          686    .constdata          usb_device_ch9.o
    0x00006e88   0x00006e88   0x00000023   Data   RO          919    .constdata          clock_config.o
    0x00006eab   0x00006eab   0x00000001   PAD
    0x00006eac   0x00006eac   0x00000016   Data   RO          971    .constdata          pin_mux.o
    0x00006ec2   0x00006ec2   0x00000002   PAD
    0x00006ec4   0x00006ec4   0x00000004   Data   RO         1022    .constdata          usb_device_khci.o
    0x00006ec8   0x00006ec8   0x0000000c   Data   RO         1135    .constdata          fsl_sdhc.o
    0x00006ed4   0x00006ed4   0x00000060   Data   RO         1458    .constdata          fsl_clock.o
    0x00006f34   0x00006f34   0x00000038   Data   RO         1762    .constdata          fsl_uart.o
    0x00006f6c   0x00006f6c   0x0000001c   Data   RO         2106    .constdata          fsl_ftfx_cache.o
    0x00006f88   0x00006f88   0x0000000c   Data   RO         2199    .constdata          fsl_ftfx_controller.o
    0x00006f94   0x00006f94   0x0000001e   Data   RO         2340    .constdata          fsl_ftfx_flash.o
    0x00006fb2   0x00006fb2   0x00000002   PAD
    0x00006fb4   0x00006fb4   0x00000018   Data   RO         2507    .constdata          usb_device_dci.o
    0x00006fcc   0x00006fcc   0x00000010   Data   RO         2953    .constdata          fsl_debug_console.o
    0x00006fdc   0x00006fdc   0x00000018   Data   RO         3156    .constdata          uart_adapter.o
    0x00006ff4   0x00006ff4   0x000000c9   Data   RO          305    .conststring        disk_sdcard.o
    0x000070bd   0x000070bd   0x00000003   PAD
    0x000070c0   0x000070c0   0x00000020   Data   RO         4154    Region$$Table       anon$$obj.o


    Execution Region RW_m_data (Exec base: 0x1fff0000, Load base: 0x000070e0, Size: 0x00000000, Max: 0x00010000, ABSOLUTE)

    **** No section assigned to this execution region ****


    Execution Region RW_m_data_2 (Exec base: 0x20000000, Load base: 0x000070e0, Size: 0x00002f54, Max: 0x0002ef00, ABSOLUTE, COMPRESSED[0x00000100])

    Exec Addr    Load Addr    Size         Type   Attr      Idx    E Section Name        Object

    0x20000000   COMPRESSED   0x00000002   Data   RW           23    .data               fsl_sdmmc_host.o
    0x20000002   COMPRESSED   0x00000002   PAD
    0x20000004   COMPRESSED   0x0000000c   Data   RW          198    .data               fsl_sdmmc_event.o
    0x20000010   COMPRESSED   0x00000024   Data   RW          306    .data               disk_sdcard.o
    0x20000034   COMPRESSED   0x00000008   Data   RW          307    .data               disk_sdcard.o
    0x2000003c   COMPRESSED   0x00000028   Data   RW          308    .data               disk_sdcard.o
    0x20000064   COMPRESSED   0x00000048   Data   RW          611    .data               usb_device_descriptor.o
    0x200000ac   COMPRESSED   0x00000004   Data   RW          612    .data               usb_device_descriptor.o
    0x200000b0   COMPRESSED   0x00000026   Data   RW          613    .data               usb_device_descriptor.o
    0x200000d6   COMPRESSED   0x00000002   PAD
    0x200000d8   COMPRESSED   0x00000022   Data   RW          614    .data               usb_device_descriptor.o
    0x200000fa   COMPRESSED   0x00000002   PAD
    0x200000fc   COMPRESSED   0x00000022   Data   RW          615    .data               usb_device_descriptor.o
    0x2000011e   COMPRESSED   0x00000002   PAD
    0x20000120   COMPRESSED   0x00000022   Data   RW          616    .data               usb_device_descriptor.o
    0x20000142   COMPRESSED   0x00000002   PAD
    0x20000144   COMPRESSED   0x00000014   Data   RW          617    .data               usb_device_descriptor.o
    0x20000158   COMPRESSED   0x00000014   Data   RW          618    .data               usb_device_descriptor.o
    0x2000016c   COMPRESSED   0x0000000c   Data   RW          619    .data               usb_device_descriptor.o
    0x20000178   COMPRESSED   0x00000002   Data   RW          687    .data               usb_device_ch9.o
    0x2000017a   COMPRESSED   0x00000002   PAD
    0x2000017c   COMPRESSED   0x00000008   Data   RW         1136    .data               fsl_sdhc.o
    0x20000184   COMPRESSED   0x00000010   Data   RW         1459    .data               fsl_clock.o
    0x20000194   COMPRESSED   0x00000004   Data   RW         1763    .data               fsl_uart.o
    0x20000198   COMPRESSED   0x00000004   Data   RW         2954    .data               fsl_debug_console.o
    0x2000019c   COMPRESSED   0x00000004   Data   RW         3335    .data               system_mk64f12.o
    0x200001a0   COMPRESSED   0x00000004   Data   RW         3574    .data               ff.o
    0x200001a4   COMPRESSED   0x0000000c   Data   RW         4018    .data               update_bootloader.o
    0x200001b0        -       0x00000044   Zero   RW           22    .bss                fsl_sdmmc_host.o
    0x200001f4        -       0x00002550   Zero   RW          303    .bss                disk_sdcard.o
    0x20002744        -       0x00000018   Zero   RW         1761    .bss                fsl_uart.o
    0x2000275c        -       0x00000040   Zero   RW         2105    .bss                fsl_ftfx_cache.o
    0x2000279c        -       0x00000040   Zero   RW         2198    .bss                fsl_ftfx_controller.o
    0x200027dc        -       0x00000200   Zero   RW         2865    .bss                fsl_sdmmc_common.o
    0x200029dc        -       0x0000001c   Zero   RW         2952    .bss                fsl_debug_console.o
    0x200029f8        -       0x000000d8   Zero   RW         3398    .bss                fsl_sd_disk.o
    0x20002ad0        -       0x0000000c   Zero   RW         3571    .bss                ff.o
    0x20002adc        -       0x00000064   Zero   RW         4017    .bss                update_bootloader.o
    0x20002b40   COMPRESSED   0x000000c0   PAD
    0x20002c00        -       0x00000200   Zero   RW         1020    .bss.m_usb_bdt      usb_device_khci.o
    0x20002e00        -       0x000000e4   Zero   RW         1021    .bss.m_usb_global   usb_device_khci.o
    0x20002ee4        -       0x00000070   Zero   RW         2506    .bss.m_usb_global   usb_device_dci.o


    Execution Region ARM_LIB_HEAP (Exec base: 0x20002f54, Load base: 0x000071e0, Size: 0x00000100, Max: 0x00000100, ABSOLUTE)

    Exec Addr    Load Addr    Size         Type   Attr      Idx    E Section Name        Object

    0x20002f54        -       0x00000100   Zero   RW            1    ARM_LIB_HEAP.bss    anon$$obj.o


    Execution Region ARM_LIB_STACK (Exec base: 0x2002f000, Load base: 0x000071e0, Size: 0x00001000, Max: 0x00001000, ABSOLUTE)

    Exec Addr    Load Addr    Size         Type   Attr      Idx    E Section Name        Object

    0x2002f000        -       0x00001000   Zero   RW            2    ARM_LIB_STACK.bss   anon$$obj.o


==============================================================================

Image component sizes


      Code (inc. data)   RO Data    RW Data    ZI Data      Debug   Object Name

        24          0          0          0          0        573   board.o
       100         30         35          0          0       9687   clock_config.o
      3308        518        225         84       9552     150498   disk_sdcard.o
        64          0          0          0          0       4194   diskio.o
      4086         88          0          4         12      48311   ff.o
      1476        202         96         16          0      31331   fsl_clock.o
       252         28         16          4         28      10910   fsl_debug_console.o
       108         16         28          0         64      14634   fsl_ftfx_cache.o
       806         58         12          0         64      12320   fsl_ftfx_controller.o
       818         10         30          0          0      13094   fsl_ftfx_flash.o
      3632         70          0          0          0      49366   fsl_sd.o
       184         18          0          0        216      17236   fsl_sd_disk.o
      1772         92         12          8          0      70866   fsl_sdhc.o
       398         16          0          0        512      15974   fsl_sdmmc_common.o
       216         24          0         12          0     505931   fsl_sdmmc_event.o
       746         86          0          2         68     539109   fsl_sdmmc_host.o
         0          0          0          0          0      10148   fsl_smc.o
       494          0          0          0          0       3046   fsl_str.o
       616         86         56          4         24      16164   fsl_uart.o
       140         26         22          0          0      12352   pin_mux.o
       108          0          0          0          0       5206   serial_manager.o
        62          0          0          0          0       3741   serial_port_uart.o
       460        218       1040          0          0       3336   startup_mk64f12.o
       390         42          0          4          0       2416   system_mk64f12.o
       162         10         24          0          0       8030   uart_adapter.o
       594         32          0         12        100      14090   update_bootloader.o
      1124         30         52          2          0      13920   usb_device_ch9.o
      1028         30         24          0        112      18186   usb_device_dci.o
       220         24          0        268          0       5452   usb_device_descriptor.o
      2054         30          4          0        740      18449   usb_device_khci.o
      1402         14          0          0          0      13490   usb_device_msc_ufi.o
        18          0          0          0          0       2963   usb_osa_bm.o

    ----------------------------------------------------------------------
     26918       1798       1716        432      16036    1645023   Object Totals
         0          0         32          0       4352          0   (incl. Generated)
        56          0          8         12        192          0   (incl. Padding)

    ----------------------------------------------------------------------

      Code (inc. data)   RO Data    RW Data    ZI Data      Debug   Library Member Name

        86          0          0          0          0          0   __dczerorl2.o
         0          0          0          0          0          0   entry.o
         0          0          0          0          0          0   entry10a.o
         0          0          0          0          0          0   entry11a.o
         8          4          0          0          0          0   entry4.o
         4          0          0          0          0          0   entry5.o
         0          0          0          0          0          0   entry7b.o
         0          0          0          0          0          0   entry8b.o
         8          4          0          0          0          0   entry9a.o
        30          0          0          0          0          0   handlers.o
        36          8          0          0          0         68   init.o
        36          0          0          0          0         68   memcpya.o
        36          0          0          0          0        108   memseta.o
        14          0          0          0          0         68   strlen.o

    ----------------------------------------------------------------------
       262         16          0          0          0        312   Library Totals
         4          0          0          0          0          0   (incl. Padding)

    ----------------------------------------------------------------------

      Code (inc. data)   RO Data    RW Data    ZI Data      Debug   Library Name

       258         16          0          0          0        312   mc_w.l

    ----------------------------------------------------------------------
       262         16          0          0          0        312   Library Totals

    ----------------------------------------------------------------------

==============================================================================


      Code (inc. data)   RO Data    RW Data    ZI Data      Debug   

     27180       1814       1716        432      16036    1615567   Grand Totals
     27180       1814       1716        256      16036    1615567   ELF Image Totals (compressed)
     27180       1814       1716        256          0          0   ROM Totals

==============================================================================

    Total RO  Size (Code + RO Data)                28896 (  28.22kB)
    Total RW  Size (RW Data + ZI Data)             16468 (  16.08kB)
    Total ROM Size (Code + RO Data + RW Data)      29152 (  28.47kB)

==============================================================================

