fsl_clock.h:583:20:CLOCK_SetEr32kClock	16	static
fsl_clock.c:197:6:CLOCK_FllStableDelay	16	static
fsl_clock.c:217:17:CLOCK_GetMcgExtClkFreq	16	static
fsl_clock.c:241:17:CLOCK_GetFllExtRefClkFreq	16	static
fsl_clock.c:295:17:CLOCK_GetInternalRefClkSelectFreq	8	static
fsl_clock.c:309:17:CLOCK_GetFllRefClkFreq	8	static
fsl_clock.c:323:16:CLOCK_GetOscRangeFromFreq	24	static
fsl_clock.c:343:10:CLOCK_GetEr32kClkFreq	16	static
fsl_clock.c:365:10:CLOCK_GetOsc0ErClkFreq	8	static
fsl_clock.c:372:10:CLOCK_GetPlatClkFreq	8	static
fsl_clock.c:377:10:CLOCK_GetFlashClkFreq	16	static
fsl_clock.c:387:10:CLOCK_GetBusClkFreq	16	static
fsl_clock.c:397:10:CLOCK_GetCoreSysClkFreq	8	static
fsl_clock.c:402:10:CLOCK_GetFreq	24	static
fsl_clock.c:442:6:CLOCK_SetSimConfig	16	static
fsl_clock.c:448:10:CLOCK_GetOutClkFreq	16	static
fsl_clock.c:471:10:CLOCK_GetFllFreq	16	static
fsl_clock.c:497:10:CLOCK_GetInternalRefClkFreq	8	static
fsl_clock.c:508:10:CLOCK_GetFixedFreqClkFreq	16	static
fsl_clock.c:523:10:CLOCK_SetExternalRefClkConfig	24	static
fsl_clock.c:560:10:CLOCK_SetInternalRefClkConfig	32	static
fsl_clock.c:608:6:CLOCK_SetOsc0MonitorMode	16	static
fsl_clock.c:631:6:CLOCK_SetRtcOscMonitorMode	24	static
fsl_clock.c:648:10:CLOCK_GetStatusFlags	16	static
fsl_clock.c:659:6:CLOCK_ClearStatusFlags	24	static
fsl_clock.c:670:6:CLOCK_InitOsc0	32	static
fsl_clock.c:685:6:CLOCK_DeinitOsc0	8	static
fsl_clock.c:690:10:CLOCK_TrimInternalRefClk	40	static
fsl_clock.c:766:12:CLOCK_GetMode	24	static
fsl_clock.c:855:10:CLOCK_SetFeiMode	24	static
fsl_clock.c:915:10:CLOCK_SetFeeMode	32	static
fsl_clock.c:993:10:CLOCK_SetFbiMode	24	static
fsl_clock.c:1057:10:CLOCK_SetFbeMode	32	static
fsl_clock.c:1134:10:CLOCK_SetBlpiMode	8	static
fsl_clock.c:1149:10:CLOCK_SetBlpeMode	8	static
fsl_clock.c:1164:10:CLOCK_ExternalModeToFbeModeQuick	8	static
fsl_clock.c:1184:10:CLOCK_InternalModeToFbiModeQuick	8	static
fsl_clock.c:1204:10:CLOCK_BootToFeiMode	16	static
fsl_clock.c:1209:10:CLOCK_BootToFeeMode	24	static
fsl_clock.c:1217:10:CLOCK_BootToBlpiMode	24	static
fsl_clock.c:1234:10:CLOCK_BootToBlpeMode	16	static
fsl_clock.c:1285:10:CLOCK_SetMcgConfig	32	static
