core_cm0plus.h:745:22:NVIC_EnableIRQ	16	static
fsl_clock.h:550:20:CLOCK_EnableClock	24	static
fsl_clock.h:561:20:CLOCK_DisableClock	24	static
fsl_clock.h:572:20:CLOCK_isEnabledClock	24	static
fsl_common.h:304:28:EnableIRQ	16	static
fsl_lpuart.c:113:10:LPUART_GetInstance	24	static
fsl_lpuart.c:131:15:LPUART_TransferGetRxRingBufferLength	32	static
fsl_lpuart.c:152:13:LPUART_TransferIsRxRingBufferFull	24	static
fsl_lpuart.c:169:13:LPUART_WriteNonBlocking	32	static
fsl_lpuart.c:183:13:LPUART_ReadNonBlocking	32	static
fsl_lpuart.c:214:10:LPUART_Init	64	static
fsl_lpuart.c:397:6:LPUART_Deinit	24	static
fsl_lpuart.c:442:6:LPUART_GetDefaultConfig	16	static
fsl_lpuart.c:461:10:LPUART_SetBaudRate	64	static
fsl_lpuart.c:546:6:LPUART_EnableInterrupts	16	static
fsl_lpuart.c:557:6:LPUART_DisableInterrupts	16	static
fsl_lpuart.c:568:10:LPUART_GetEnabledInterrupts	24	static
fsl_lpuart.c:580:10:LPUART_GetStatusFlags	24	static
fsl_lpuart.c:592:10:LPUART_ClearStatusFlags	24	static
fsl_lpuart.c:633:6:LPUART_WriteBlocking	24	static
fsl_lpuart.c:648:10:LPUART_ReadBlocking	32	static
fsl_lpuart.c:711:6:LPUART_TransferCreateHandle	32	static
fsl_lpuart.c:771:6:LPUART_TransferStartRingBuffer	24	static
fsl_lpuart.c:789:6:LPUART_TransferStopRingBuffer	16	static
fsl_lpuart.c:804:10:LPUART_TransferSendNonBlocking	32	static
fsl_lpuart.c:834:6:LPUART_TransferAbortSend	16	static
fsl_lpuart.c:844:10:LPUART_TransferGetSendCount	32	static
fsl_lpuart.c:861:10:LPUART_TransferReceiveNonBlocking	56	static
fsl_lpuart.c:976:6:LPUART_TransferAbortReceive	16	static
fsl_lpuart.c:991:10:LPUART_TransferGetReceiveCount	32	static
fsl_lpuart.c:1008:6:LPUART_TransferHandleIRQ	32	static
fsl_lpuart.c:1175:6:LPUART_TransferHandleErrorIRQ	16	static
fsl_lpuart.c:1220:6:LPUART0_LPUART1_DriverIRQHandler	8	static
