core_cm0plus.h:745:22:NVIC_EnableIRQ	16	static
fsl_clock.h:550:20:CLOCK_EnableClock	24	static
fsl_clock.h:561:20:CLOCK_DisableClock	24	static
fsl_common.h:304:28:EnableIRQ	16	static
fsl_i2c.h:356:20:I2C_Enable	16	static
fsl_i2c.h:389:24:I2C_SlaveGetStatusFlags	16	static
fsl_i2c.h:407:20:I2C_MasterClearStatusFlags	16	static
fsl_i2c.h:442:20:I2C_SlaveClearStatusFlags	16	static
fsl_i2c.c:146:10:I2C_GetInstance	24	static
fsl_i2c.c:164:13:I2C_SetHoldTime	56	static
fsl_i2c.c:212:17:I2C_InitTransferStateMachine	40	static
fsl_i2c.c:250:17:I2C_CheckAndClearError	24	static
fsl_i2c.c:273:17:I2C_MasterTransferRunStateMachine	48	static
fsl_i2c.c:438:13:I2C_TransferCommonIRQHandler	16	static
fsl_i2c.c:452:6:I2C_MasterInit	32	static
fsl_i2c.c:514:6:I2C_MasterDeinit	16	static
fsl_i2c.c:525:6:I2C_MasterGetDefaultConfig	16	static
fsl_i2c.c:549:6:I2C_EnableInterrupts	24	static
fsl_i2c.c:589:6:I2C_DisableInterrupts	16	static
fsl_i2c.c:611:6:I2C_MasterSetBaudRate	56	static
fsl_i2c.c:653:10:I2C_MasterStart	24	static
fsl_i2c.c:680:10:I2C_MasterRepeatedStart	32	static
fsl_i2c.c:721:10:I2C_MasterStop	24	static
fsl_i2c.c:742:10:I2C_MasterGetStatusFlags	24	static
fsl_i2c.c:765:10:I2C_MasterWriteBlocking	32	static
fsl_i2c.c:828:10:I2C_MasterReadBlocking	32	static
fsl_i2c.c:895:10:I2C_MasterTransferBlocking	48	static
fsl_i2c.c:1042:6:I2C_MasterTransferCreateHandle	32	static
fsl_i2c.c:1068:10:I2C_MasterTransferNonBlocking	32	static
fsl_i2c.c:1095:6:I2C_MasterTransferAbort	24	static
fsl_i2c.c:1138:10:I2C_MasterTransferGetCount	24	static
fsl_i2c.c:1152:6:I2C_MasterTransferHandleIRQ	40	static
fsl_i2c.c:1196:6:I2C_SlaveInit	32	static
fsl_i2c.c:1258:6:I2C_SlaveDeinit	16	static
fsl_i2c.c:1269:6:I2C_SlaveGetDefaultConfig	16	static
fsl_i2c.c:1297:10:I2C_SlaveWriteBlocking	40	static
fsl_i2c.c:1335:6:I2C_SlaveReadBlocking	32	static
fsl_i2c.c:1385:6:I2C_SlaveTransferCreateHandle	32	static
fsl_i2c.c:1411:10:I2C_SlaveTransferNonBlocking	24	static
fsl_i2c.c:1444:6:I2C_SlaveTransferAbort	16	static
fsl_i2c.c:1461:10:I2C_SlaveTransferGetCount	24	static
fsl_i2c.c:1483:6:I2C_SlaveTransferHandleIRQ	48	static
fsl_i2c.c:1725:6:I2C0_DriverIRQHandler	8	static
fsl_i2c.c:1732:6:I2C1_DriverIRQHandler	8	static
