startup_mkw36z4.c:242:6:data_init	8	static
startup_mkw36z4.c:251:6:bss_init	0	static
startup_mkw36z4.c:288:6:ResetISR	8	static
startup_mkw36z4.c:406:14:NMI_Handler	0	static
startup_mkw36z4.c:410:14:HardFault_Handler	0	static
startup_mkw36z4.c:414:14:SVC_Handler	0	static
startup_mkw36z4.c:418:14:PendSV_Handler	0	static
startup_mkw36z4.c:422:14:SysTick_Handler	0	static
startup_mkw36z4.c:430:14:IntDefaultHandler	0	static
startup_mkw36z4.c:440:14:DMA0_IRQHandler	8	static
startup_mkw36z4.c:444:14:DMA1_IRQHandler	8	static
startup_mkw36z4.c:448:14:DMA2_IRQHandler	8	static
startup_mkw36z4.c:452:14:DMA3_IRQHandler	8	static
startup_mkw36z4.c:456:14:Reserved20_IRQHandler	8	static
startup_mkw36z4.c:460:14:FTFE_IRQHandler	8	static
startup_mkw36z4.c:464:14:LVD_LVW_DCDC_IRQHandler	8	static
startup_mkw36z4.c:468:14:LLWU_IRQHandler	8	static
startup_mkw36z4.c:472:14:I2C0_IRQHandler	8	static
startup_mkw36z4.c:476:14:I2C1_IRQHandler	8	static
startup_mkw36z4.c:480:14:SPI0_IRQHandler	8	static
startup_mkw36z4.c:484:14:CAN0_IRQHandler	8	static
startup_mkw36z4.c:488:14:LPUART0_LPUART1_IRQHandler	8	static
startup_mkw36z4.c:492:14:TRNG0_IRQHandler	8	static
startup_mkw36z4.c:496:14:CMT_IRQHandler	8	static
startup_mkw36z4.c:500:14:ADC0_IRQHandler	8	static
startup_mkw36z4.c:504:14:CMP0_IRQHandler	8	static
startup_mkw36z4.c:508:14:TPM0_IRQHandler	8	static
startup_mkw36z4.c:512:14:TPM1_IRQHandler	8	static
startup_mkw36z4.c:516:14:TPM2_IRQHandler	8	static
startup_mkw36z4.c:520:14:RTC_IRQHandler	8	static
startup_mkw36z4.c:524:14:RTC_Seconds_IRQHandler	8	static
startup_mkw36z4.c:528:14:PIT_IRQHandler	8	static
startup_mkw36z4.c:532:14:LTC0_IRQHandler	8	static
startup_mkw36z4.c:536:14:Radio_0_IRQHandler	8	static
startup_mkw36z4.c:540:14:CAN0_MB_IRQHandler	8	static
startup_mkw36z4.c:544:14:Radio_1_IRQHandler	8	static
startup_mkw36z4.c:548:14:MCG_IRQHandler	8	static
startup_mkw36z4.c:552:14:LPTMR0_IRQHandler	8	static
startup_mkw36z4.c:556:14:SPI1_IRQHandler	8	static
startup_mkw36z4.c:560:14:PORTA_IRQHandler	8	static
startup_mkw36z4.c:564:14:PORTB_PORTC_IRQHandler	8	static
