fsl_lpuart.h:491:20:LPUART_EnableTx	16	static
fsl_lpuart.h:511:20:LPUART_EnableRx	16	static
fsl_debug_console.c:219:10:DbgConsole_Init	48	static
fsl_debug_console.c:338:10:DbgConsole_Deinit	8	static
fsl_debug_console.c:397:5:DbgConsole_Printf	16	static
fsl_debug_console.c:415:5:DbgConsole_Putchar	24	static
fsl_debug_console.c:428:5:DbgConsole_Scanf	40	static
fsl_debug_console.c:478:5:DbgConsole_Getchar	24	static
fsl_debug_console.c:501:17:DbgConsole_ScanIgnoreWhiteSpace	24	static
fsl_debug_console.c:525:13:DbgConsole_PrintfPaddingCharacter	32	static
fsl_debug_console.c:548:16:DbgConsole_ConvertRadixNumToString	56	static
fsl_debug_console.c:779:12:DbgConsole_PrintfFormattedData	128	static
fsl_debug_console.c:1320:12:DbgConsole_ScanfFormattedData	64	static
