core_cm4.h:1626:22:NVIC_EnableIRQ	16	static
fsl_clock.h:688:20:CLOCK_EnableClock	24	static
fsl_clock.h:699:20:CLOCK_DisableClock	24	static
fsl_common.h:212:20:EnableIRQ	16	static
fsl_common.h:265:24:DisableGlobalIRQ	16	static
fsl_common.h:292:20:EnableGlobalIRQ	24	static
fsl_edma.c:81:17:EDMA_GetInstance	24	static
fsl_edma.c:99:13:EDMA_InstallTCD	24	static
fsl_edma.c:121:6:EDMA_Init	24	static
fsl_edma.c:139:6:EDMA_Deinit	16	static
fsl_edma.c:147:6:EDMA_GetDefaultConfig	16	static
fsl_edma.c:157:6:EDMA_ResetChannel	16	static
fsl_edma.c:164:6:EDMA_SetTransferConfig	24	static
fsl_edma.c:173:6:EDMA_SetMinorOffsetConfig	32	static
fsl_edma.c:188:6:EDMA_SetChannelLink	24	static
fsl_edma.c:196:6:EDMA_SetBandWidth	24	static
fsl_edma.c:203:6:EDMA_SetModulo	32	static
fsl_edma.c:213:6:EDMA_EnableChannelInterrupts	24	static
fsl_edma.c:236:6:EDMA_DisableChannelInterrupts	24	static
fsl_edma.c:259:6:EDMA_TcdReset	16	static
fsl_edma.c:279:6:EDMA_TcdSetTransferConfig	24	static
fsl_edma.c:319:6:EDMA_TcdSetMinorOffsetConfig	24	static
fsl_edma.c:334:6:EDMA_TcdSetChannelLink	32	static
fsl_edma.c:373:6:EDMA_TcdSetModulo	24	static
fsl_edma.c:384:6:EDMA_TcdEnableInterrupts	16	static
fsl_edma.c:401:6:EDMA_TcdDisableInterrupts	16	static
fsl_edma.c:418:10:EDMA_GetRemainingMajorLoopCount	24	static
fsl_edma.c:446:10:EDMA_GetChannelStatusFlags	24	static
fsl_edma.c:462:6:EDMA_ClearChannelStatusFlags	24	static
fsl_edma.c:483:6:EDMA_CreateHandle	40	static
fsl_edma.c:524:6:EDMA_InstallTCDMemory	24	static
fsl_edma.c:538:6:EDMA_SetCallback	24	static
fsl_edma.c:546:6:EDMA_PrepareTransfer	24	static
fsl_edma.c:625:10:EDMA_SubmitTransfer	40	static
fsl_edma.c:761:6:EDMA_StartTransfer	24	static
fsl_edma.c:798:6:EDMA_StopTransfer	16	static
fsl_edma.c:806:6:EDMA_AbortTransfer	16	static
fsl_edma.c:819:6:EDMA_HandleIRQ	48	static
fsl_edma.c:992:6:DMA0_08_DriverIRQHandler	8	static
fsl_edma.c:1004:6:DMA0_19_DriverIRQHandler	8	static
fsl_edma.c:1016:6:DMA0_210_DriverIRQHandler	8	static
fsl_edma.c:1028:6:DMA0_311_DriverIRQHandler	8	static
fsl_edma.c:1040:6:DMA0_412_DriverIRQHandler	8	static
fsl_edma.c:1052:6:DMA0_513_DriverIRQHandler	8	static
fsl_edma.c:1064:6:DMA0_614_DriverIRQHandler	8	static
fsl_edma.c:1076:6:DMA0_715_DriverIRQHandler	8	static
fsl_edma.c:1582:6:DMA0_DriverIRQHandler	8	static
fsl_edma.c:1587:6:DMA1_DriverIRQHandler	8	static
fsl_edma.c:1592:6:DMA2_DriverIRQHandler	8	static
fsl_edma.c:1597:6:DMA3_DriverIRQHandler	8	static
fsl_edma.c:1605:6:DMA4_DriverIRQHandler	8	static
fsl_edma.c:1610:6:DMA5_DriverIRQHandler	8	static
fsl_edma.c:1615:6:DMA6_DriverIRQHandler	8	static
fsl_edma.c:1620:6:DMA7_DriverIRQHandler	8	static
fsl_edma.c:1629:6:DMA8_DriverIRQHandler	8	static
fsl_edma.c:1634:6:DMA9_DriverIRQHandler	8	static
fsl_edma.c:1639:6:DMA10_DriverIRQHandler	8	static
fsl_edma.c:1644:6:DMA11_DriverIRQHandler	8	static
fsl_edma.c:1649:6:DMA12_DriverIRQHandler	8	static
fsl_edma.c:1654:6:DMA13_DriverIRQHandler	8	static
fsl_edma.c:1659:6:DMA14_DriverIRQHandler	8	static
fsl_edma.c:1664:6:DMA15_DriverIRQHandler	8	static
