fsl_gpio.h:153:20:GPIO_SetPinsOutput	16	static
fsl_gpio.h:164:20:GPIO_ClearPinsOutput	16	static
fsl_gpio.h:193:24:GPIO_ReadPinInput	16	static
tml.c:30:6:PORTA_IRQHandler	16	static
tml.c:40:17:I2C_WRITE	16	static
tml.c:49:17:I2C_READ	16	static
tml.c:58:15:tml_Init	40	static
tml.c:82:15:tml_DeInit	8	static
tml.c:88:15:tml_Reset	8	static
tml.c:96:15:tml_Tx	16	static
tml.c:109:15:tml_Rx	32	static
tml.c:133:15:tml_WaitForRx	16	static
tml.c:138:6:tml_Connect	8	static
tml.c:143:6:tml_Disconnect	8	static
tml.c:147:6:tml_Send	24	static
tml.c:152:6:tml_Receive	24	static
