<html>
<body>
<pre>
<h1>µVision Build Log</h1>
<h2>Tool Versions:</h2>
IDE-Version: ¦ÌVision V5.26.2.0
Copyright (C) 2018 ARM Ltd and ARM Germany GmbH. All rights reserved.
License Information: da nxf56274, nxp, LIC=2TT9T-AXCD2-CXRIW-86AXS-K0DQJ-A2N6D
 
Tool Versions:
Toolchain:       MDK-ARM Professional  Version: 5.26.2.0
Toolchain Path:  C:\Keil_v5\ARM\ARMCC\Bin
C Compiler:      Armcc.exe V5.06 update 6 (build 750)
Assembler:       Armasm.exe V5.06 update 6 (build 750)
Linker/Locator:  ArmLink.exe V5.06 update 6 (build 750)
Library Manager: ArmAr.exe V5.06 update 6 (build 750)
Hex Converter:   FromElf.exe V5.06 update 6 (build 750)
CPU DLL:         SARMCM3.DLL V5.26.2.0
Dialog DLL:      DCM.DLL V1.17.2.0
Target DLL:      CMSIS_AGDI.dll V1.30.6.0
Dialog DLL:      TCM.DLL V1.36.1.0
 
<h2>Project:</h2>
C:\kinetis\sdk\k6x\SDK_2.6.0_FRDM-K64F\boards\frdmk64f\usb_examples\usb_device_msc_sdcard_lite\bm_t\mdk\dev_msc_sdcard_lite_bm.uvprojx
Project File Date:  06/23/2020

<h2>Output:</h2>
*** Using Compiler 'V5.06 update 6 (build 750)', folder: 'C:\Keil_v5\ARM\ARMCC\Bin'
Build target 'dev_msc_sdcard_lite_bm debug'
linking...
Program Size: Code=40224 RO-data=2180 RW-data=428 ZI-data=16040  
"debug\dev_msc_sdcard_lite_bm.out" - 0 Error(s), 0 Warning(s).

<h2>Software Packages used:</h2>

Package Vendor: NXP
                http://mcuxpresso.nxp.com/cmsis_pack/repo/NXP.MK64F12_DFP.12.0.0.pack
                NXP.MK64F12_DFP.12.0.0
                Device Family Pack for MK64F12

<h2>Collection of Component include folders:</h2>
  .\RTE\_dev_msc_sdcard_lite_bm_debug
  C:\Keil_v5\ARM\PACK\NXP\MK64F12_DFP\12.0.0

<h2>Collection of Component Files used:</h2>
Build Time Elapsed:  00:00:01
</pre>
</body>
</html>
