Archive member included to satisfy reference by file (symbol)

c:/nxp/mcuxpressoide_11.3.0_5222/ide/plugins/com.nxp.mcuxpresso.tools.win32_11.3.0.202008311133/tools/bin/../lib/gcc/arm-none-eabi/9.3.1/../../../../arm-none-eabi/lib/thumb/v6-m/nofp\libcr_nohost_nf.a(_cr__main.o)
                              ./startup/startup_mkw36z4.o (__main)
c:/nxp/mcuxpressoide_11.3.0_5222/ide/plugins/com.nxp.mcuxpresso.tools.win32_11.3.0.202008311133/tools/bin/../lib/gcc/arm-none-eabi/9.3.1/../../../../arm-none-eabi/lib/thumb/v6-m/nofp\libcr_nohost_nf.a(_cr_assert.o)
                              ./drivers/fsl_clock.o (__assertion_failed)
c:/nxp/mcuxpressoide_11.3.0_5222/ide/plugins/com.nxp.mcuxpresso.tools.win32_11.3.0.202008311133/tools/bin/../lib/gcc/arm-none-eabi/9.3.1/../../../../arm-none-eabi/lib/thumb/v6-m/nofp\libcr_nohost_nf.a(__ciob.o)
                              c:/nxp/mcuxpressoide_11.3.0_5222/ide/plugins/com.nxp.mcuxpresso.tools.win32_11.3.0.202008311133/tools/bin/../lib/gcc/arm-none-eabi/9.3.1/../../../../arm-none-eabi/lib/thumb/v6-m/nofp\libcr_nohost_nf.a(_cr_assert.o) (__Ciob)
c:/nxp/mcuxpressoide_11.3.0_5222/ide/plugins/com.nxp.mcuxpresso.tools.win32_11.3.0.202008311133/tools/bin/../lib/gcc/arm-none-eabi/9.3.1/../../../../arm-none-eabi/lib/thumb/v6-m/nofp\libcr_nohost_nf.a(__sys_appexit.o)
                              c:/nxp/mcuxpressoide_11.3.0_5222/ide/plugins/com.nxp.mcuxpresso.tools.win32_11.3.0.202008311133/tools/bin/../lib/gcc/arm-none-eabi/9.3.1/../../../../arm-none-eabi/lib/thumb/v6-m/nofp\libcr_nohost_nf.a(_cr_assert.o) (__sys_appexit)
c:/nxp/mcuxpressoide_11.3.0_5222/ide/plugins/com.nxp.mcuxpresso.tools.win32_11.3.0.202008311133/tools/bin/../lib/gcc/arm-none-eabi/9.3.1/../../../../arm-none-eabi/lib/thumb/v6-m/nofp\libcr_c.a(memcpy.o)
                              ./source/nfc_task.o (memcpy)
c:/nxp/mcuxpressoide_11.3.0_5222/ide/plugins/com.nxp.mcuxpresso.tools.win32_11.3.0.202008311133/tools/bin/../lib/gcc/arm-none-eabi/9.3.1/../../../../arm-none-eabi/lib/thumb/v6-m/nofp\libcr_c.a(memset.o)
                              ./freertos/tasks.o (memset)
c:/nxp/mcuxpressoide_11.3.0_5222/ide/plugins/com.nxp.mcuxpresso.tools.win32_11.3.0.202008311133/tools/bin/../lib/gcc/arm-none-eabi/9.3.1/../../../../arm-none-eabi/lib/thumb/v6-m/nofp\libcr_c.a(_deferredlazyseek.o)
                              c:/nxp/mcuxpressoide_11.3.0_5222/ide/plugins/com.nxp.mcuxpresso.tools.win32_11.3.0.202008311133/tools/bin/../lib/gcc/arm-none-eabi/9.3.1/../../../../arm-none-eabi/lib/thumb/v6-m/nofp\libcr_nohost_nf.a(_cr_assert.o) (__flsbuf)
c:/nxp/mcuxpressoide_11.3.0_5222/ide/plugins/com.nxp.mcuxpresso.tools.win32_11.3.0.202008311133/tools/bin/../lib/gcc/arm-none-eabi/9.3.1/../../../../arm-none-eabi/lib/thumb/v6-m/nofp\libcr_c.a(_fflush.o)
                              c:/nxp/mcuxpressoide_11.3.0_5222/ide/plugins/com.nxp.mcuxpresso.tools.win32_11.3.0.202008311133/tools/bin/../lib/gcc/arm-none-eabi/9.3.1/../../../../arm-none-eabi/lib/thumb/v6-m/nofp\libcr_c.a(_deferredlazyseek.o) (_fflush)
c:/nxp/mcuxpressoide_11.3.0_5222/ide/plugins/com.nxp.mcuxpresso.tools.win32_11.3.0.202008311133/tools/bin/../lib/gcc/arm-none-eabi/9.3.1/../../../../arm-none-eabi/lib/thumb/v6-m/nofp\libcr_c.a(_writebuf.o)
                              c:/nxp/mcuxpressoide_11.3.0_5222/ide/plugins/com.nxp.mcuxpresso.tools.win32_11.3.0.202008311133/tools/bin/../lib/gcc/arm-none-eabi/9.3.1/../../../../arm-none-eabi/lib/thumb/v6-m/nofp\libcr_c.a(_deferredlazyseek.o) (_Cwritebuf)
c:/nxp/mcuxpressoide_11.3.0_5222/ide/plugins/com.nxp.mcuxpresso.tools.win32_11.3.0.202008311133/tools/bin/../lib/gcc/arm-none-eabi/9.3.1/../../../../arm-none-eabi/lib/thumb/v6-m/nofp\libcr_c.a(alloc.o)
                              c:/nxp/mcuxpressoide_11.3.0_5222/ide/plugins/com.nxp.mcuxpresso.tools.win32_11.3.0.202008311133/tools/bin/../lib/gcc/arm-none-eabi/9.3.1/../../../../arm-none-eabi/lib/thumb/v6-m/nofp\libcr_c.a(_deferredlazyseek.o) (_Csys_alloc)
c:/nxp/mcuxpressoide_11.3.0_5222/ide/plugins/com.nxp.mcuxpresso.tools.win32_11.3.0.202008311133/tools/bin/../lib/gcc/arm-none-eabi/9.3.1/../../../../arm-none-eabi/lib/thumb/v6-m/nofp\libcr_c.a(fputs.o)
                              c:/nxp/mcuxpressoide_11.3.0_5222/ide/plugins/com.nxp.mcuxpresso.tools.win32_11.3.0.202008311133/tools/bin/../lib/gcc/arm-none-eabi/9.3.1/../../../../arm-none-eabi/lib/thumb/v6-m/nofp\libcr_nohost_nf.a(_cr_assert.o) (fputs)
c:/nxp/mcuxpressoide_11.3.0_5222/ide/plugins/com.nxp.mcuxpresso.tools.win32_11.3.0.202008311133/tools/bin/../lib/gcc/arm-none-eabi/9.3.1/../../../../arm-none-eabi/lib/thumb/v6-m/nofp\libcr_c.a(fseek.o)
                              c:/nxp/mcuxpressoide_11.3.0_5222/ide/plugins/com.nxp.mcuxpresso.tools.win32_11.3.0.202008311133/tools/bin/../lib/gcc/arm-none-eabi/9.3.1/../../../../arm-none-eabi/lib/thumb/v6-m/nofp\libcr_c.a(_deferredlazyseek.o) (fseek)
[...]
Memory Configuration

Name             Origin             Length             Attributes
PROGRAM_FLASH    0x00000000         0x00040000         xr
FLEX_NVM         0x10000000         0x00040000         xr
SRAM             0x20000008         0x0000bff8         xrw
SRAM1            0x1fffc400         0x00003c00         xrw
FLEX_RAM         0x14000000         0x00002000         xrw
WARMBOOT_STACK   0x1fffc000         0x00000400         xrw
WARMBOOT_CONFIG  0x20000000         0x00000008         xrw
*default*        0x00000000         0xffffffff

Linker script and memory map

LOAD ./utilities/fsl_debug_console.o
LOAD ./startup/startup_mkw36z4.o
LOAD ./source/tool/tool.o
LOAD ./source/TML/tml.o
LOAD ./source/freertos_i2c.o
LOAD ./source/mtb.o
LOAD ./source/ndef_helper.o
LOAD ./source/nfc_task.o
LOAD ./source/semihost_hardfault.o
LOAD ./freertos/croutine.o
LOAD ./freertos/event_groups.o
LOAD ./freertos/fsl_tickless_lptmr.o
LOAD ./freertos/fsl_tickless_systick.o
LOAD ./freertos/heap_4.o
LOAD ./freertos/list.o
LOAD ./freertos/port.o
LOAD ./freertos/queue.o
LOAD ./freertos/tasks.o
LOAD ./freertos/timers.o
LOAD ./drivers/fsl_clock.o
LOAD ./drivers/fsl_common.o
LOAD ./drivers/fsl_flash.o
LOAD ./drivers/fsl_gpio.o
LOAD ./drivers/fsl_i2c.o
LOAD ./drivers/fsl_i2c_freertos.o
LOAD ./drivers/fsl_lptmr.o
LOAD ./drivers/fsl_lpuart.o
LOAD ./drivers/fsl_lpuart_freertos.o
LOAD ./drivers/fsl_smc.o
LOAD ./board/board.o
LOAD ./board/clock_config.o
LOAD ./board/pin_mux.o
LOAD ./NfcLibrary/NxpNci/src/NxpNci.o
LOAD ./NfcLibrary/NdefLibrary/src/P2P_NDEF.o
LOAD ./NfcLibrary/NdefLibrary/src/RW_NDEF.o
LOAD ./NfcLibrary/NdefLibrary/src/RW_NDEF_MIFARE.o
LOAD ./NfcLibrary/NdefLibrary/src/RW_NDEF_T1T.o
LOAD ./NfcLibrary/NdefLibrary/src/RW_NDEF_T2T.o
LOAD ./NfcLibrary/NdefLibrary/src/RW_NDEF_T3T.o
LOAD ./NfcLibrary/NdefLibrary/src/RW_NDEF_T4T.o
LOAD ./NfcLibrary/NdefLibrary/src/RW_NDEF_T5T.o
LOAD ./NfcLibrary/NdefLibrary/src/T4T_NDEF_emu.o
LOAD ./CMSIS/system_MKW36Z4.o
START GROUP
LOAD c:/nxp/mcuxpressoide_11.3.0_5222/ide/plugins/com.nxp.mcuxpresso.tools.win32_11.3.0.202008311133/tools/bin/../lib/gcc/arm-none-eabi/9.3.1/../../../../arm-none-eabi/lib/thumb/v6-m/nofp\libcr_nohost_nf.a
LOAD c:/nxp/mcuxpressoide_11.3.0_5222/ide/plugins/com.nxp.mcuxpresso.tools.win32_11.3.0.202008311133/tools/bin/../lib/gcc/arm-none-eabi/9.3.1/../../../../arm-none-eabi/lib/thumb/v6-m/nofp\libcr_c.a
LOAD c:/nxp/mcuxpressoide_11.3.0_5222/ide/plugins/com.nxp.mcuxpresso.tools.win32_11.3.0.202008311133/tools/bin/../lib/gcc/arm-none-eabi/9.3.1/thumb/v6-m/nofp\libcr_eabihelpers.a
LOAD c:/nxp/mcuxpressoide_11.3.0_5222/ide/plugins/com.nxp.mcuxpresso.tools.win32_11.3.0.202008311133/tools/bin/../lib/gcc/arm-none-eabi/9.3.1/thumb/v6-m/nofp\libgcc.a
END GROUP
                0x00000000                __base_PROGRAM_FLASH = 0x0
                0x00000000                __base_Flash = 0x0
                0x00040000                __top_PROGRAM_FLASH = 0x40000
                0x00040000                __top_Flash = 0x40000
                0x10000000                __base_FLEX_NVM = 0x10000000
                0x10000000                __base_Flash2 = 0x10000000
                0x10040000                __top_FLEX_NVM = 0x10040000
                0x10040000                __top_Flash2 = 0x10040000
                0x20000008                __base_SRAM = 0x20000008
                0x20000008                __base_RAM = 0x20000008
                0x2000c000                __top_SRAM = 0x2000c000
                0x2000c000                __top_RAM = 0x2000c000
                0x1fffc400                __base_SRAM1 = 0x1fffc400
                0x1fffc400                __base_RAM2 = 0x1fffc400
                0x20000000                __top_SRAM1 = 0x20000000
                0x20000000                __top_RAM2 = 0x20000000
                0x14000000                __base_FLEX_RAM = 0x14000000
                0x14000000                __base_RAM3 = 0x14000000
                0x14002000                __top_FLEX_RAM = 0x14002000
                0x14002000                __top_RAM3 = 0x14002000
                0x1fffc000                __base_WARMBOOT_STACK = 0x1fffc000
                0x1fffc000                __base_RAM4 = 0x1fffc000
                0x1fffc400                __top_WARMBOOT_STACK = 0x1fffc400
                0x1fffc400                __top_RAM4 = 0x1fffc400
                0x20000000                __base_WARMBOOT_CONFIG = 0x20000000
                0x20000000                __base_RAM5 = 0x20000000
                0x20000008                __top_WARMBOOT_CONFIG = 0x20000008
                0x20000008                __top_RAM5 = 0x20000008

.text_Flash2    0x10000000        0x0
 FILL mask 0xff
 *(SORT_BY_ALIGNMENT(.text_Flash2))
 *(SORT_BY_ALIGNMENT(.text_FLEX_NVM))
 *(SORT_BY_ALIGNMENT(.text.$Flash2))
 *(SORT_BY_ALIGNMENT(.text.$FLEX_NVM))
 *(SORT_BY_ALIGNMENT(.text_Flash2.*))
 *(SORT_BY_ALIGNMENT(.text_FLEX_NVM.*))
 *(SORT_BY_ALIGNMENT(.text.$Flash2.*))
 *(SORT_BY_ALIGNMENT(.text.$FLEX_NVM.*))
 *(SORT_BY_ALIGNMENT(.rodata.$Flash2))
 *(SORT_BY_ALIGNMENT(.rodata.$FLEX_NVM))
 *(SORT_BY_ALIGNMENT(.rodata.$Flash2.*))
 *(SORT_BY_ALIGNMENT(.rodata.$FLEX_NVM.*))

.text           0x00000000     0xd3e8
 FILL mask 0xff
                0x00000000                __vectors_start__ = ABSOLUTE (.)
 *(SORT_BY_ALIGNMENT(.isr_vector))
 .isr_vector    0x00000000       0xc0 ./startup/startup_mkw36z4.o
                0x00000000                g_pfnVectors
                0x00000000                __Vectors
                0x000000c0                . = ALIGN (0x4)
                0x000000c0                __section_table_start = .
                0x000000c0                __data_section_table = .
                0x000000c0        0x4 LONG 0xd3e8 LOADADDR (.data)
                0x000000c4        0x4 LONG 0x20000100 ADDR (.data)
                0x000000c8        0x4 LONG 0x160 SIZEOF (.data)
                0x000000cc        0x4 LONG 0xd3e8 LOADADDR (.data_RAM2)
                0x000000d0        0x4 LONG 0x1fffc400 ADDR (.data_RAM2)
                0x000000d4        0x4 LONG 0x0 SIZEOF (.data_RAM2)
                0x000000d8        0x4 LONG 0xd3e8 LOADADDR (.data_RAM3)
                0x000000dc        0x4 LONG 0x14000000 ADDR (.data_RAM3)
                0x000000e0        0x4 LONG 0x0 SIZEOF (.data_RAM3)
                0x000000e4        0x4 LONG 0xd3e8 LOADADDR (.data_RAM4)
                0x000000e8        0x4 LONG 0x1fffc000 ADDR (.data_RAM4)
                0x000000ec        0x4 LONG 0x0 SIZEOF (.data_RAM4)
                0x000000f0        0x4 LONG 0xd3e8 LOADADDR (.data_RAM5)
                0x000000f4        0x4 LONG 0x20000000 ADDR (.data_RAM5)
                0x000000f8        0x4 LONG 0x0 SIZEOF (.data_RAM5)
                0x000000fc                __data_section_table_end = .
                0x000000fc                __bss_section_table = .
                0x000000fc        0x4 LONG 0x20000260 ADDR (.bss)
                0x00000100        0x4 LONG 0x2ef0 SIZEOF (.bss)
                0x00000104        0x4 LONG 0x1fffc400 ADDR (.bss_RAM2)
                0x00000108        0x4 LONG 0x0 SIZEOF (.bss_RAM2)
                0x0000010c        0x4 LONG 0x14000000 ADDR (.bss_RAM3)
                0x00000110        0x4 LONG 0x0 SIZEOF (.bss_RAM3)
                0x00000114        0x4 LONG 0x1fffc000 ADDR (.bss_RAM4)
                0x00000118        0x4 LONG 0x0 SIZEOF (.bss_RAM4)
                0x0000011c        0x4 LONG 0x20000000 ADDR (.bss_RAM5)
                0x00000120        0x4 LONG 0x0 SIZEOF (.bss_RAM5)
                0x00000124                __bss_section_table_end = .
                0x00000124                __section_table_end = .
 *(SORT_BY_ALIGNMENT(.after_vectors*))
 .after_vectors.reset
                0x00000124       0x4c ./startup/startup_mkw36z4.o
                0x00000124                ResetISR
 .after_vectors.init_data
                0x00000170       0x12 ./startup/startup_mkw36z4.o
                0x00000170                data_init
 .after_vectors.init_bss
                0x00000182       0x10 ./startup/startup_mkw36z4.o
                0x00000182                bss_init
 .after_vectors
                0x00000192      0x10c ./startup/startup_mkw36z4.o
                0x0000019c                Radio_1_DriverIRQHandler
                0x0000019c                PIT_DriverIRQHandler
                0x0000019c                FTFE_DriverIRQHandler
                0x0000019c                DMA0_DriverIRQHandler
                0x0000019c                SPI1_DriverIRQHandler
                0x0000019c                LPTMR0_DriverIRQHandler
                0x0000019c                PORTB_PORTC_DriverIRQHandler
                0x0000019c                DMA2_DriverIRQHandler
                0x0000019c                TRNG0_DriverIRQHandler
                0x0000019c                CAN0_DriverIRQHandler
                0x0000019c                TPM2_DriverIRQHandler
                0x0000019c                CMP0_DriverIRQHandler
                0x0000019c                Radio_0_DriverIRQHandler
                0x0000019c                ADC0_DriverIRQHandler
                0x0000019c                RTC_Seconds_DriverIRQHandler
                0x0000019c                LLWU_DriverIRQHandler
                0x0000019c                MCG_DriverIRQHandler
                0x0000019c                SPI0_DriverIRQHandler
                0x0000019c                LTC0_DriverIRQHandler
                0x0000019c                DMA3_DriverIRQHandler
                0x0000019c                IntDefaultHandler
                0x0000019c                DMA1_DriverIRQHandler
                0x0000019c                TPM0_DriverIRQHandler
                0x0000019c                RTC_DriverIRQHandler
                0x0000019c                LVD_LVW_DCDC_DriverIRQHandler
                0x0000019c                TPM1_DriverIRQHandler
                0x0000019c                Reserved20_DriverIRQHandler
                0x0000019c                PORTA_DriverIRQHandler
                0x0000019c                CMT_DriverIRQHandler
                0x0000019e                DMA0_IRQHandler
                0x000001a6                DMA1_IRQHandler
                0x000001ae                DMA2_IRQHandler
                0x000001b6                DMA3_IRQHandler
                0x000001be                Reserved20_IRQHandler
                0x000001c6                FTFE_IRQHandler
                0x000001ce                LVD_LVW_DCDC_IRQHandler
                0x000001d6                LLWU_IRQHandler
                0x000001de                I2C0_IRQHandler
                0x000001e6                I2C1_IRQHandler
                0x000001ee                SPI0_IRQHandler
                0x000001f6                CAN0_IRQHandler
                0x000001fe                LPUART0_LPUART1_IRQHandler
                0x00000206                TRNG0_IRQHandler
                0x0000020e                CMT_IRQHandler
                0x00000216                ADC0_IRQHandler
                0x0000021e                CMP0_IRQHandler
                0x00000226                TPM0_IRQHandler
                0x0000022e                TPM1_IRQHandler
                0x00000236                TPM2_IRQHandler
                0x0000023e                RTC_IRQHandler
                0x00000246                RTC_Seconds_IRQHandler
                0x0000024e                PIT_IRQHandler
                0x00000256                LTC0_IRQHandler
                0x0000025e                Radio_0_IRQHandler
                0x00000266                CAN0_MB_IRQHandler
                0x0000026e                Radio_1_IRQHandler
                0x00000276                MCG_IRQHandler
                0x0000027e                LPTMR0_IRQHandler
                0x00000286                SPI1_IRQHandler
                0x00000296                PORTB_PORTC_IRQHandler
                0x00000400                . = 0x400
 *fill*         0x0000029e      0x162 ff
                0x00000400                PROVIDE (__FLASH_CONFIG_START__ = .)
 *(SORT_BY_ALIGNMENT(.FlashConfig))
 .FlashConfig   0x00000400       0x10 ./startup/startup_mkw36z4.o
                0x00000400                Flash_Config
                0x00000410                PROVIDE (__FLASH_CONFIG_END__ = .)
                0x00000001                ASSERT (! ((__FLASH_CONFIG_START__ == __FLASH_CONFIG_END__)), Linker Flash Config Support Enabled, but no .FlashConfig section provided within application)
 *(SORT_BY_ALIGNMENT(.text*))
 .text.vPortStartFirstTask
                0x00000410       0x38 ./freertos/port.o
 *fill*         0x00000448        0x8 ff
 .text.PendSV_Handler
                0x00000450       0x48 ./freertos/port.o
                0x00000450                PendSV_Handler
 .text.LPUART_EnableTx
                0x00000498       0x40 ./utilities/fsl_debug_console.o
 .text.LPUART_EnableRx
                0x000004d8       0x40 ./utilities/fsl_debug_console.o
 .text.DbgConsole_Init
                0x00000518       0x94 ./utilities/fsl_debug_console.o
                0x00000518                DbgConsole_Init
 .text.DbgConsole_Printf
                0x000005ac       0x44 ./utilities/fsl_debug_console.o
                0x000005ac                DbgConsole_Printf
 .text.DbgConsole_Putchar
                0x000005f0       0x34 ./utilities/fsl_debug_console.o
                0x000005f0                DbgConsole_Putchar
 .text.PORTA_IRQHandler
                0x00000624       0x48 ./source/TML/tml.o
                0x00000624                PORTA_IRQHandler
 .text.I2C_WRITE
                0x0000066c       0x40 ./source/TML/tml.o
 .text.I2C_READ
                0x000006ac       0x40 ./source/TML/tml.o
 .text.tml_Init
                0x000006ec       0xa8 ./source/TML/tml.o
 .text.tml_Reset
                0x00000794       0x30 ./source/TML/tml.o
 .text.tml_WaitForRx
                0x000007c4       0x3c ./source/TML/tml.o
 .text.main     0x00000800       0x54 ./source/freertos_i2c.o
                0x00000800                main
 .text.ndef_helper_WifiAuth
                0x00000854       0x60 ./source/ndef_helper.o
                0x00000854                ndef_helper_WifiAuth
 .text.ndef_helper_WifiEnc
                0x000008b4       0x58 ./source/ndef_helper.o
                0x000008b4                ndef_helper_WifiEnc
 .text.ndef_helper_UriHead
                0x0000090c       0x68 ./source/ndef_helper.o
                0x0000090c                ndef_helper_UriHead
 .text.DetectNdefRecordType
                0x00000974      0x340 ./source/ndef_helper.o
                0x00000974                DetectNdefRecordType
 .text.NdefPull_Cb
                0x00000cb4      0x574 ./source/nfc_task.o
                0x00000cb4                NdefPull_Cb
 .text.NdefPush_Cb
                0x00001228       0x24 ./source/nfc_task.o
                0x00001228                NdefPush_Cb
 .text.displayCardInfo
                0x0000124c      0x268 ./source/nfc_task.o
                0x0000124c                displayCardInfo
 .text.task_nfc_reader
                0x000014b4      0x128 ./source/nfc_task.o
                0x000014b4                task_nfc_reader
 .text.task_nfc
                0x000015dc      0x1bc ./source/nfc_task.o
                0x000015dc                task_nfc
 .text.HardFault_Handler
                0x00001798       0x30 ./source/semihost_hardfault.o
                0x00001798                HardFault_Handler
 .text.prvSetupTimerInterrupt
                0x000017c8       0x40 ./freertos/fsl_tickless_lptmr.o
                0x000017c8                prvSetupTimerInterrupt
 .text.pvPortMalloc
                0x00001808      0x14c ./freertos/heap_4.o
                0x00001808                pvPortMalloc
 .text.vPortFree
                0x00001954       0x90 ./freertos/heap_4.o
                0x00001954                vPortFree
 .text.prvHeapInit
                0x000019e4       0xc0 ./freertos/heap_4.o
 .text.prvInsertBlockIntoFreeList
                0x00001aa4       0xb0 ./freertos/heap_4.o
 .text.pxPortInitialiseStack
                0x00001b54       0x54 ./freertos/port.o
                0x00001b54                pxPortInitialiseStack
 .text.prvTaskExitError
                0x00001ba8       0x18 ./freertos/port.o
 .text.xPortStartScheduler
                0x00001bc0       0x44 ./freertos/port.o
                0x00001bc0                xPortStartScheduler
 .text.vPortYield
                0x00001c04       0x20 ./freertos/port.o
                0x00001c04                vPortYield
 .text.vPortEnterCritical
                0x00001c24       0x24 ./freertos/port.o
                0x00001c24                vPortEnterCritical
 .text.vPortExitCritical
                0x00001c48       0x30 ./freertos/port.o
                0x00001c48                vPortExitCritical
 .text.SysTick_Handler
                0x00001c78       0x34 ./freertos/port.o
                0x00001c78                SysTick_Handler
 .text.vQueueAddToRegistry
                0x00001cac       0x50 ./freertos/queue.o
                0x00001cac                vQueueAddToRegistry
 .text.vQueueUnregisterQueue
                0x00001cfc       0x54 ./freertos/queue.o
                0x00001cfc                vQueueUnregisterQueue
 .text.prvInitialiseNewTask
                0x00001d50      0x12c ./freertos/tasks.o
 .text.prvAddNewTaskToReadyList
                0x00001e7c       0xd0 ./freertos/tasks.o
 .text.vTaskStartScheduler
                0x00001f4c       0x78 ./freertos/tasks.o
                0x00001f4c                vTaskStartScheduler
 .text.vTaskSuspendAll
                0x00001fc4       0x18 ./freertos/tasks.o
                0x00001fc4                vTaskSuspendAll
 .text.xTaskResumeAll
                0x00001fdc      0x118 ./freertos/tasks.o
                0x00001fdc                xTaskResumeAll
 .text.xTaskGetTickCount
                0x000020f4       0x1c ./freertos/tasks.o
                0x000020f4                xTaskGetTickCount
 .text.xTaskIncrementTick
                0x00002110      0x14c ./freertos/tasks.o
                0x00002110                xTaskIncrementTick
 .text.vTaskSwitchContext
                0x0000225c       0xa4 ./freertos/tasks.o
                0x0000225c                vTaskSwitchContext
 .text.vTaskPlaceOnEventList
                0x00002300       0x3c ./freertos/tasks.o
                0x00002300                vTaskPlaceOnEventList
 .text.vTaskPlaceOnEventListRestricted
                0x0000233c       0x4c ./freertos/tasks.o
                0x0000233c                vTaskPlaceOnEventListRestricted
 .text.xTaskRemoveFromEventList
                0x00002388       0xb8 ./freertos/tasks.o
                0x00002388                xTaskRemoveFromEventList
 .text.vTaskSetTimeOutState
                0x00002440       0x34 ./freertos/tasks.o
                0x00002440                vTaskSetTimeOutState
 .text.xTaskCheckForTimeOut
                0x00002474       0x9c ./freertos/tasks.o
                0x00002474                xTaskCheckForTimeOut
 .text.vTaskMissedYield
                0x00002510       0x14 ./freertos/tasks.o
                0x00002510                vTaskMissedYield
 .text.prvIdleTask
                0x00002524       0x20 ./freertos/tasks.o
 .text.prvInitialiseTaskLists
                0x00002544       0x88 ./freertos/tasks.o
 .text.prvCheckTasksWaitingTermination
                0x000025cc       0x78 ./freertos/tasks.o
 .text.prvResetNextTaskUnblockTime
                0x00002644       0x48 ./freertos/tasks.o
 .text.xTaskGetSchedulerState
                0x0000268c       0x38 ./freertos/tasks.o
                0x0000268c                xTaskGetSchedulerState
 .text.vTaskPriorityInherit
                0x000026c4       0xbc ./freertos/tasks.o
                0x000026c4                vTaskPriorityInherit
 .text.xTaskPriorityDisinherit
                0x00002780       0xb8 ./freertos/tasks.o
                0x00002780                xTaskPriorityDisinherit
 .text.pvTaskIncrementMutexHeldCount
                0x00002838       0x24 ./freertos/tasks.o
                0x00002838                pvTaskIncrementMutexHeldCount
 .text.xTaskGenericNotify
                0x0000285c      0x118 ./freertos/tasks.o
                0x0000285c                xTaskGenericNotify
 .text.xTaskGenericNotifyFromISR
                0x00002974      0x154 ./freertos/tasks.o
                0x00002974                xTaskGenericNotifyFromISR
 .text.prvAddCurrentTaskToDelayedList
                0x00002ac8       0xa8 ./freertos/tasks.o
 .text.xTimerCreateTimerTask
                0x00002b70       0x54 ./freertos/timers.o
                0x00002b70                xTimerCreateTimerTask
 .text.xTimerGenericCommand
                0x00002bc4       0x94 ./freertos/timers.o
                0x00002bc4                xTimerGenericCommand
 .text.prvProcessExpiredTimer
                0x00002c58       0x70 ./freertos/timers.o
 .text.prvProcessTimerOrBlockTask
                0x00002cc8       0x8c ./freertos/timers.o
 .text.prvGetNextExpireTime
                0x00002d54       0x40 ./freertos/timers.o
 .text.prvSampleTimeNow
                0x00002d94       0x40 ./freertos/timers.o
 .text.prvInsertTimerInActiveList
                0x00002dd4       0x84 ./freertos/timers.o
 .text.prvProcessReceivedCommands
                0x00002e58      0x128 ./freertos/timers.o
 .text.prvSwitchTimerLists
                0x00002f80       0xb4 ./freertos/timers.o
 .text.prvCheckForValidListAndQueue
                0x00003034       0x74 ./freertos/timers.o
 .text.CLOCK_SetEr32kClock
                0x000030a8       0x34 ./drivers/fsl_clock.o
 .text.CLOCK_GetMcgExtClkFreq
                0x000030dc       0x70 ./drivers/fsl_clock.o
 .text.CLOCK_GetFllExtRefClkFreq
                0x0000314c       0xc0 ./drivers/fsl_clock.o
 .text.CLOCK_GetInternalRefClkSelectFreq
                0x0000320c       0x40 ./drivers/fsl_clock.o
 .text.CLOCK_GetFllRefClkFreq
                0x0000324c       0x2c ./drivers/fsl_clock.o
 .text.CLOCK_GetOscRangeFromFreq
                0x00003278       0x4c ./drivers/fsl_clock.o
 .text.CLOCK_GetEr32kClkFreq
                0x000032c4       0x5c ./drivers/fsl_clock.o
                0x000032c4                CLOCK_GetEr32kClkFreq
 .text.CLOCK_GetOsc0ErClkFreq
                0x00003320       0x28 ./drivers/fsl_clock.o
                0x00003320                CLOCK_GetOsc0ErClkFreq
 .text.CLOCK_GetFreq
                0x00003348       0xd8 ./drivers/fsl_clock.o
                0x00003348                CLOCK_GetFreq
 .text.CLOCK_SetSimConfig
                0x00003420       0x2c ./drivers/fsl_clock.o
                0x00003420                CLOCK_SetSimConfig
 .text.CLOCK_GetOutClkFreq
                0x0000344c       0x60 ./drivers/fsl_clock.o
                0x0000344c                CLOCK_GetOutClkFreq
 .text.CLOCK_GetFllFreq
                0x000034ac       0x78 ./drivers/fsl_clock.o
                0x000034ac                CLOCK_GetFllFreq
 .text.CLOCK_GetInternalRefClkFreq
                0x00003524       0x28 ./drivers/fsl_clock.o
                0x00003524                CLOCK_GetInternalRefClkFreq
 .text.CLOCK_SetExternalRefClkConfig
                0x0000354c       0x80 ./drivers/fsl_clock.o
                0x0000354c                CLOCK_SetExternalRefClkConfig
 .text.CLOCK_SetInternalRefClkConfig
                0x000035cc      0x124 ./drivers/fsl_clock.o
                0x000035cc                CLOCK_SetInternalRefClkConfig
 .text.CLOCK_InitOsc0
                0x000036f0       0x68 ./drivers/fsl_clock.o
                0x000036f0                CLOCK_InitOsc0
 .text.CLOCK_SetFeeMode
                0x00003758      0x138 ./drivers/fsl_clock.o
                0x00003758                CLOCK_SetFeeMode
 .text.GPIO_GetInstance
                0x00003890       0x4c ./drivers/fsl_gpio.o
 .text.GPIO_PinInit
                0x000038dc       0x64 ./drivers/fsl_gpio.o
                0x000038dc                GPIO_PinInit
 .text.GPIO_ClearPinsInterruptFlags
                0x00003940       0x3c ./drivers/fsl_gpio.o
                0x00003940                GPIO_ClearPinsInterruptFlags
 .text.CLOCK_EnableClock
                0x0000397c       0x34 ./drivers/fsl_i2c.o
 .text.I2C_GetInstance
                0x000039b0       0x4c ./drivers/fsl_i2c.o
                0x000039b0                I2C_GetInstance
 .text.I2C_CheckAndClearError
                0x000039fc       0x40 ./drivers/fsl_i2c.o
 .text.I2C_TransferCommonIRQHandler
                0x00003a3c       0x58 ./drivers/fsl_i2c.o
 .text.I2C_MasterInit
                0x00003a94      0x124 ./drivers/fsl_i2c.o
                0x00003a94                I2C_MasterInit
 .text.I2C_MasterGetDefaultConfig
                0x00003bb8       0x44 ./drivers/fsl_i2c.o
                0x00003bb8                I2C_MasterGetDefaultConfig
 .text.I2C_MasterSetBaudRate
                0x00003bfc       0xf0 ./drivers/fsl_i2c.o
                0x00003bfc                I2C_MasterSetBaudRate
 .text.I2C_MasterStart
                0x00003cec       0x84 ./drivers/fsl_i2c.o
                0x00003cec                I2C_MasterStart
 .text.I2C_MasterRepeatedStart
                0x00003d70       0xd0 ./drivers/fsl_i2c.o
                0x00003d70                I2C_MasterRepeatedStart
 .text.I2C_MasterWriteBlocking
                0x00003e40       0xec ./drivers/fsl_i2c.o
                0x00003e40                I2C_MasterWriteBlocking
 .text.I2C_MasterTransferBlocking
                0x00003f2c      0x248 ./drivers/fsl_i2c.o
                0x00003f2c                I2C_MasterTransferBlocking
 .text.I2C0_DriverIRQHandler
                0x00004174       0x20 ./drivers/fsl_i2c.o
                0x00004174                I2C0_DriverIRQHandler
 .text.I2C1_DriverIRQHandler
                0x00004194       0x20 ./drivers/fsl_i2c.o
                0x00004194                I2C1_DriverIRQHandler
 .text.CLOCK_EnableClock
                0x000041b4       0x34 ./drivers/fsl_lpuart.o
 .text.CLOCK_isEnabledClock
                0x000041e8       0x38 ./drivers/fsl_lpuart.o
 .text.LPUART_GetInstance
                0x00004220       0x4c ./drivers/fsl_lpuart.o
                0x00004220                LPUART_GetInstance
 .text.LPUART_Init
                0x0000426c      0x2dc ./drivers/fsl_lpuart.o
                0x0000426c                LPUART_Init
 .text.LPUART_GetDefaultConfig
                0x00004548       0x5c ./drivers/fsl_lpuart.o
                0x00004548                LPUART_GetDefaultConfig
 .text.LPUART_ClearStatusFlags
                0x000045a4       0xb0 ./drivers/fsl_lpuart.o
                0x000045a4                LPUART_ClearStatusFlags
 .text.LPUART_WriteBlocking
                0x00004654       0x50 ./drivers/fsl_lpuart.o
                0x00004654                LPUART_WriteBlocking
 .text.LPUART_ReadBlocking
                0x000046a4       0xd8 ./drivers/fsl_lpuart.o
                0x000046a4                LPUART_ReadBlocking
 .text.LPUART0_LPUART1_DriverIRQHandler
                0x0000477c       0xd0 ./drivers/fsl_lpuart.o
                0x0000477c                LPUART0_LPUART1_DriverIRQHandler
 .text.CLOCK_EnableClock
                0x0000484c       0x34 ./board/board.o
 .text.CLOCK_SetLpuart0Clock
                0x00004880       0x38 ./board/board.o
 .text.PORT_SetPinMux
                0x000048b8       0x40 ./board/board.o
 .text.BOARD_InitDebugConsole
                0x000048f8       0x30 ./board/board.o
                0x000048f8                BOARD_InitDebugConsole
 .text.BOARD_SetNMIPinMux
                0x00004928       0x34 ./board/board.o
                0x00004928                BOARD_SetNMIPinMux
 .text.CLOCK_SetSimSafeDivs
                0x0000495c       0x1c ./board/clock_config.o
 .text.CLOCK_SetXtal0Freq
                0x00004978       0x1c ./board/clock_config.o
 .text.CLOCK_CONFIG_FllStableDelay
                0x00004994       0x28 ./board/clock_config.o
 .text.BOARD_RfOscInit
                0x000049bc       0xd0 ./board/clock_config.o
                0x000049bc                BOARD_RfOscInit
 .text.BOARD_InitOsc0
                0x00004a8c       0x30 ./board/clock_config.o
                0x00004a8c                BOARD_InitOsc0
 .text.BOARD_BootClockRUN
                0x00004abc       0x58 ./board/clock_config.o
                0x00004abc                BOARD_BootClockRUN
 .text.NVIC_EnableIRQ
                0x00004b14       0x2c ./board/pin_mux.o
 .text.NVIC_SetPriority
                0x00004b40       0xdc ./board/pin_mux.o
 .text.CLOCK_EnableClock
                0x00004c1c       0x34 ./board/pin_mux.o
 .text.PORT_SetPinConfig
                0x00004c50       0x38 ./board/pin_mux.o
 .text.PORT_SetPinMux
                0x00004c88       0x40 ./board/pin_mux.o
 .text.PORT_SetPinInterruptConfig
                0x00004cc8       0x40 ./board/pin_mux.o
 .text.BOARD_InitPins
                0x00004d08       0xf8 ./board/pin_mux.o
                0x00004d08                BOARD_InitPins
 .text.NxpNci_CheckDevPres
                0x00004e00       0xa4 ./NfcLibrary/NxpNci/src/NxpNci.o
 .text.NxpNci_ProcessCardMode
                0x00004ea4      0x228 ./NfcLibrary/NxpNci/src/NxpNci.o
                0x00004ea4                NxpNci_ProcessCardMode
 .text.NxpNci_ProcessP2pMode
                0x000050cc      0x328 ./NfcLibrary/NxpNci/src/NxpNci.o
                0x000050cc                NxpNci_ProcessP2pMode
 .text.NxpNci_ReadNdef
                0x000053f4      0x21c ./NfcLibrary/NxpNci/src/NxpNci.o
 .text.NxpNci_WriteNdef
                0x00005610      0x120 ./NfcLibrary/NxpNci/src/NxpNci.o
 .text.NxpNci_PresenceCheck
                0x00005730      0x488 ./NfcLibrary/NxpNci/src/NxpNci.o
 .text.NxpNci_ReaderActivateNext
                0x00005bb8      0x220 ./NfcLibrary/NxpNci/src/NxpNci.o
                0x00005bb8                NxpNci_ReaderActivateNext
 .text.NxpNci_ReaderReActivate
                0x00005dd8       0xb8 ./NfcLibrary/NxpNci/src/NxpNci.o
                0x00005dd8                NxpNci_ReaderReActivate
 .text.NxpNci_Connect
                0x00005e90      0x174 ./NfcLibrary/NxpNci/src/NxpNci.o
                0x00005e90                NxpNci_Connect
 .text.NxpNci_ConfigureSettings
                0x00006004      0x5d8 ./NfcLibrary/NxpNci/src/NxpNci.o
                0x00006004                NxpNci_ConfigureSettings
 .text.NxpNci_ConfigureMode
                0x000065dc      0x5f4 ./NfcLibrary/NxpNci/src/NxpNci.o
                0x000065dc                NxpNci_ConfigureMode
 .text.NxpNci_StartDiscovery
                0x00006bd0      0x134 ./NfcLibrary/NxpNci/src/NxpNci.o
                0x00006bd0                NxpNci_StartDiscovery
 .text.NxpNci_StopDiscovery
                0x00006d04       0x44 ./NfcLibrary/NxpNci/src/NxpNci.o
                0x00006d04                NxpNci_StopDiscovery
 .text.NxpNci_WaitForDiscoveryNotification
                0x00006d48      0x4d4 ./NfcLibrary/NxpNci/src/NxpNci.o
                0x00006d48                NxpNci_WaitForDiscoveryNotification
 .text.ParseLlcp
                0x0000721c      0x1e0 ./NfcLibrary/NdefLibrary/src/P2P_NDEF.o
 .text.P2P_NDEF_SetMessage
                0x000073fc       0x5c ./NfcLibrary/NdefLibrary/src/P2P_NDEF.o
                0x000073fc                P2P_NDEF_SetMessage
 .text.P2P_NDEF_RegisterPullCallback
                0x00007458       0x1c ./NfcLibrary/NdefLibrary/src/P2P_NDEF.o
                0x00007458                P2P_NDEF_RegisterPullCallback
 .text.P2P_NDEF_Reset
                0x00007474       0x34 ./NfcLibrary/NdefLibrary/src/P2P_NDEF.o
                0x00007474                P2P_NDEF_Reset
 .text.P2P_NDEF_Next
                0x000074a8      0x6e4 ./NfcLibrary/NdefLibrary/src/P2P_NDEF.o
                0x000074a8                P2P_NDEF_Next
 .text.RW_NDEF_SetMessage
                0x00007b8c       0x5c ./NfcLibrary/NdefLibrary/src/RW_NDEF.o
                0x00007b8c                RW_NDEF_SetMessage
 .text.RW_NDEF_RegisterPullCallback
                0x00007be8       0x1c ./NfcLibrary/NdefLibrary/src/RW_NDEF.o
                0x00007be8                RW_NDEF_RegisterPullCallback
 .text.RW_NDEF_Reset
                0x00007c04       0xd8 ./NfcLibrary/NdefLibrary/src/RW_NDEF.o
                0x00007c04                RW_NDEF_Reset
 .text.RW_NDEF_Read_Next
                0x00007cdc       0x3c ./NfcLibrary/NdefLibrary/src/RW_NDEF.o
                0x00007cdc                RW_NDEF_Read_Next
 .text.RW_NDEF_Write_Next
                0x00007d18       0x3c ./NfcLibrary/NdefLibrary/src/RW_NDEF.o
                0x00007d18                RW_NDEF_Write_Next
 .text.RW_NDEF_MIFARE_Reset
                0x00007d54       0x24 ./NfcLibrary/NdefLibrary/src/RW_NDEF_MIFARE.o
                0x00007d54                RW_NDEF_MIFARE_Reset
 .text.RW_NDEF_MIFARE_Read_Next
                0x00007d78      0x430 ./NfcLibrary/NdefLibrary/src/RW_NDEF_MIFARE.o
                0x00007d78                RW_NDEF_MIFARE_Read_Next
 .text.RW_NDEF_MIFARE_Write_Next
                0x000081a8      0x354 ./NfcLibrary/NdefLibrary/src/RW_NDEF_MIFARE.o
                0x000081a8                RW_NDEF_MIFARE_Write_Next
 .text.RW_NDEF_T1T_Reset
                0x000084fc       0x24 ./NfcLibrary/NdefLibrary/src/RW_NDEF_T1T.o
                0x000084fc                RW_NDEF_T1T_Reset
 .text.RW_NDEF_T1T_Read_Next
                0x00008520      0x31c ./NfcLibrary/NdefLibrary/src/RW_NDEF_T1T.o
                0x00008520                RW_NDEF_T1T_Read_Next
 .text.RW_NDEF_T2T_Reset
                0x0000883c       0x24 ./NfcLibrary/NdefLibrary/src/RW_NDEF_T2T.o
                0x0000883c                RW_NDEF_T2T_Reset
 .text.RW_NDEF_T2T_Read_Next
                0x00008860      0x304 ./NfcLibrary/NdefLibrary/src/RW_NDEF_T2T.o
                0x00008860                RW_NDEF_T2T_Read_Next
 .text.RW_NDEF_T2T_Write_Next
                0x00008b64      0x1c0 ./NfcLibrary/NdefLibrary/src/RW_NDEF_T2T.o
                0x00008b64                RW_NDEF_T2T_Write_Next
 .text.RW_NDEF_T3T_Reset
                0x00008d24       0x24 ./NfcLibrary/NdefLibrary/src/RW_NDEF_T3T.o
                0x00008d24                RW_NDEF_T3T_Reset
 .text.RW_NDEF_T3T_SetIDm
                0x00008d48       0x30 ./NfcLibrary/NdefLibrary/src/RW_NDEF_T3T.o
                0x00008d48                RW_NDEF_T3T_SetIDm
 .text.RW_NDEF_T3T_Read_Next
                0x00008d78      0x1f0 ./NfcLibrary/NdefLibrary/src/RW_NDEF_T3T.o
                0x00008d78                RW_NDEF_T3T_Read_Next
 .text.RW_NDEF_T4T_Reset
                0x00008f68       0x24 ./NfcLibrary/NdefLibrary/src/RW_NDEF_T4T.o
                0x00008f68                RW_NDEF_T4T_Reset
 .text.RW_NDEF_T4T_Read_Next
                0x00008f8c      0x3f4 ./NfcLibrary/NdefLibrary/src/RW_NDEF_T4T.o
                0x00008f8c                RW_NDEF_T4T_Read_Next
 .text.RW_NDEF_T4T_Write_Next
                0x00009380      0x414 ./NfcLibrary/NdefLibrary/src/RW_NDEF_T4T.o
                0x00009380                RW_NDEF_T4T_Write_Next
 .text.T5T_prepare_read_block
                0x00009794       0x74 ./NfcLibrary/NdefLibrary/src/RW_NDEF_T5T.o
 .text.T5T_prepare_write_block
                0x00009808       0x94 ./NfcLibrary/NdefLibrary/src/RW_NDEF_T5T.o
 .text.RW_NDEF_T5T_Reset
                0x0000989c       0x24 ./NfcLibrary/NdefLibrary/src/RW_NDEF_T5T.o
                0x0000989c                RW_NDEF_T5T_Reset
 .text.RW_NDEF_T5T_Read_Next
                0x000098c0      0x260 ./NfcLibrary/NdefLibrary/src/RW_NDEF_T5T.o
                0x000098c0                RW_NDEF_T5T_Read_Next
 .text.RW_NDEF_T5T_Write_Next
                0x00009b20      0x190 ./NfcLibrary/NdefLibrary/src/RW_NDEF_T5T.o
                0x00009b20                RW_NDEF_T5T_Write_Next
 .text.T4T_NDEF_EMU_FillRsp
                0x00009cb0       0xe0 ./NfcLibrary/NdefLibrary/src/T4T_NDEF_emu.o
 .text.T4T_NDEF_EMU_SetMessage
                0x00009d90       0x3c ./NfcLibrary/NdefLibrary/src/T4T_NDEF_emu.o
                0x00009d90                T4T_NDEF_EMU_SetMessage
 .text.T4T_NDEF_EMU_Reset
                0x00009dcc       0x14 ./NfcLibrary/NdefLibrary/src/T4T_NDEF_emu.o
                0x00009dcc                T4T_NDEF_EMU_Reset
 .text.T4T_NDEF_EMU_Next
                0x00009de0      0x294 ./NfcLibrary/NdefLibrary/src/T4T_NDEF_emu.o
                0x00009de0                T4T_NDEF_EMU_Next
 .text.SystemInit
                0x0000a074       0x1c ./CMSIS/system_MKW36Z4.o
                0x0000a074                SystemInit
 .text.__assertion_failed
                0x0000a090       0x4c c:/nxp/mcuxpressoide_11.3.0_5222/ide/plugins/com.nxp.mcuxpresso.tools.win32_11.3.0.202008311133/tools/bin/../lib/gcc/arm-none-eabi/9.3.1/../../../../arm-none-eabi/lib/thumb/v6-m/nofp\libcr_nohost_nf.a(_cr_assert.o)
                0x0000a090                __assertion_failed
 .text._deferredlazyseek
                0x0000a0dc       0x40 c:/nxp/mcuxpressoide_11.3.0_5222/ide/plugins/com.nxp.mcuxpresso.tools.win32_11.3.0.202008311133/tools/bin/../lib/gcc/arm-none-eabi/9.3.1/../../../../arm-none-eabi/lib/thumb/v6-m/nofp\libcr_c.a(_deferredlazyseek.o)
                0x0000a0dc                _deferredlazyseek
 .text.__flsbuf
                0x0000a11c      0x150 c:/nxp/mcuxpressoide_11.3.0_5222/ide/plugins/com.nxp.mcuxpresso.tools.win32_11.3.0.202008311133/tools/bin/../lib/gcc/arm-none-eabi/9.3.1/../../../../arm-none-eabi/lib/thumb/v6-m/nofp\libcr_c.a(_deferredlazyseek.o)
                0x0000a11c                __flsbuf
 .text._fflush  0x0000a26c       0x60 c:/nxp/mcuxpressoide_11.3.0_5222/ide/plugins/com.nxp.mcuxpresso.tools.win32_11.3.0.202008311133/tools/bin/../lib/gcc/arm-none-eabi/9.3.1/../../../../arm-none-eabi/lib/thumb/v6-m/nofp\libcr_c.a(_fflush.o)
                0x0000a26c                _fflush
 .text._Cwritebuf
                0x0000a2cc       0x68 c:/nxp/mcuxpressoide_11.3.0_5222/ide/plugins/com.nxp.mcuxpresso.tools.win32_11.3.0.202008311133/tools/bin/../lib/gcc/arm-none-eabi/9.3.1/../../../../arm-none-eabi/lib/thumb/v6-m/nofp\libcr_c.a(_writebuf.o)
                0x0000a2cc                _Cwritebuf
 .text.malloc   0x0000a334       0xd0 c:/nxp/mcuxpressoide_11.3.0_5222/ide/plugins/com.nxp.mcuxpresso.tools.win32_11.3.0.202008311133/tools/bin/../lib/gcc/arm-none-eabi/9.3.1/../../../../arm-none-eabi/lib/thumb/v6-m/nofp\libcr_c.a(alloc.o)
                0x0000a334                malloc
 .text._Csys_alloc
                0x0000a404       0x20 c:/nxp/mcuxpressoide_11.3.0_5222/ide/plugins/com.nxp.mcuxpresso.tools.win32_11.3.0.202008311133/tools/bin/../lib/gcc/arm-none-eabi/9.3.1/../../../../arm-none-eabi/lib/thumb/v6-m/nofp\libcr_c.a(alloc.o)
                0x0000a404                _Csys_alloc
 .text.fseek    0x0000a424       0xf4 c:/nxp/mcuxpressoide_11.3.0_5222/ide/plugins/com.nxp.mcuxpresso.tools.win32_11.3.0.202008311133/tools/bin/../lib/gcc/arm-none-eabi/9.3.1/../../../../arm-none-eabi/lib/thumb/v6-m/nofp\libcr_c.a(fseek.o)
                0x0000a424                fseek
 .text.ftell    0x0000a518       0x48 c:/nxp/mcuxpressoide_11.3.0_5222/ide/plugins/com.nxp.mcuxpresso.tools.win32_11.3.0.202008311133/tools/bin/../lib/gcc/arm-none-eabi/9.3.1/../../../../arm-none-eabi/lib/thumb/v6-m/nofp\libcr_c.a(ftell.o)
                0x0000a518                ftell
 .text._initio  0x0000a560       0x7c c:/nxp/mcuxpressoide_11.3.0_5222/ide/plugins/com.nxp.mcuxpresso.tools.win32_11.3.0.202008311133/tools/bin/../lib/gcc/arm-none-eabi/9.3.1/../../../../arm-none-eabi/lib/thumb/v6-m/nofp\libcr_c.a(initio.o)
                0x0000a560                _initio
 .text.setvbuf  0x0000a5dc       0x4c c:/nxp/mcuxpressoide_11.3.0_5222/ide/plugins/com.nxp.mcuxpresso.tools.win32_11.3.0.202008311133/tools/bin/../lib/gcc/arm-none-eabi/9.3.1/../../../../arm-none-eabi/lib/thumb/v6-m/nofp\libcr_c.a(setvbuf.o)
                0x0000a5dc                setvbuf
 .text.strlen   0x0000a628       0x58 c:/nxp/mcuxpressoide_11.3.0_5222/ide/plugins/com.nxp.mcuxpresso.tools.win32_11.3.0.202008311133/tools/bin/../lib/gcc/arm-none-eabi/9.3.1/../../../../arm-none-eabi/lib/thumb/v6-m/nofp\libcr_c.a(strlen.o)
                0x0000a628                strlen
 .text._sbrk    0x0000a680       0x44 c:/nxp/mcuxpressoide_11.3.0_5222/ide/plugins/com.nxp.mcuxpresso.tools.win32_11.3.0.202008311133/tools/bin/../lib/gcc/arm-none-eabi/9.3.1/../../../../arm-none-eabi/lib/thumb/v6-m/nofp\libcr_c.a(_cr_sbrk.o)
                0x0000a680                _sbrk
 .text._fdopen  0x0000a6c4       0x74 c:/nxp/mcuxpressoide_11.3.0_5222/ide/plugins/com.nxp.mcuxpresso.tools.win32_11.3.0.202008311133/tools/bin/../lib/gcc/arm-none-eabi/9.3.1/../../../../arm-none-eabi/lib/thumb/v6-m/nofp\libcr_c.a(_fdopen.o)
                0x0000a6c4                _fdopen
 .text.fclose   0x0000a738       0x5c c:/nxp/mcuxpressoide_11.3.0_5222/ide/plugins/com.nxp.mcuxpresso.tools.win32_11.3.0.202008311133/tools/bin/../lib/gcc/arm-none-eabi/9.3.1/../../../../arm-none-eabi/lib/thumb/v6-m/nofp\libcr_c.a(fclose.o)
                0x0000a738                fclose
 .text.fflush   0x0000a794       0x44 c:/nxp/mcuxpressoide_11.3.0_5222/ide/plugins/com.nxp.mcuxpresso.tools.win32_11.3.0.202008311133/tools/bin/../lib/gcc/arm-none-eabi/9.3.1/../../../../arm-none-eabi/lib/thumb/v6-m/nofp\libcr_c.a(fflush.o)
                0x0000a794                fflush
 .text.__check_heap_overflow
                0x0000a7d8       0x14 c:/nxp/mcuxpressoide_11.3.0_5222/ide/plugins/com.nxp.mcuxpresso.tools.win32_11.3.0.202008311133/tools/bin/../lib/gcc/arm-none-eabi/9.3.1/../../../../arm-none-eabi/lib/thumb/v6-m/nofp\libcr_c.a(_cr_check_heap.o)
                0x0000a7d8                __check_heap_overflow
 .text._do_fflush
                0x0000a7ec       0x48 c:/nxp/mcuxpressoide_11.3.0_5222/ide/plugins/com.nxp.mcuxpresso.tools.win32_11.3.0.202008311133/tools/bin/../lib/gcc/arm-none-eabi/9.3.1/../../../../arm-none-eabi/lib/thumb/v6-m/nofp\libcr_c.a(_do_fflush.o)
                0x0000a7ec                _do_fflush
 .text.DbgConsole_PrintfPaddingCharacter
                0x0000a834       0x48 ./utilities/fsl_debug_console.o
 .text.DbgConsole_ConvertRadixNumToString
                0x0000a87c      0x114 ./utilities/fsl_debug_console.o
 .text.DbgConsole_PrintfFormattedData
                0x0000a990      0x33a ./utilities/fsl_debug_console.o
 .text.Sleep    0x0000acca       0x36 ./source/tool/tool.o
                0x0000acca                Sleep
 .text.GPIO_SetPinsOutput
                0x0000ad00       0x18 ./source/TML/tml.o
 .text.GPIO_ClearPinsOutput
                0x0000ad18       0x18 ./source/TML/tml.o
 .text.GPIO_ReadPinInput
                0x0000ad30       0x20 ./source/TML/tml.o
 .text.tml_Tx   0x0000ad50       0x46 ./source/TML/tml.o
 .text.tml_Rx   0x0000ad96       0x82 ./source/TML/tml.o
 .text.tml_Connect
                0x0000ae18       0x12 ./source/TML/tml.o
                0x0000ae18                tml_Connect
 .text.tml_Send
                0x0000ae2a       0x3e ./source/TML/tml.o
                0x0000ae2a                tml_Send
 .text.tml_Receive
                0x0000ae68       0x4c ./source/TML/tml.o
                0x0000ae68                tml_Receive
 .text.GetNextRecord
                0x0000aeb4       0xf8 ./source/ndef_helper.o
                0x0000aeb4                GetNextRecord
 .text.vListInitialise
                0x0000afac       0x3c ./freertos/list.o
                0x0000afac                vListInitialise
 .text.vListInitialiseItem
                0x0000afe8       0x16 ./freertos/list.o
                0x0000afe8                vListInitialiseItem
 .text.vListInsertEnd
                0x0000affe       0x44 ./freertos/list.o
                0x0000affe                vListInsertEnd
 .text.vListInsert
                0x0000b042       0x6c ./freertos/list.o
                0x0000b042                vListInsert
 .text.uxListRemove
                0x0000b0ae       0x50 ./freertos/list.o
                0x0000b0ae                uxListRemove
 .text.SVC_Handler
                0x0000b0fe        0xa ./freertos/port.o
                0x0000b0fe                SVC_Handler
 .text.ulSetInterruptMaskFromISR
                0x0000b108        0xc ./freertos/port.o
                0x0000b108                ulSetInterruptMaskFromISR
 .text.vClearInterruptMaskFromISR
                0x0000b114        0x8 ./freertos/port.o
                0x0000b114                vClearInterruptMaskFromISR
 .text.xQueueGenericReset
                0x0000b11c       0xa8 ./freertos/queue.o
                0x0000b11c                xQueueGenericReset
 .text.xQueueGenericCreate
                0x0000b1c4       0x64 ./freertos/queue.o
                0x0000b1c4                xQueueGenericCreate
 .text.prvInitialiseNewQueue
                0x0000b228       0x4e ./freertos/queue.o
 .text.xQueueGenericSend
                0x0000b276      0x188 ./freertos/queue.o
                0x0000b276                xQueueGenericSend
 .text.xQueueGenericSendFromISR
                0x0000b3fe       0xe2 ./freertos/queue.o
                0x0000b3fe                xQueueGenericSendFromISR
 .text.xQueueGiveFromISR
                0x0000b4e0       0xca ./freertos/queue.o
                0x0000b4e0                xQueueGiveFromISR
 .text.xQueueGenericReceive
                0x0000b5aa      0x1c8 ./freertos/queue.o
                0x0000b5aa                xQueueGenericReceive
 .text.vQueueDelete
                0x0000b772       0x2e ./freertos/queue.o
                0x0000b772                vQueueDelete
 .text.prvCopyDataToQueue
                0x0000b7a0       0xd6 ./freertos/queue.o
 .text.prvCopyDataFromQueue
                0x0000b876       0x4c ./freertos/queue.o
 .text.prvUnlockQueue
                0x0000b8c2       0xbc ./freertos/queue.o
 .text.prvIsQueueEmpty
                0x0000b97e       0x2c ./freertos/queue.o
 .text.prvIsQueueFull
                0x0000b9aa       0x30 ./freertos/queue.o
 .text.vQueueWaitForMessageRestricted
                0x0000b9da       0x66 ./freertos/queue.o
                0x0000b9da                vQueueWaitForMessageRestricted
 .text.xTaskCreate
                0x0000ba40       0x90 ./freertos/tasks.o
                0x0000ba40                xTaskCreate
 .text.prvDeleteTCB
                0x0000bad0       0x22 ./freertos/tasks.o
 .text.prvTimerTask
                0x0000baf2       0x28 ./freertos/timers.o
 .text.CLOCK_BootToFeeMode
                0x0000bb1a       0x4e ./drivers/fsl_clock.o
                0x0000bb1a                CLOCK_BootToFeeMode
 .text.GPIO_WritePinOutput
                0x0000bb68       0x34 ./drivers/fsl_gpio.o
 .text.I2C_MasterClearStatusFlags
                0x0000bb9c       0x56 ./drivers/fsl_i2c.o
 .text.I2C_MasterStop
                0x0000bbf2       0x64 ./drivers/fsl_i2c.o
                0x0000bbf2                I2C_MasterStop
 .text.I2C_MasterGetStatusFlags
                0x0000bc56       0x4a ./drivers/fsl_i2c.o
                0x0000bc56                I2C_MasterGetStatusFlags
 .text.I2C_MasterReadBlocking
                0x0000bca0       0xea ./drivers/fsl_i2c.o
                0x0000bca0                I2C_MasterReadBlocking
 .text.LPUART_GetStatusFlags
                0x0000bd8a       0x28 ./drivers/fsl_lpuart.o
                0x0000bd8a                LPUART_GetStatusFlags
 .text.NMI_Handler
                0x0000bdb2       0x10 ./board/board.o
                0x0000bdb2                NMI_Handler
 .text.EnableIRQ
                0x0000bdc2       0x30 ./board/pin_mux.o
 .text.NxpNci_WaitForReception
                0x0000bdf2       0x46 ./NfcLibrary/NxpNci/src/NxpNci.o
 .text.NxpNci_HostTransceive
                0x0000be38       0x66 ./NfcLibrary/NxpNci/src/NxpNci.o
 .text.NxpNci_FillInterfaceInfo
                0x0000be9e      0x200 ./NfcLibrary/NxpNci/src/NxpNci.o
 .text.NxpNci_ProcessReaderMode
                0x0000c09e       0xb8 ./NfcLibrary/NxpNci/src/NxpNci.o
                0x0000c09e                NxpNci_ProcessReaderMode
 .text.FillLlcp
                0x0000c156       0x5e ./NfcLibrary/NdefLibrary/src/P2P_NDEF.o
 .text.SystemInitHook
                0x0000c1b4        0xa ./CMSIS/system_MKW36Z4.o
                0x0000c1b4                SystemInitHook
 .text.__main   0x0000c1be        0xc c:/nxp/mcuxpressoide_11.3.0_5222/ide/plugins/com.nxp.mcuxpresso.tools.win32_11.3.0.202008311133/tools/bin/../lib/gcc/arm-none-eabi/9.3.1/../../../../arm-none-eabi/lib/thumb/v6-m/nofp\libcr_nohost_nf.a(_cr__main.o)
                0x0000c1be                __main
 .text.__sys_appexit
                0x0000c1ca        0x2 c:/nxp/mcuxpressoide_11.3.0_5222/ide/plugins/com.nxp.mcuxpresso.tools.win32_11.3.0.202008311133/tools/bin/../lib/gcc/arm-none-eabi/9.3.1/../../../../arm-none-eabi/lib/thumb/v6-m/nofp\libcr_nohost_nf.a(__sys_appexit.o)
                0x0000c1ca                __sys_appexit
                0x0000c1ca                __exit
 .text.memcpy   0x0000c1cc        0x8 c:/nxp/mcuxpressoide_11.3.0_5222/ide/plugins/com.nxp.mcuxpresso.tools.win32_11.3.0.202008311133/tools/bin/../lib/gcc/arm-none-eabi/9.3.1/../../../../arm-none-eabi/lib/thumb/v6-m/nofp\libcr_c.a(memcpy.o)
                0x0000c1cc                memcpy
 .text.memset   0x0000c1d4        0x8 c:/nxp/mcuxpressoide_11.3.0_5222/ide/plugins/com.nxp.mcuxpresso.tools.win32_11.3.0.202008311133/tools/bin/../lib/gcc/arm-none-eabi/9.3.1/../../../../arm-none-eabi/lib/thumb/v6-m/nofp\libcr_c.a(memset.o)
                0x0000c1d4                memset
 .text.free     0x0000c1dc       0x2c c:/nxp/mcuxpressoide_11.3.0_5222/ide/plugins/com.nxp.mcuxpresso.tools.win32_11.3.0.202008311133/tools/bin/../lib/gcc/arm-none-eabi/9.3.1/../../../../arm-none-eabi/lib/thumb/v6-m/nofp\libcr_c.a(alloc.o)
                0x0000c1dc                free
 .text.fputs    0x0000c208       0x2e c:/nxp/mcuxpressoide_11.3.0_5222/ide/plugins/com.nxp.mcuxpresso.tools.win32_11.3.0.202008311133/tools/bin/../lib/gcc/arm-none-eabi/9.3.1/../../../../arm-none-eabi/lib/thumb/v6-m/nofp\libcr_c.a(fputs.o)
                0x0000c208                fputs
 .text.memcmp   0x0000c236       0x38 c:/nxp/mcuxpressoide_11.3.0_5222/ide/plugins/com.nxp.mcuxpresso.tools.win32_11.3.0.202008311133/tools/bin/../lib/gcc/arm-none-eabi/9.3.1/../../../../arm-none-eabi/lib/thumb/v6-m/nofp\libcr_c.a(memcmp.o)
                0x0000c236                memcmp
 .text.remove   0x0000c26e       0x12 c:/nxp/mcuxpressoide_11.3.0_5222/ide/plugins/com.nxp.mcuxpresso.tools.win32_11.3.0.202008311133/tools/bin/../lib/gcc/arm-none-eabi/9.3.1/../../../../arm-none-eabi/lib/thumb/v6-m/nofp\libcr_c.a(remove.o)
                0x0000c26e                remove
 .text.__aeabi_division_idivmod
                0x0000c280       0x78 c:/nxp/mcuxpressoide_11.3.0_5222/ide/plugins/com.nxp.mcuxpresso.tools.win32_11.3.0.202008311133/tools/bin/../lib/gcc/arm-none-eabi/9.3.1/thumb/v6-m/nofp\libcr_eabihelpers.a(division_32.o)
                0x0000c280                __aeabi_idivmod
                0x0000c280                __aeabi_idiv
                0x0000c286                __aeabi_uidivmod
                0x0000c286                __aeabi_uidiv
 .text.__aeabi_division_idiv0
                0x0000c2f8        0x2 c:/nxp/mcuxpressoide_11.3.0_5222/ide/plugins/com.nxp.mcuxpresso.tools.win32_11.3.0.202008311133/tools/bin/../lib/gcc/arm-none-eabi/9.3.1/thumb/v6-m/nofp\libcr_eabihelpers.a(division_idiv0.o)
                0x0000c2f8                __aeabi_idiv0
 .text.__aeabi_memcpy
                0x0000c2fa       0x2c c:/nxp/mcuxpressoide_11.3.0_5222/ide/plugins/com.nxp.mcuxpresso.tools.win32_11.3.0.202008311133/tools/bin/../lib/gcc/arm-none-eabi/9.3.1/thumb/v6-m/nofp\libcr_eabihelpers.a(memcpy.o)
                0x0000c2fa                __aeabi_memcpy4
                0x0000c2fa                __aeabi_memcpy8
                0x0000c2fa                __aeabi_memcpy
 .text.__aeabi_memset_lowlevel
                0x0000c326       0x2a c:/nxp/mcuxpressoide_11.3.0_5222/ide/plugins/com.nxp.mcuxpresso.tools.win32_11.3.0.202008311133/tools/bin/../lib/gcc/arm-none-eabi/9.3.1/thumb/v6-m/nofp\libcr_eabihelpers.a(memcpy.o)
                0x0000c326                __aeabi_lowlevel_memset
 .text.__sys_close
                0x0000c350        0x6 c:/nxp/mcuxpressoide_11.3.0_5222/ide/plugins/com.nxp.mcuxpresso.tools.win32_11.3.0.202008311133/tools/bin/../lib/gcc/arm-none-eabi/9.3.1/../../../../arm-none-eabi/lib/thumb/v6-m/nofp\libcr_nohost_nf.a(__sys_close.o)
                0x0000c350                __sys_close
 .text.__sys_flen
                0x0000c356        0x6 c:/nxp/mcuxpressoide_11.3.0_5222/ide/plugins/com.nxp.mcuxpresso.tools.win32_11.3.0.202008311133/tools/bin/../lib/gcc/arm-none-eabi/9.3.1/../../../../arm-none-eabi/lib/thumb/v6-m/nofp\libcr_nohost_nf.a(__sys_flen.o)
                0x0000c356                __sys_flen
 .text.__sys_istty
                0x0000c35c        0x6 c:/nxp/mcuxpressoide_11.3.0_5222/ide/plugins/com.nxp.mcuxpresso.tools.win32_11.3.0.202008311133/tools/bin/../lib/gcc/arm-none-eabi/9.3.1/../../../../arm-none-eabi/lib/thumb/v6-m/nofp\libcr_nohost_nf.a(__sys_istty.o)
                0x0000c35c                __sys_istty
 .text.__sys_remove
                0x0000c362        0x6 c:/nxp/mcuxpressoide_11.3.0_5222/ide/plugins/com.nxp.mcuxpresso.tools.win32_11.3.0.202008311133/tools/bin/../lib/gcc/arm-none-eabi/9.3.1/../../../../arm-none-eabi/lib/thumb/v6-m/nofp\libcr_nohost_nf.a(__sys_remove.o)
                0x0000c362                __sys_remove
 .text.__sys_seek
                0x0000c368        0x6 c:/nxp/mcuxpressoide_11.3.0_5222/ide/plugins/com.nxp.mcuxpresso.tools.win32_11.3.0.202008311133/tools/bin/../lib/gcc/arm-none-eabi/9.3.1/../../../../arm-none-eabi/lib/thumb/v6-m/nofp\libcr_nohost_nf.a(__sys_seek.o)
                0x0000c368                __sys_seek
 .text.__sys_tmpnam
                0x0000c36e        0x6 c:/nxp/mcuxpressoide_11.3.0_5222/ide/plugins/com.nxp.mcuxpresso.tools.win32_11.3.0.202008311133/tools/bin/../lib/gcc/arm-none-eabi/9.3.1/../../../../arm-none-eabi/lib/thumb/v6-m/nofp\libcr_nohost_nf.a(__sys_tmpnam.o)
                0x0000c36e                __sys_tmpnam
 .text.__sys_write
                0x0000c374        0x4 c:/nxp/mcuxpressoide_11.3.0_5222/ide/plugins/com.nxp.mcuxpresso.tools.win32_11.3.0.202008311133/tools/bin/../lib/gcc/arm-none-eabi/9.3.1/../../../../arm-none-eabi/lib/thumb/v6-m/nofp\libcr_nohost_nf.a(__sys_write.o)
                0x0000c374                __sys_write
 *freertos*/tasks.o(SORT_BY_ALIGNMENT(.rodata*))
 .rodata.vTaskStartScheduler.str1.4
                0x0000c378        0x5 ./freertos/tasks.o
 *fill*         0x0000c37d        0x3 ff
 .rodata.xTaskGenericNotify
                0x0000c380       0x14 ./freertos/tasks.o
 .rodata.xTaskGenericNotifyFromISR
                0x0000c394       0x14 ./freertos/tasks.o
 .rodata        0x0000c3a8       0x10 ./freertos/tasks.o
                0x0000c3a8                FreeRTOSDebugConfig
 *(SORT_BY_ALIGNMENT(.rodata) SORT_BY_ALIGNMENT(.rodata.*) SORT_BY_ALIGNMENT(.constdata) SORT_BY_ALIGNMENT(.constdata.*))
 .rodata.main.str1.4
                0x0000c3b8       0x4a ./source/freertos_i2c.o
 *fill*         0x0000c402        0x2 ff
 .rodata.ndef_helper_WifiAuth.str1.4
                0x0000c404       0x58 ./source/ndef_helper.o
 .rodata.ndef_helper_WifiAuth
                0x0000c45c       0x84 ./source/ndef_helper.o
 .rodata.ndef_helper_WifiEnc.str1.4
                0x0000c4e0       0x19 ./source/ndef_helper.o
                                 0x21 (size before relaxing)
 *fill*         0x0000c4f9        0x3 ff
 .rodata.ndef_helper_WifiEnc
                0x0000c4fc       0x44 ./source/ndef_helper.o
 .rodata.ndef_helper_UriHead.str1.4
                0x0000c540       0x4e ./source/ndef_helper.o
                                 0x52 (size before relaxing)
 *fill*         0x0000c58e        0x2 ff
 .rodata.ndef_helper_UriHead
                0x0000c590       0x1c ./source/ndef_helper.o
 .rodata.DetectNdefRecordType.str1.4
                0x0000c5ac       0xb8 ./source/ndef_helper.o
 .rodata.NdefPull_Cb.str1.4
                0x0000c664      0x2ee ./source/nfc_task.o
                                0x2f6 (size before relaxing)
 *fill*         0x0000c952        0x2 ff
 .rodata.NdefPull_Cb
                0x0000c954       0x30 ./source/nfc_task.o
 .rodata.NDEF_MESSAGE
                0x0000c984       0x10 ./source/nfc_task.o
                0x0000c984                NDEF_MESSAGE
 .rodata.NdefPush_Cb.str1.4
                0x0000c994       0x17 ./source/nfc_task.o
 *fill*         0x0000c9ab        0x1 ff
 .rodata.displayCardInfo.str1.4
                0x0000c9ac      0x13a ./source/nfc_task.o
 *fill*         0x0000cae6        0x2 ff
 .rodata.task_nfc_reader.str1.4
                0x0000cae8        0xf ./source/nfc_task.o
 *fill*         0x0000caf7        0x1 ff
 .rodata.task_nfc.str1.4
                0x0000caf8      0x185 ./source/nfc_task.o
 *fill*         0x0000cc7d        0x3 ff
 .rodata.xTimerCreateTimerTask.str1.4
                0x0000cc80        0x8 ./freertos/timers.o
 .rodata.prvProcessReceivedCommands
                0x0000cc88       0x28 ./freertos/timers.o
 .rodata.prvCheckForValidListAndQueue.str1.4
                0x0000ccb0        0x5 ./freertos/timers.o
 *fill*         0x0000ccb5        0x3 ff
 .rodata.CLOCK_GetMcgExtClkFreq.str1.4
                0x0000ccb8       0x40 ./drivers/fsl_clock.o
 .rodata.CLOCK_GetEr32kClkFreq.str1.4
                0x0000ccf8       0x20 ./drivers/fsl_clock.o
 .rodata.CLOCK_GetOsc0ErClkFreq.str1.4
                0x0000cd18       0x1f ./drivers/fsl_clock.o
 *fill*         0x0000cd37        0x1 ff
 .rodata.CLOCK_GetFreq.str1.4
                0x0000cd38       0x1f ./drivers/fsl_clock.o
 *fill*         0x0000cd57        0x1 ff
 .rodata.CLOCK_GetFreq
                0x0000cd58       0x24 ./drivers/fsl_clock.o
 .rodata.fllFactorTable.5604
                0x0000cd7c       0x10 ./drivers/fsl_clock.o
 .rodata.s_portBases
                0x0000cd8c        0xc ./drivers/fsl_gpio.o
 .rodata.s_gpioBases
                0x0000cd98        0xc ./drivers/fsl_gpio.o
 .rodata.GPIO_GetInstance.str1.4
                0x0000cda4       0x34 ./drivers/fsl_gpio.o
 .rodata.GPIO_PinInit.str1.4
                0x0000cdd8       0x18 ./drivers/fsl_gpio.o
 .rodata.s_i2cDividerTable
                0x0000cdf0       0x80 ./drivers/fsl_i2c.o
 .rodata.s_i2cBases
                0x0000ce70        0x8 ./drivers/fsl_i2c.o
 .rodata.s_i2cClocks
                0x0000ce78        0x8 ./drivers/fsl_i2c.o
 .rodata.I2C_GetInstance.str1.4
                0x0000ce80       0x33 ./drivers/fsl_i2c.o
 *fill*         0x0000ceb3        0x1 ff
 .rodata.I2C_MasterInit.str1.4
                0x0000ceb4       0x2d ./drivers/fsl_i2c.o
 *fill*         0x0000cee1        0x3 ff
 .rodata.I2C_MasterGetDefaultConfig.str1.4
                0x0000cee4       0x1e ./drivers/fsl_i2c.o
 *fill*         0x0000cf02        0x2 ff
 .rodata.I2C_MasterTransferBlocking.str1.4
                0x0000cf04       0x16 ./drivers/fsl_i2c.o
 *fill*         0x0000cf1a        0x2 ff
 .rodata.s_lpuartBases
                0x0000cf1c        0x8 ./drivers/fsl_lpuart.o
 .rodata.s_lpuartClock
                0x0000cf24        0x8 ./drivers/fsl_lpuart.o
 .rodata.LPUART_GetInstance.str1.4
                0x0000cf2c       0x39 ./drivers/fsl_lpuart.o
 *fill*         0x0000cf65        0x3 ff
 .rodata.LPUART_Init.str1.4
                0x0000cf68       0xef ./drivers/fsl_lpuart.o
 *fill*         0x0000d057        0x1 ff
 .rodata.LPUART_GetDefaultConfig.str1.4
                0x0000d058       0x1b ./drivers/fsl_lpuart.o
 *fill*         0x0000d073        0x1 ff
 .rodata.LPUART_WriteBlocking.str1.4
                0x0000d074       0x19 ./drivers/fsl_lpuart.o
 *fill*         0x0000d08d        0x3 ff
 .rodata.LPUART_ReadBlocking.str1.4
                0x0000d090       0x19 ./drivers/fsl_lpuart.o
 *fill*         0x0000d0a9        0x3 ff
 .rodata.simConfig_BOARD_BootClockRUN
                0x0000d0ac        0x8 ./board/clock_config.o
                0x0000d0ac                simConfig_BOARD_BootClockRUN
 .rodata.PORT_SetPinConfig.str1.4
                0x0000d0b4       0x55 ./board/pin_mux.o
 *fill*         0x0000d109        0x3 ff
 .rodata        0x0000d10c       0x9d ./NfcLibrary/NxpNci/src/NxpNci.o
 *fill*         0x0000d1a9        0x3 ff
 .rodata.NxpNci_PresenceCheck.str1.4
                0x0000d1ac        0xb ./NfcLibrary/NxpNci/src/NxpNci.o
 *fill*         0x0000d1b7        0x1 ff
 .rodata.NxpNci_PresenceCheck
                0x0000d1b8       0x1c ./NfcLibrary/NxpNci/src/NxpNci.o
 .rodata.NxpNci_ReaderActivateNext.str1.4
                0x0000d1d4        0x7 ./NfcLibrary/NxpNci/src/NxpNci.o
 *fill*         0x0000d1db        0x1 ff
 .rodata.NxpNci_Connect.str1.4
                0x0000d1dc        0x3 ./NfcLibrary/NxpNci/src/NxpNci.o
 *fill*         0x0000d1df        0x1 ff
 .rodata.NxpNci_ConfigureSettings.str1.4
                0x0000d1e0        0x7 ./NfcLibrary/NxpNci/src/NxpNci.o
 *fill*         0x0000d1e7        0x1 ff
 .rodata.NxpNci_ConfigureMode.str1.4
                0x0000d1e8       0x23 ./NfcLibrary/NxpNci/src/NxpNci.o
 *fill*         0x0000d20b        0x1 ff
 .rodata.NxpNci_WaitForDiscoveryNotification.str1.4
                0x0000d20c        0x7 ./NfcLibrary/NxpNci/src/NxpNci.o
 *fill*         0x0000d213        0x1 ff
 .rodata.SNEP_PUT_SUCCESS
                0x0000d214        0x6 ./NfcLibrary/NdefLibrary/src/P2P_NDEF.o
                0x0000d214                SNEP_PUT_SUCCESS
 *fill*         0x0000d21a        0x2 ff
 .rodata.SNEP_PUT_CONTINUE
                0x0000d21c        0x6 ./NfcLibrary/NdefLibrary/src/P2P_NDEF.o
                0x0000d21c                SNEP_PUT_CONTINUE
 *fill*         0x0000d222        0x2 ff
 .rodata.LLCP_CONNECT_SNEP
                0x0000d224        0x2 ./NfcLibrary/NdefLibrary/src/P2P_NDEF.o
                0x0000d224                LLCP_CONNECT_SNEP
 *fill*         0x0000d226        0x2 ff
 .rodata.LLCP_SYMM
                0x0000d228        0x2 ./NfcLibrary/NdefLibrary/src/P2P_NDEF.o
                0x0000d228                LLCP_SYMM
 *fill*         0x0000d22a        0x2 ff
 .rodata.ParseLlcp
                0x0000d22c       0x1c ./NfcLibrary/NdefLibrary/src/P2P_NDEF.o
 .rodata.P2P_NDEF_Next.str1.4
                0x0000d248       0x10 ./NfcLibrary/NdefLibrary/src/P2P_NDEF.o
 .rodata.P2P_NDEF_Next
                0x0000d258       0x1c ./NfcLibrary/NdefLibrary/src/P2P_NDEF.o
 .rodata.RW_NDEF_Reset
                0x0000d274       0x1c ./NfcLibrary/NdefLibrary/src/RW_NDEF.o
 .rodata.RW_NDEF_MIFARE_Read_Next
                0x0000d290       0x18 ./NfcLibrary/NdefLibrary/src/RW_NDEF_MIFARE.o
 .rodata.RW_NDEF_MIFARE_Write_Next
                0x0000d2a8       0x24 ./NfcLibrary/NdefLibrary/src/RW_NDEF_MIFARE.o
 .rodata.T1T_RID
                0x0000d2cc        0x7 ./NfcLibrary/NdefLibrary/src/RW_NDEF_T1T.o
                0x0000d2cc                T1T_RID
 *fill*         0x0000d2d3        0x1 ff
 .rodata.T1T_RALL
                0x0000d2d4        0x3 ./NfcLibrary/NdefLibrary/src/RW_NDEF_T1T.o
                0x0000d2d4                T1T_RALL
 *fill*         0x0000d2d7        0x1 ff
 .rodata.T1T_READ8
                0x0000d2d8        0xa ./NfcLibrary/NdefLibrary/src/RW_NDEF_T1T.o
                0x0000d2d8                T1T_READ8
 *fill*         0x0000d2e2        0x2 ff
 .rodata.RW_NDEF_T4T_APP_Select20
                0x0000d2e4        0xd ./NfcLibrary/NdefLibrary/src/RW_NDEF_T4T.o
                0x0000d2e4                RW_NDEF_T4T_APP_Select20
 *fill*         0x0000d2f1        0x3 ff
 .rodata.RW_NDEF_T4T_APP_Select10
                0x0000d2f4        0xc ./NfcLibrary/NdefLibrary/src/RW_NDEF_T4T.o
                0x0000d2f4                RW_NDEF_T4T_APP_Select10
 .rodata.RW_NDEF_T4T_CC_Select
                0x0000d300        0x7 ./NfcLibrary/NdefLibrary/src/RW_NDEF_T4T.o
                0x0000d300                RW_NDEF_T4T_CC_Select
 *fill*         0x0000d307        0x1 ff
 .rodata.RW_NDEF_T4T_NDEF_Select
                0x0000d308        0x7 ./NfcLibrary/NdefLibrary/src/RW_NDEF_T4T.o
                0x0000d308                RW_NDEF_T4T_NDEF_Select
 *fill*         0x0000d30f        0x1 ff
 .rodata.RW_NDEF_T4T_Read
                0x0000d310        0x5 ./NfcLibrary/NdefLibrary/src/RW_NDEF_T4T.o
                0x0000d310                RW_NDEF_T4T_Read
 *fill*         0x0000d315        0x3 ff
 .rodata.RW_NDEF_T4T_Write
                0x0000d318        0x5 ./NfcLibrary/NdefLibrary/src/RW_NDEF_T4T.o
                0x0000d318                RW_NDEF_T4T_Write
 *fill*         0x0000d31d        0x3 ff
 .rodata.RW_NDEF_T4T_OK
                0x0000d320        0x2 ./NfcLibrary/NdefLibrary/src/RW_NDEF_T4T.o
                0x0000d320                RW_NDEF_T4T_OK
 *fill*         0x0000d322        0x2 ff
 .rodata.RW_NDEF_T4T_Read_Next
                0x0000d324       0x20 ./NfcLibrary/NdefLibrary/src/RW_NDEF_T4T.o
 .rodata.RW_NDEF_T4T_Write_Next
                0x0000d344       0x2c ./NfcLibrary/NdefLibrary/src/RW_NDEF_T4T.o
 .rodata.T4T_NDEF_EMU_APP_Select
                0x0000d370        0xd ./NfcLibrary/NdefLibrary/src/T4T_NDEF_emu.o
                0x0000d370                T4T_NDEF_EMU_APP_Select
 *fill*         0x0000d37d        0x3 ff
 .rodata.T4T_NDEF_EMU_CC
                0x0000d380        0xf ./NfcLibrary/NdefLibrary/src/T4T_NDEF_emu.o
                0x0000d380                T4T_NDEF_EMU_CC
 *fill*         0x0000d38f        0x1 ff
 .rodata.T4T_NDEF_EMU_CC_Select
                0x0000d390        0x7 ./NfcLibrary/NdefLibrary/src/T4T_NDEF_emu.o
                0x0000d390                T4T_NDEF_EMU_CC_Select
 *fill*         0x0000d397        0x1 ff
 .rodata.T4T_NDEF_EMU_NDEF_Select
                0x0000d398        0x7 ./NfcLibrary/NdefLibrary/src/T4T_NDEF_emu.o
                0x0000d398                T4T_NDEF_EMU_NDEF_Select
 *fill*         0x0000d39f        0x1 ff
 .rodata.T4T_NDEF_EMU_Read
                0x0000d3a0        0x2 ./NfcLibrary/NdefLibrary/src/T4T_NDEF_emu.o
                0x0000d3a0                T4T_NDEF_EMU_Read
 *fill*         0x0000d3a2        0x2 ff
 .rodata.T4T_NDEF_EMU_Write
                0x0000d3a4        0x2 ./NfcLibrary/NdefLibrary/src/T4T_NDEF_emu.o
                0x0000d3a4                T4T_NDEF_EMU_Write
 *fill*         0x0000d3a6        0x2 ff
 .rodata.T4T_NDEF_EMU_OK
                0x0000d3a8        0x2 ./NfcLibrary/NdefLibrary/src/T4T_NDEF_emu.o
                0x0000d3a8                T4T_NDEF_EMU_OK
 *fill*         0x0000d3aa        0x2 ff
 .rodata.T4T_NDEF_EMU_NOK
                0x0000d3ac        0x2 ./NfcLibrary/NdefLibrary/src/T4T_NDEF_emu.o
                0x0000d3ac                T4T_NDEF_EMU_NOK
 *fill*         0x0000d3ae        0x2 ff
 .rodata.__num_Ciob_streams
                0x0000d3b0        0x4 c:/nxp/mcuxpressoide_11.3.0_5222/ide/plugins/com.nxp.mcuxpresso.tools.win32_11.3.0.202008311133/tools/bin/../lib/gcc/arm-none-eabi/9.3.1/../../../../arm-none-eabi/lib/thumb/v6-m/nofp\libcr_nohost_nf.a(__ciob.o)
                0x0000d3b0                __num_Ciob_streams
 .rodata.__assertion_failed.str1.1
                0x0000d3b4       0x15 c:/nxp/mcuxpressoide_11.3.0_5222/ide/plugins/com.nxp.mcuxpresso.tools.win32_11.3.0.202008311133/tools/bin/../lib/gcc/arm-none-eabi/9.3.1/../../../../arm-none-eabi/lib/thumb/v6-m/nofp\libcr_nohost_nf.a(_cr_assert.o)
 .rodata._Csys_alloc.str1.1
                0x0000d3c9       0x18 c:/nxp/mcuxpressoide_11.3.0_5222/ide/plugins/com.nxp.mcuxpresso.tools.win32_11.3.0.202008311133/tools/bin/../lib/gcc/arm-none-eabi/9.3.1/../../../../arm-none-eabi/lib/thumb/v6-m/nofp\libcr_c.a(alloc.o)
 .rodata._initio.str1.1
                0x0000d3e1        0x4 c:/nxp/mcuxpressoide_11.3.0_5222/ide/plugins/com.nxp.mcuxpresso.tools.win32_11.3.0.202008311133/tools/bin/../lib/gcc/arm-none-eabi/9.3.1/../../../../arm-none-eabi/lib/thumb/v6-m/nofp\libcr_c.a(initio.o)
                0x0000d3e8                . = ALIGN (0x4)
 *fill*         0x0000d3e5        0x3 ff

.glue_7         0x0000d3e8        0x0
 .glue_7        0x0000d3e8        0x0 linker stubs

.glue_7t        0x0000d3e8        0x0
 .glue_7t       0x0000d3e8        0x0 linker stubs

.vfp11_veneer   0x0000d3e8        0x0
 .vfp11_veneer  0x0000d3e8        0x0 linker stubs

.v4_bx          0x0000d3e8        0x0
 .v4_bx         0x0000d3e8        0x0 linker stubs

.iplt           0x0000d3e8        0x0
 .iplt          0x0000d3e8        0x0 ./utilities/fsl_debug_console.o

.rel.dyn        0x0000d3e8        0x0
 .rel.iplt      0x0000d3e8        0x0 ./utilities/fsl_debug_console.o

.ARM.extab
 *(SORT_BY_ALIGNMENT(.ARM.extab*) SORT_BY_ALIGNMENT(.gnu.linkonce.armextab.*))

.ARM.exidx      0x0000d3e8        0x0
                0x0000d3e8                __exidx_start = .
 *(SORT_BY_ALIGNMENT(.ARM.exidx*) SORT_BY_ALIGNMENT(.gnu.linkonce.armexidx.*))
                0x0000d3e8                __exidx_end = .
                0x0000d3e8                _etext = .

.mtb_buffer_RAM2
 *(SORT_BY_ALIGNMENT(.mtb.$RAM2*))
 *(SORT_BY_ALIGNMENT(.mtb.$SRAM1*))

.data_RAM2      0x1fffc400        0x0 load address 0x0000d3e8
 FILL mask 0xff
                [!provide]                PROVIDE (__start_data_RAM2 = .)
                [!provide]                PROVIDE (__start_data_SRAM1 = .)
 *(SORT_BY_ALIGNMENT(.ramfunc.$RAM2))
 *(SORT_BY_ALIGNMENT(.ramfunc.$SRAM1))
 *(SORT_BY_ALIGNMENT(.data.$RAM2))
 *(SORT_BY_ALIGNMENT(.data.$SRAM1))
 *(SORT_BY_ALIGNMENT(.data.$RAM2.*))
 *(SORT_BY_ALIGNMENT(.data.$SRAM1.*))
                0x1fffc400                . = ALIGN (0x4)
                [!provide]                PROVIDE (__end_data_RAM2 = .)
                [!provide]                PROVIDE (__end_data_SRAM1 = .)

.mtb_buffer_RAM3
 *(SORT_BY_ALIGNMENT(.mtb.$RAM3*))
 *(SORT_BY_ALIGNMENT(.mtb.$FLEX_RAM*))

.data_RAM3      0x14000000        0x0 load address 0x0000d3e8
 FILL mask 0xff
                [!provide]                PROVIDE (__start_data_RAM3 = .)
                [!provide]                PROVIDE (__start_data_FLEX_RAM = .)
 *(SORT_BY_ALIGNMENT(.ramfunc.$RAM3))
 *(SORT_BY_ALIGNMENT(.ramfunc.$FLEX_RAM))
 *(SORT_BY_ALIGNMENT(.data.$RAM3))
 *(SORT_BY_ALIGNMENT(.data.$FLEX_RAM))
 *(SORT_BY_ALIGNMENT(.data.$RAM3.*))
 *(SORT_BY_ALIGNMENT(.data.$FLEX_RAM.*))
                0x14000000                . = ALIGN (0x4)
                [!provide]                PROVIDE (__end_data_RAM3 = .)
                [!provide]                PROVIDE (__end_data_FLEX_RAM = .)

.mtb_buffer_RAM4
 *(SORT_BY_ALIGNMENT(.mtb.$RAM4*))
 *(SORT_BY_ALIGNMENT(.mtb.$WARMBOOT_STACK*))

.data_RAM4      0x1fffc000        0x0 load address 0x0000d3e8
 FILL mask 0xff
                [!provide]                PROVIDE (__start_data_RAM4 = .)
                [!provide]                PROVIDE (__start_data_WARMBOOT_STACK = .)
 *(SORT_BY_ALIGNMENT(.ramfunc.$RAM4))
 *(SORT_BY_ALIGNMENT(.ramfunc.$WARMBOOT_STACK))
 *(SORT_BY_ALIGNMENT(.data.$RAM4))
 *(SORT_BY_ALIGNMENT(.data.$WARMBOOT_STACK))
 *(SORT_BY_ALIGNMENT(.data.$RAM4.*))
 *(SORT_BY_ALIGNMENT(.data.$WARMBOOT_STACK.*))
                0x1fffc000                . = ALIGN (0x4)
                [!provide]                PROVIDE (__end_data_RAM4 = .)
                [!provide]                PROVIDE (__end_data_WARMBOOT_STACK = .)

.mtb_buffer_RAM5
 *(SORT_BY_ALIGNMENT(.mtb.$RAM5*))
 *(SORT_BY_ALIGNMENT(.mtb.$WARMBOOT_CONFIG*))

.data_RAM5      0x20000000        0x0 load address 0x0000d3e8
 FILL mask 0xff
                [!provide]                PROVIDE (__start_data_RAM5 = .)
                [!provide]                PROVIDE (__start_data_WARMBOOT_CONFIG = .)
 *(SORT_BY_ALIGNMENT(.ramfunc.$RAM5))
 *(SORT_BY_ALIGNMENT(.ramfunc.$WARMBOOT_CONFIG))
 *(SORT_BY_ALIGNMENT(.data.$RAM5))
 *(SORT_BY_ALIGNMENT(.data.$WARMBOOT_CONFIG))
 *(SORT_BY_ALIGNMENT(.data.$RAM5.*))
 *(SORT_BY_ALIGNMENT(.data.$WARMBOOT_CONFIG.*))
                0x20000000                . = ALIGN (0x4)
                [!provide]                PROVIDE (__end_data_RAM5 = .)
                [!provide]                PROVIDE (__end_data_WARMBOOT_CONFIG = .)

.mtb_buffer_default
                0x20000080       0x80
 *(SORT_BY_ALIGNMENT(.mtb*))
 .mtb.$RAM1     0x20000080       0x80 ./source/mtb.o
                0x20000080                __mtb_buffer__

.uninit_RESERVED
                0x20000100        0x0
                0x20000100                _start_uninit_RESERVED = .
 *(SORT_BY_ALIGNMENT(.bss.$RESERVED*))
                0x20000100                . = ALIGN (0x4)
                0x20000100                _end_uninit_RESERVED = .

.data           0x20000100      0x160 load address 0x0000d3e8
 FILL mask 0xff
                0x20000100                _data = .
                [!provide]                PROVIDE (__start_data_RAM = .)
                [!provide]                PROVIDE (__start_data_SRAM = .)
 *(SORT_BY_ALIGNMENT(vtable))
 *(SORT_BY_ALIGNMENT(.ramfunc*))
 *(SORT_BY_ALIGNMENT(CodeQuickAccess))
 *(SORT_BY_ALIGNMENT(DataQuickAccess))
 *(SORT_BY_ALIGNMENT(RamFunction))
 *(SORT_BY_ALIGNMENT(.data*))
 .data.DiscoveryTechnologies
                0x20000100        0xa ./source/nfc_task.o
                0x20000100                DiscoveryTechnologies
 *fill*         0x2000010a        0x2 ff
 .data.mode     0x2000010c        0x4 ./source/nfc_task.o
                0x2000010c                mode
 .data.uxCriticalNesting
                0x20000110        0x4 ./freertos/port.o
 .data.s_slowIrcFreq
                0x20000114        0x4 ./drivers/fsl_clock.o
 .data.s_fastIrcFreq
                0x20000118        0x4 ./drivers/fsl_clock.o
 .data.NxpNci_SettingCurrentTS
                0x2000011c       0x20 ./NfcLibrary/NxpNci/src/NxpNci.o
                0x2000011c                NxpNci_SettingCurrentTS
 .data.NxpNci_CORE_CONF
                0x2000013c        0x8 ./NfcLibrary/NxpNci/src/NxpNci.o
                0x2000013c                NxpNci_CORE_CONF
 .data.NxpNci_CORE_STANDBY
                0x20000144        0x4 ./NfcLibrary/NxpNci/src/NxpNci.o
                0x20000144                NxpNci_CORE_STANDBY
 .data.NxpNci_CORE_CONF_EXTN
                0x20000148       0x10 ./NfcLibrary/NxpNci/src/NxpNci.o
                0x20000148                NxpNci_CORE_CONF_EXTN
 .data.NxpNci_CLK_CONF
                0x20000158        0x8 ./NfcLibrary/NxpNci/src/NxpNci.o
                0x20000158                NxpNci_CLK_CONF
 .data.NxpNci_TVDD_CONF_1stGen
                0x20000160        0x8 ./NfcLibrary/NxpNci/src/NxpNci.o
                0x20000160                NxpNci_TVDD_CONF_1stGen
 .data.NxpNci_TVDD_CONF_2ndGen
                0x20000168        0xa ./NfcLibrary/NxpNci/src/NxpNci.o
                0x20000168                NxpNci_TVDD_CONF_2ndGen
 *fill*         0x20000172        0x2 ff
 .data.NxpNci_RF_CONF_1stGen
                0x20000174       0x3b ./NfcLibrary/NxpNci/src/NxpNci.o
                0x20000174                NxpNci_RF_CONF_1stGen
 *fill*         0x200001af        0x1 ff
 .data.NxpNci_RF_CONF_2ndGen
                0x200001b0       0x97 ./NfcLibrary/NxpNci/src/NxpNci.o
                0x200001b0                NxpNci_RF_CONF_2ndGen
 *fill*         0x20000247        0x1 ff
 .data.T3T_Check
                0x20000248       0x10 ./NfcLibrary/NdefLibrary/src/RW_NDEF_T3T.o
                0x20000248                T3T_Check
 .data.SystemCoreClock
                0x20000258        0x4 ./CMSIS/system_MKW36Z4.o
                0x20000258                SystemCoreClock
 .data.P2P_SnepClient_DelayCount
                0x2000025c        0x2 ./NfcLibrary/NdefLibrary/src/P2P_NDEF.o
 .data.eP2P_SnepClient_State
                0x2000025e        0x1 ./NfcLibrary/NdefLibrary/src/P2P_NDEF.o
                0x20000260                . = ALIGN (0x4)
 *fill*         0x2000025f        0x1 ff
                0x20000260                _edata = .
                [!provide]                PROVIDE (__end_data_RAM = .)
                [!provide]                PROVIDE (__end_data_SRAM = .)

.igot.plt       0x20000260        0x0 load address 0x0000d548
 .igot.plt      0x20000260        0x0 ./utilities/fsl_debug_console.o

.bss_RAM2       0x1fffc400        0x0
                [!provide]                PROVIDE (__start_bss_RAM2 = .)
                [!provide]                PROVIDE (__start_bss_SRAM1 = .)
 *(SORT_BY_ALIGNMENT(.bss.$RAM2))
 *(SORT_BY_ALIGNMENT(.bss.$SRAM1))
 *(SORT_BY_ALIGNMENT(.bss.$RAM2.*))
 *(SORT_BY_ALIGNMENT(.bss.$SRAM1.*))
                0x1fffc400                . = ALIGN ((. != 0x0)?0x4:0x1)
                [!provide]                PROVIDE (__end_bss_RAM2 = .)
                [!provide]                PROVIDE (__end_bss_SRAM1 = .)

.bss_RAM3       0x14000000        0x0
                [!provide]                PROVIDE (__start_bss_RAM3 = .)
                [!provide]                PROVIDE (__start_bss_FLEX_RAM = .)
 *(SORT_BY_ALIGNMENT(.bss.$RAM3))
 *(SORT_BY_ALIGNMENT(.bss.$FLEX_RAM))
 *(SORT_BY_ALIGNMENT(.bss.$RAM3.*))
 *(SORT_BY_ALIGNMENT(.bss.$FLEX_RAM.*))
                0x14000000                . = ALIGN ((. != 0x0)?0x4:0x1)
                [!provide]                PROVIDE (__end_bss_RAM3 = .)
                [!provide]                PROVIDE (__end_bss_FLEX_RAM = .)

.bss_RAM4       0x1fffc000        0x0
                [!provide]                PROVIDE (__start_bss_RAM4 = .)
                [!provide]                PROVIDE (__start_bss_WARMBOOT_STACK = .)
 *(SORT_BY_ALIGNMENT(.bss.$RAM4))
 *(SORT_BY_ALIGNMENT(.bss.$WARMBOOT_STACK))
 *(SORT_BY_ALIGNMENT(.bss.$RAM4.*))
 *(SORT_BY_ALIGNMENT(.bss.$WARMBOOT_STACK.*))
                0x1fffc000                . = ALIGN ((. != 0x0)?0x4:0x1)
                [!provide]                PROVIDE (__end_bss_RAM4 = .)
                [!provide]                PROVIDE (__end_bss_WARMBOOT_STACK = .)

.bss_RAM5       0x20000000        0x0
                [!provide]                PROVIDE (__start_bss_RAM5 = .)
                [!provide]                PROVIDE (__start_bss_WARMBOOT_CONFIG = .)
 *(SORT_BY_ALIGNMENT(.bss.$RAM5))
 *(SORT_BY_ALIGNMENT(.bss.$WARMBOOT_CONFIG))
 *(SORT_BY_ALIGNMENT(.bss.$RAM5.*))
 *(SORT_BY_ALIGNMENT(.bss.$WARMBOOT_CONFIG.*))
                0x20000000                . = ALIGN ((. != 0x0)?0x4:0x1)
                [!provide]                PROVIDE (__end_bss_RAM5 = .)
                [!provide]                PROVIDE (__end_bss_WARMBOOT_CONFIG = .)

.bss            0x20000260     0x2ef0
                0x20000260                _bss = .
                [!provide]                PROVIDE (__start_bss_RAM = .)
                [!provide]                PROVIDE (__start_bss_SRAM = .)
 *(SORT_BY_ALIGNMENT(.bss*))
 .bss.s_debugConsole
                0x20000260       0x10 ./utilities/fsl_debug_console.o
 .bss.IrqSem    0x20000270        0x4 ./source/TML/tml.o
                0x20000270                IrqSem
 .bss.masterXfer
                0x20000274       0x18 ./source/TML/tml.o
                0x20000274                masterXfer
 .bss.gNdefBuffer
                0x2000028c       0x64 ./source/nfc_task.o
 .bss.ucHeap    0x200002f0     0x2800 ./freertos/heap_4.o
 .bss.xStart    0x20002af0        0x8 ./freertos/heap_4.o
 .bss.pxEnd     0x20002af8        0x4 ./freertos/heap_4.o
 .bss.xFreeBytesRemaining
                0x20002afc        0x4 ./freertos/heap_4.o
 .bss.xMinimumEverFreeBytesRemaining
                0x20002b00        0x4 ./freertos/heap_4.o
 .bss.xBlockAllocatedBit
                0x20002b04        0x4 ./freertos/heap_4.o
 .bss.xQueueRegistry
                0x20002b08       0x40 ./freertos/queue.o
                0x20002b08                xQueueRegistry
 .bss.pxCurrentTCB
                0x20002b48        0x4 ./freertos/tasks.o
                0x20002b48                pxCurrentTCB
 .bss.pxReadyTasksLists
                0x20002b4c       0x64 ./freertos/tasks.o
 .bss.xDelayedTaskList1
                0x20002bb0       0x14 ./freertos/tasks.o
 .bss.xDelayedTaskList2
                0x20002bc4       0x14 ./freertos/tasks.o
 .bss.pxDelayedTaskList
                0x20002bd8        0x4 ./freertos/tasks.o
 .bss.pxOverflowDelayedTaskList
                0x20002bdc        0x4 ./freertos/tasks.o
 .bss.xPendingReadyList
                0x20002be0       0x14 ./freertos/tasks.o
 .bss.xTasksWaitingTermination
                0x20002bf4       0x14 ./freertos/tasks.o
 .bss.uxDeletedTasksWaitingCleanUp
                0x20002c08        0x4 ./freertos/tasks.o
 .bss.xSuspendedTaskList
                0x20002c0c       0x14 ./freertos/tasks.o
 .bss.uxCurrentNumberOfTasks
                0x20002c20        0x4 ./freertos/tasks.o
 .bss.xTickCount
                0x20002c24        0x4 ./freertos/tasks.o
 .bss.uxTopReadyPriority
                0x20002c28        0x4 ./freertos/tasks.o
 .bss.xSchedulerRunning
                0x20002c2c        0x4 ./freertos/tasks.o
 .bss.uxPendedTicks
                0x20002c30        0x4 ./freertos/tasks.o
 .bss.xYieldPending
                0x20002c34        0x4 ./freertos/tasks.o
 .bss.xNumOfOverflows
                0x20002c38        0x4 ./freertos/tasks.o
 .bss.uxTaskNumber
                0x20002c3c        0x4 ./freertos/tasks.o
 .bss.xNextTaskUnblockTime
                0x20002c40        0x4 ./freertos/tasks.o
 .bss.xIdleTaskHandle
                0x20002c44        0x4 ./freertos/tasks.o
 .bss.uxSchedulerSuspended
                0x20002c48        0x4 ./freertos/tasks.o
 .bss.xActiveTimerList1
                0x20002c4c       0x14 ./freertos/timers.o
 .bss.xActiveTimerList2
                0x20002c60       0x14 ./freertos/timers.o
 .bss.pxCurrentTimerList
                0x20002c74        0x4 ./freertos/timers.o
 .bss.pxOverflowTimerList
                0x20002c78        0x4 ./freertos/timers.o
 .bss.xTimerQueue
                0x20002c7c        0x4 ./freertos/timers.o
 .bss.xTimerTaskHandle
                0x20002c80        0x4 ./freertos/timers.o
 .bss.xLastTime.4556
                0x20002c84        0x4 ./freertos/timers.o
 .bss.s_i2cHandle
                0x20002c88        0x8 ./drivers/fsl_i2c.o
 .bss.s_i2cMasterIsr
                0x20002c90        0x4 ./drivers/fsl_i2c.o
 .bss.s_i2cSlaveIsr
                0x20002c94        0x4 ./drivers/fsl_i2c.o
 .bss.s_lpuartHandle
                0x20002c98        0x8 ./drivers/fsl_lpuart.o
 .bss.s_lpuartIsr
                0x20002ca0        0x4 ./drivers/fsl_lpuart.o
 .bss.gNfcController_fw_version
                0x20002ca4        0x3 ./NfcLibrary/NxpNci/src/NxpNci.o
 *fill*         0x20002ca7        0x1 
 .bss.NCIStartDiscovery
                0x20002ca8       0x1e ./NfcLibrary/NxpNci/src/NxpNci.o
 *fill*         0x20002cc6        0x2 
 .bss.pNdefMessage
                0x20002cc8        0x4 ./NfcLibrary/NdefLibrary/src/P2P_NDEF.o
                0x20002cc8                pNdefMessage
 .bss.NdefMessage_size
                0x20002ccc        0x4 ./NfcLibrary/NdefLibrary/src/P2P_NDEF.o
                0x20002ccc                NdefMessage_size
 .bss.pP2P_NDEF_PushCb
                0x20002cd0        0x4 ./NfcLibrary/NdefLibrary/src/P2P_NDEF.o
 .bss.pP2P_NDEF_PullCb
                0x20002cd4        0x4 ./NfcLibrary/NdefLibrary/src/P2P_NDEF.o
 .bss.gP2P_NDEF_size
                0x20002cd8        0x4 ./NfcLibrary/NdefLibrary/src/P2P_NDEF.o
 .bss.gP2P_DEF_fragmentation
                0x20002cdc        0x4 ./NfcLibrary/NdefLibrary/src/P2P_NDEF.o
 .bss.gP2P_NDEF_fragmentation_header
                0x20002ce0       0x28 ./NfcLibrary/NdefLibrary/src/P2P_NDEF.o
 .bss.gP2P_NDEF_ptr
                0x20002d08        0x4 ./NfcLibrary/NdefLibrary/src/P2P_NDEF.o
 .bss.NdefBuffer
                0x20002d0c      0x1f4 ./NfcLibrary/NdefLibrary/src/RW_NDEF.o
                0x20002d0c                NdefBuffer
 .bss.pRW_NdefMessage
                0x20002f00        0x4 ./NfcLibrary/NdefLibrary/src/RW_NDEF.o
                0x20002f00                pRW_NdefMessage
 .bss.pRW_NDEF_PullCb
                0x20002f04        0x4 ./NfcLibrary/NdefLibrary/src/RW_NDEF.o
                0x20002f04                pRW_NDEF_PullCb
 .bss.pRW_NDEF_PushCb
                0x20002f08        0x4 ./NfcLibrary/NdefLibrary/src/RW_NDEF.o
                0x20002f08                pRW_NDEF_PushCb
 .bss.pReadFct  0x20002f0c        0x4 ./NfcLibrary/NdefLibrary/src/RW_NDEF.o
 .bss.pWriteFct
                0x20002f10        0x4 ./NfcLibrary/NdefLibrary/src/RW_NDEF.o
 .bss.RW_NDEF_MIFARE_Ndef
                0x20002f14        0xc ./NfcLibrary/NdefLibrary/src/RW_NDEF_MIFARE.o
 .bss.RW_NDEF_T1T_Ndef
                0x20002f20       0x10 ./NfcLibrary/NdefLibrary/src/RW_NDEF_T1T.o
 .bss.RW_NDEF_T2T_Ndef
                0x20002f30        0xc ./NfcLibrary/NdefLibrary/src/RW_NDEF_T2T.o
 .bss.RW_NDEF_T3T_Ndef
                0x20002f3c       0x14 ./NfcLibrary/NdefLibrary/src/RW_NDEF_T3T.o
 .bss.RW_NDEF_T4T_Ndef
                0x20002f50       0x14 ./NfcLibrary/NdefLibrary/src/RW_NDEF_T4T.o
 .bss.RW_NDEF_T5T_Ndef
                0x20002f64       0x10 ./NfcLibrary/NdefLibrary/src/RW_NDEF_T5T.o
 .bss.pT4T_NdefMessage
                0x20002f74        0x4 ./NfcLibrary/NdefLibrary/src/T4T_NDEF_emu.o
                0x20002f74                pT4T_NdefMessage
 .bss.T4T_NdefMessageWritten
                0x20002f78      0x100 ./NfcLibrary/NdefLibrary/src/T4T_NDEF_emu.o
                0x20002f78                T4T_NdefMessageWritten
 .bss.pT4T_NDEF_EMU_PushCb
                0x20003078        0x4 ./NfcLibrary/NdefLibrary/src/T4T_NDEF_emu.o
 .bss.__Ciob    0x2000307c       0xb4 c:/nxp/mcuxpressoide_11.3.0_5222/ide/plugins/com.nxp.mcuxpresso.tools.win32_11.3.0.202008311133/tools/bin/../lib/gcc/arm-none-eabi/9.3.1/../../../../arm-none-eabi/lib/thumb/v6-m/nofp\libcr_nohost_nf.a(__ciob.o)
                0x2000307c                __Ciob
 .bss.__end_of_heap
                0x20003130        0x4 c:/nxp/mcuxpressoide_11.3.0_5222/ide/plugins/com.nxp.mcuxpresso.tools.win32_11.3.0.202008311133/tools/bin/../lib/gcc/arm-none-eabi/9.3.1/../../../../arm-none-eabi/lib/thumb/v6-m/nofp\libcr_c.a(__init_alloc.o)
                0x20003130                __end_of_heap
 .bss.__heaps   0x20003134        0x4 c:/nxp/mcuxpressoide_11.3.0_5222/ide/plugins/com.nxp.mcuxpresso.tools.win32_11.3.0.202008311133/tools/bin/../lib/gcc/arm-none-eabi/9.3.1/../../../../arm-none-eabi/lib/thumb/v6-m/nofp\libcr_c.a(__init_alloc.o)
                0x20003134                __heaps
 .bss.errno     0x20003138        0x4 c:/nxp/mcuxpressoide_11.3.0_5222/ide/plugins/com.nxp.mcuxpresso.tools.win32_11.3.0.202008311133/tools/bin/../lib/gcc/arm-none-eabi/9.3.1/../../../../arm-none-eabi/lib/thumb/v6-m/nofp\libcr_c.a(errno.o)
                0x20003138                errno
 .bss.gPendingReception
                0x2000313c        0x2 ./source/nfc_task.o
 .bss.RW_NdefMessage_size
                0x2000313e        0x2 ./NfcLibrary/NdefLibrary/src/RW_NDEF.o
                0x2000313e                RW_NdefMessage_size
 .bss.T4T_NdefMessage_size
                0x20003140        0x2 ./NfcLibrary/NdefLibrary/src/T4T_NDEF_emu.o
                0x20003140                T4T_NdefMessage_size
 .bss.gRfSettingsRestored_flag
                0x20003142        0x1 ./NfcLibrary/NxpNci/src/NxpNci.o
 .bss.gNfcController_generation
                0x20003143        0x1 ./NfcLibrary/NxpNci/src/NxpNci.o
 .bss.gNextTag_Protocol
                0x20003144        0x1 ./NfcLibrary/NxpNci/src/NxpNci.o
 .bss.NCIStartDiscovery_length
                0x20003145        0x1 ./NfcLibrary/NxpNci/src/NxpNci.o
 .bss.gP2P_NDEF_curNR
                0x20003146        0x1 ./NfcLibrary/NdefLibrary/src/P2P_NDEF.o
 .bss.gP2P_NDEF_curNS
                0x20003147        0x1 ./NfcLibrary/NdefLibrary/src/P2P_NDEF.o
 .bss.eRW_NDEF_MIFARE_State
                0x20003148        0x1 ./NfcLibrary/NdefLibrary/src/RW_NDEF_MIFARE.o
 .bss.eRW_NDEF_T1T_State
                0x20003149        0x1 ./NfcLibrary/NdefLibrary/src/RW_NDEF_T1T.o
 .bss.eRW_NDEF_T2T_State
                0x2000314a        0x1 ./NfcLibrary/NdefLibrary/src/RW_NDEF_T2T.o
 .bss.eRW_NDEF_T3T_State
                0x2000314b        0x1 ./NfcLibrary/NdefLibrary/src/RW_NDEF_T3T.o
 .bss.eRW_NDEF_T4T_State
                0x2000314c        0x1 ./NfcLibrary/NdefLibrary/src/RW_NDEF_T4T.o
 .bss.eRW_NDEF_T5T_State
                0x2000314d        0x1 ./NfcLibrary/NdefLibrary/src/RW_NDEF_T5T.o
 .bss.eT4T_NDEF_EMU_State
                0x2000314e        0x1 ./NfcLibrary/NdefLibrary/src/T4T_NDEF_emu.o
 *(SORT_BY_ALIGNMENT(COMMON))
                0x20003150                . = ALIGN (0x4)
 *fill*         0x2000314f        0x1 
                0x20003150                _ebss = .
                [!provide]                PROVIDE (__end_bss_RAM = .)
                [!provide]                PROVIDE (__end_bss_SRAM = .)
                [!provide]                PROVIDE (end = .)

.noinit_RAM2    0x1fffc400        0x0
                [!provide]                PROVIDE (__start_noinit_RAM2 = .)
                [!provide]                PROVIDE (__start_noinit_SRAM1 = .)
 *(SORT_BY_ALIGNMENT(.noinit.$RAM2))
 *(SORT_BY_ALIGNMENT(.noinit.$SRAM1))
 *(SORT_BY_ALIGNMENT(.noinit.$RAM2.*))
 *(SORT_BY_ALIGNMENT(.noinit.$SRAM1.*))
                0x1fffc400                . = ALIGN (0x4)
                [!provide]                PROVIDE (__end_noinit_RAM2 = .)
                [!provide]                PROVIDE (__end_noinit_SRAM1 = .)

.noinit_RAM3    0x14000000        0x0
                [!provide]                PROVIDE (__start_noinit_RAM3 = .)
                [!provide]                PROVIDE (__start_noinit_FLEX_RAM = .)
 *(SORT_BY_ALIGNMENT(.noinit.$RAM3))
 *(SORT_BY_ALIGNMENT(.noinit.$FLEX_RAM))
 *(SORT_BY_ALIGNMENT(.noinit.$RAM3.*))
 *(SORT_BY_ALIGNMENT(.noinit.$FLEX_RAM.*))
                0x14000000                . = ALIGN (0x4)
                [!provide]                PROVIDE (__end_noinit_RAM3 = .)
                [!provide]                PROVIDE (__end_noinit_FLEX_RAM = .)

.noinit_RAM4    0x1fffc000        0x0
                [!provide]                PROVIDE (__start_noinit_RAM4 = .)
                [!provide]                PROVIDE (__start_noinit_WARMBOOT_STACK = .)
 *(SORT_BY_ALIGNMENT(.noinit.$RAM4))
 *(SORT_BY_ALIGNMENT(.noinit.$WARMBOOT_STACK))
 *(SORT_BY_ALIGNMENT(.noinit.$RAM4.*))
 *(SORT_BY_ALIGNMENT(.noinit.$WARMBOOT_STACK.*))
                0x1fffc000                . = ALIGN (0x4)
                [!provide]                PROVIDE (__end_noinit_RAM4 = .)
                [!provide]                PROVIDE (__end_noinit_WARMBOOT_STACK = .)

.noinit_RAM5    0x20000000        0x0
                [!provide]                PROVIDE (__start_noinit_RAM5 = .)
                [!provide]                PROVIDE (__start_noinit_WARMBOOT_CONFIG = .)
 *(SORT_BY_ALIGNMENT(.noinit.$RAM5))
 *(SORT_BY_ALIGNMENT(.noinit.$WARMBOOT_CONFIG))
 *(SORT_BY_ALIGNMENT(.noinit.$RAM5.*))
 *(SORT_BY_ALIGNMENT(.noinit.$WARMBOOT_CONFIG.*))
                0x20000000                . = ALIGN (0x4)
                [!provide]                PROVIDE (__end_noinit_RAM5 = .)
                [!provide]                PROVIDE (__end_noinit_WARMBOOT_CONFIG = .)

.noinit         0x20003150        0x8
                0x20003150                _noinit = .
                [!provide]                PROVIDE (__start_noinit_RAM = .)
                [!provide]                PROVIDE (__start_noinit_SRAM = .)
 *(SORT_BY_ALIGNMENT(NOINIT))
 NOINIT         0x20003150        0x8 ./drivers/fsl_clock.o
                0x20003150                g_xtal0Freq
                0x20003154                g_xtal32Freq
 *(SORT_BY_ALIGNMENT(.noinit*))
                0x20003158                . = ALIGN (0x4)
                0x20003158                _end_noinit = .
                [!provide]                PROVIDE (__end_noinit_RAM = .)
                [!provide]                PROVIDE (__end_noinit_SRAM = .)
                0x00000bf8                _HeapSize = 0xbf8

.heap           0x20003158      0xbf8
                0x20003158                _pvHeapStart = .
                0x20003d50                . = (. + _HeapSize)
 *fill*         0x20003158      0xbf8 
                0x20003d50                . = ALIGN (0x4)
                0x20003d50                _pvHeapLimit = .
                0x00000bf8                _StackSize = 0xbf8

.heap2stackfill
                0x20003d50      0xbf8
                0x20004948                . = (. + _StackSize)
 *fill*         0x20003d50      0xbf8 

.stack          0x2000b408        0x0
                0x2000b408                _vStackBase = .
                0x2000b408                . = ALIGN (0x4)
                0x2000c000                _vStackTop = (. + _StackSize)
                0x00000000                _image_start = LOADADDR (.text)
                0x0000d548                _image_end = (LOADADDR (.data) + SIZEOF (.data))
                0x0000d548                _image_size = (_image_end - _image_start)
OUTPUT(frdmkw36_rtos_examples_freertos_i2c.axf elf32-littlearm)
LOAD linker stubs

.debug_info     0x00000000    0x13406
 .debug_info    0x00000000      0xc87 ./utilities/fsl_debug_console.o
 .debug_info    0x00000c87      0x4cf ./startup/startup_mkw36z4.o
 .debug_info    0x00001156      0x131 ./source/tool/tool.o
 .debug_info    0x00001287      0xd7c ./source/TML/tml.o
 .debug_info    0x00002003      0x4f4 ./source/freertos_i2c.o
 .debug_info    0x000024f7       0x4f ./source/mtb.o
 .debug_info    0x00002546      0x37a ./source/ndef_helper.o
 .debug_info    0x000028c0      0x94a ./source/nfc_task.o
 .debug_info    0x0000320a       0x38 ./source/semihost_hardfault.o
 .debug_info    0x00003242       0xe8 ./freertos/fsl_tickless_lptmr.o
 .debug_info    0x0000332a      0x330 ./freertos/heap_4.o
 .debug_info    0x0000365a      0x2e7 ./freertos/list.o
 .debug_info    0x00003941      0x276 ./freertos/port.o
 .debug_info    0x00003bb7      0xef7 ./freertos/queue.o
 .debug_info    0x00004aae     0x18e2 ./freertos/tasks.o
 .debug_info    0x00006390      0xb8e ./freertos/timers.o
 .debug_info    0x00006f1e     0x1475 ./drivers/fsl_clock.o
 .debug_info    0x00008393      0x7b8 ./drivers/fsl_gpio.o
 .debug_info    0x00008b4b     0x1bad ./drivers/fsl_i2c.o
 .debug_info    0x0000a6f8     0x1644 ./drivers/fsl_lpuart.o
 .debug_info    0x0000bd3c      0x99d ./board/board.o
 .debug_info    0x0000c6d9      0xf17 ./board/clock_config.o
 .debug_info    0x0000d5f0      0xe6b ./board/pin_mux.o
 .debug_info    0x0000e45b     0x143f ./NfcLibrary/NxpNci/src/NxpNci.o
 .debug_info    0x0000f89a      0x789 ./NfcLibrary/NdefLibrary/src/P2P_NDEF.o
 .debug_info    0x00010023      0x5db ./NfcLibrary/NdefLibrary/src/RW_NDEF.o
 .debug_info    0x000105fe      0x5a2 ./NfcLibrary/NdefLibrary/src/RW_NDEF_MIFARE.o